******************************************************************************
            TI ARM Clang Linker Unix v4.0.0                    
******************************************************************************
>> Linked Fri Apr  4 14:27:09 2025

OUTPUT FILE NAME:   <default_project.out>
ENTRY POINT SYMBOL: "_c_int00_noinit_noargs"  address: 000000c1


MEMORY CONFIGURATION

         name            origin    length      used     unused   attr    fill
----------------------  --------  ---------  --------  --------  ----  --------
  FLASH                 00000000   00020000  00000100  0001ff00  R  X
  SRAM                  20200000   00008000  00000a00  00007600  RW X
  BCR_CONFIG            41c00000   00000080  00000000  00000080  R   
  BSL_CONFIG            41c00100   00000080  00000000  00000080  R   


SEGMENT ALLOCATION MAP

run origin  load origin   length   init length attrs members
----------  ----------- ---------- ----------- ----- -------
00000000    00000000    00000100   00000100    r-x
  00000000    00000000    000000c0   000000c0    r-- .intvecs
  000000c0    000000c0    00000040   00000040    r-x .text
20200000    20200000    00000800   00000000    rw-
  20200000    20200000    00000800   00000000    rw- .sysmem
20207e00    20207e00    00000200   00000000    rw-
  20207e00    20207e00    00000200   00000000    rw- .stack


SECTION ALLOCATION MAP

 output                                  attributes/
section   page    origin      length       input sections
--------  ----  ----------  ----------   ----------------
.intvecs   0    00000000    000000c0     
                  00000000    000000c0     startup_mspm0g3507_ticlang.o (.intvecs)

.text      0    000000c0    00000040     
                  000000c0    00000020     libc.a : boot_cortex_m.c.obj (.text:_c_int00_noinit_noargs)
                  000000e0    0000000a     main.o (.text.main)
                  000000ea    00000004     startup_mspm0g3507_ticlang.o (.text.Default_Handler)
                  000000ee    00000004     startup_mspm0g3507_ticlang.o (.text.HardFault_Handler)
                  000000f2    00000004     startup_mspm0g3507_ticlang.o (.text.Reset_Handler)
                  000000f6    00000004     libc.a : pre_init.c.obj (.text._system_pre_init)
                  000000fa    00000004            : exit.c.obj (.text:abort)
                  000000fe    00000002     --HOLE-- [fill = 0]

.cinit     0    00000000    00000000     

.init_array 
*          0    00000000    00000000     UNINITIALIZED

.binit     0    00000000    00000000     

.sysmem    0    20200000    00000800     UNINITIALIZED
                  20200000    00000010     libc.a : memory.c.obj (.sysmem)
                  20200010    000007f0     --HOLE--

.stack     0    20207e00    00000200     UNINITIALIZED
                  20207e00    00000004     libc.a : boot_cortex_m.c.obj (.stack)
                  20207e04    000001fc     --HOLE--

__llvm_prf_cnts 
*          0    20200000    00000000     UNINITIALIZED

__llvm_prf_bits 
*          0    20200000    00000000     UNINITIALIZED

MODULE SUMMARY

       Module                         code   ro data   rw data
       ------                         ----   -------   -------
    ./
       main.o                         10     0         0      
    +--+------------------------------+------+---------+---------+
       Total:                         10     0         0      
                                                              
    ./ticlang/
       startup_mspm0g3507_ticlang.o   12     192       0      
    +--+------------------------------+------+---------+---------+
       Total:                         12     192       0      
                                                              
    /home/sofa/ti/ccstheia151/ccs/tools/compiler/ti-cgt-armllvm_4.0.0.LTS/lib/armv6m-ti-none-eabi/c/libc.a
       boot_cortex_m.c.obj            32     0         0      
       exit.c.obj                     4      0         0      
       pre_init.c.obj                 4      0         0      
    +--+------------------------------+------+---------+---------+
       Total:                         40     0         0      
                                                              
       Heap:                          0      0         2048   
       Stack:                         0      0         512    
    +--+------------------------------+------+---------+---------+
       Grand Total:                   62     192       2560   


GLOBAL SYMBOLS: SORTED ALPHABETICALLY BY Name 

address   name                    
-------   ----                    
000000eb  ADC0_IRQHandler         
000000eb  ADC1_IRQHandler         
000000eb  AES_IRQHandler          
000000fa  C$$EXIT                 
000000eb  CANFD0_IRQHandler       
000000eb  DAC0_IRQHandler         
000000eb  DMA_IRQHandler          
000000eb  Default_Handler         
000000eb  GROUP0_IRQHandler       
000000eb  GROUP1_IRQHandler       
000000ef  HardFault_Handler       
000000eb  I2C0_IRQHandler         
000000eb  I2C1_IRQHandler         
000000eb  NMI_Handler             
000000eb  PendSV_Handler          
000000eb  RTC_IRQHandler          
000000f3  Reset_Handler           
000000eb  SPI0_IRQHandler         
000000eb  SPI1_IRQHandler         
000000eb  SVC_Handler             
000000eb  SysTick_Handler         
000000eb  TIMA0_IRQHandler        
000000eb  TIMA1_IRQHandler        
000000eb  TIMG0_IRQHandler        
000000eb  TIMG12_IRQHandler       
000000eb  TIMG6_IRQHandler        
000000eb  TIMG7_IRQHandler        
000000eb  TIMG8_IRQHandler        
000000eb  UART0_IRQHandler        
000000eb  UART1_IRQHandler        
000000eb  UART2_IRQHandler        
000000eb  UART3_IRQHandler        
20208000  __STACK_END             
00000200  __STACK_SIZE            
00000800  __SYSMEM_SIZE           
00000000  __TI_ATRegion0_region_sz
00000000  __TI_ATRegion0_src_addr 
00000000  __TI_ATRegion0_trg_addr 
00000000  __TI_ATRegion1_region_sz
00000000  __TI_ATRegion1_src_addr 
00000000  __TI_ATRegion1_trg_addr 
00000000  __TI_ATRegion2_region_sz
00000000  __TI_ATRegion2_src_addr 
00000000  __TI_ATRegion2_trg_addr 
00000000  __TI_CINIT_Base         
00000000  __TI_CINIT_Limit        
00000000  __TI_CINIT_Warm         
ffffffff  __TI_pprof_out_hndl     
ffffffff  __TI_prof_data_size     
ffffffff  __TI_prof_data_start    
00000000  __TI_static_base__      
ffffffff  __binit__               
UNDEFED   __mpu_init              
20207e00  __stack                 
20200000  __start___llvm_prf_bits 
20200000  __start___llvm_prf_cnts 
20200000  __stop___llvm_prf_bits  
20200000  __stop___llvm_prf_cnts  
000000c1  _c_int00_noinit_noargs  
20200000  _sys_memory             
000000f7  _system_pre_init        
000000fb  abort                   
ffffffff  binit                   
00000000  interruptVectors        
000000e1  main                    


GLOBAL SYMBOLS: SORTED BY Symbol Address 

address   name                    
-------   ----                    
00000000  __TI_ATRegion0_region_sz
00000000  __TI_ATRegion0_src_addr 
00000000  __TI_ATRegion0_trg_addr 
00000000  __TI_ATRegion1_region_sz
00000000  __TI_ATRegion1_src_addr 
00000000  __TI_ATRegion1_trg_addr 
00000000  __TI_ATRegion2_region_sz
00000000  __TI_ATRegion2_src_addr 
00000000  __TI_ATRegion2_trg_addr 
00000000  __TI_CINIT_Base         
00000000  __TI_CINIT_Limit        
00000000  __TI_CINIT_Warm         
00000000  __TI_static_base__      
00000000  interruptVectors        
000000c1  _c_int00_noinit_noargs  
000000e1  main                    
000000eb  ADC0_IRQHandler         
000000eb  ADC1_IRQHandler         
000000eb  AES_IRQHandler          
000000eb  CANFD0_IRQHandler       
000000eb  DAC0_IRQHandler         
000000eb  DMA_IRQHandler          
000000eb  Default_Handler         
000000eb  GROUP0_IRQHandler       
000000eb  GROUP1_IRQHandler       
000000eb  I2C0_IRQHandler         
000000eb  I2C1_IRQHandler         
000000eb  NMI_Handler             
000000eb  PendSV_Handler          
000000eb  RTC_IRQHandler          
000000eb  SPI0_IRQHandler         
000000eb  SPI1_IRQHandler         
000000eb  SVC_Handler             
000000eb  SysTick_Handler         
000000eb  TIMA0_IRQHandler        
000000eb  TIMA1_IRQHandler        
000000eb  TIMG0_IRQHandler        
000000eb  TIMG12_IRQHandler       
000000eb  TIMG6_IRQHandler        
000000eb  TIMG7_IRQHandler        
000000eb  TIMG8_IRQHandler        
000000eb  UART0_IRQHandler        
000000eb  UART1_IRQHandler        
000000eb  UART2_IRQHandler        
000000eb  UART3_IRQHandler        
000000ef  HardFault_Handler       
000000f3  Reset_Handler           
000000f7  _system_pre_init        
000000fa  C$$EXIT                 
000000fb  abort                   
00000200  __STACK_SIZE            
00000800  __SYSMEM_SIZE           
20200000  __start___llvm_prf_bits 
20200000  __start___llvm_prf_cnts 
20200000  __stop___llvm_prf_bits  
20200000  __stop___llvm_prf_cnts  
20200000  _sys_memory             
20207e00  __stack                 
20208000  __STACK_END             
ffffffff  __TI_pprof_out_hndl     
ffffffff  __TI_prof_data_size     
ffffffff  __TI_prof_data_start    
ffffffff  __binit__               
ffffffff  binit                   
UNDEFED   __mpu_init              

[65 symbols]
