******************************************************************************
            TI ARM Clang Linker Unix v4.0.0                    
******************************************************************************
>> Linked Mon Apr 21 14:37:10 2025

OUTPUT FILE NAME:   <lab10_p2.out>
ENTRY POINT SYMBOL: "_c_int00_noargs"  address: 000038a5


MEMORY CONFIGURATION

         name            origin    length      used     unused   attr    fill
----------------------  --------  ---------  --------  --------  ----  --------
  FLASH                 00000000   00020000  00003ec0  0001c140  R  X
  SRAM                  20200000   00008000  00000a09  000075f7  RW X
  BCR_CONFIG            41c00000   00000080  00000000  00000080  R   
  BSL_CONFIG            41c00100   00000080  00000000  00000080  R   


SEGMENT ALLOCATION MAP

run origin  load origin   length   init length attrs members
----------  ----------- ---------- ----------- ----- -------
00000000    00000000    00003ec0   00003ec0    r-x
  00000000    00000000    000000c0   000000c0    r-- .intvecs
  000000c0    000000c0    00003b00   00003b00    r-x .text
  00003bc0    00003bc0    000002e0   000002e0    r-- .rodata
  00003ea0    00003ea0    00000020   00000020    r-- .cinit
20200000    20200000    00000809   00000000    rw-
  20200000    20200000    00000800   00000000    rw- .sysmem
  20200800    20200800    00000009   00000000    rw- .data
20207e00    20207e00    00000200   00000000    rw-
  20207e00    20207e00    00000200   00000000    rw- .stack


SECTION ALLOCATION MAP

 output                                  attributes/
section   page    origin      length       input sections
--------  ----  ----------  ----------   ----------------
.intvecs   0    00000000    000000c0     
                  00000000    000000c0     startup_mspm0g3507_ticlang.o (.intvecs)

.text      0    000000c0    00003b00     
                  000000c0    000009d0     libc.a : _printfi.c.obj (.text:__TI_printfi)
                  00000a90    000006b8            : e_powf.c.obj (.text.powf)
                  00001148    00000220            : _printfi.c.obj (.text._pconv_a)
                  00001368    000001dc            : _printfi.c.obj (.text._pconv_g)
                  00001544    00000192     libclang_rt.builtins.a : adddf3.S.obj (.text.adddf3_subdf3)
                  000016d6    00000002                            : aeabi_div0.c.obj (.text.__aeabi_idiv0)
                  000016d8    00000180     LaunchPad.o (.text.leds_on)
                  00001858    00000168     clock.o (.text.clock_init_40mhz)
                  000019c0    0000015c     lab10_p2_main.o (.text.main)
                  00001b1c    0000013c     libc.a : _printfi.c.obj (.text.fcvt)
                  00001c58    00000120            : _printfi.c.obj (.text._pconv_e)
                  00001d78    0000010c     libclang_rt.builtins.a : divdf3.S.obj (.text.__divdf3)
                  00001e84    0000010c     LaunchPad.o (.text.seg7_init)
                  00001f90    000000f0     adc.o (.text.thermistor_calc_temperature)
                  00002080    000000e4     libclang_rt.builtins.a : muldf3.S.obj (.text.__muldf3)
                  00002164    000000d8     libc.a : s_scalbn.c.obj (.text.scalbn)
                  0000223c    000000d8     libclang_rt.builtins.a : addsf3.S.obj (.text)
                  00002314    000000d4     adc.o (.text.ADC0_init)
                  000023e8    000000d4     uart.o (.text.UART_init)
                  000024bc    000000d0     LaunchPad.o (.text.leds_off)
                  0000258c    000000c4     lcd1602.o (.text.lcd1602_init)
                  00002650    000000c0     lcd1602.o (.text.lcd1602_write)
                  00002710    000000bc     LaunchPad.o (.text.I2C_init)
                  000027cc    000000b0     libc.a : s_scalbnf.c.obj (.text.scalbnf)
                  0000287c    000000a8     LaunchPad.o (.text.led_init)
                  00002924    000000a2     libclang_rt.builtins.a : udivmoddi4.S.obj (.text)
                  000029c6    00000002                            : aeabi_div0.c.obj (.text.__aeabi_ldiv0)
                  000029c8    000000a0     libc.a : e_sqrtf.c.obj (.text.sqrtf)
                  00002a68    00000094     LaunchPad.o (.text.I2C_send1)
                  00002afc    0000008c     libclang_rt.builtins.a : mulsf3.S.obj (.text.__mulsf3)
                  00002b88    00000082                            : divsf3.S.obj (.text.__divsf3)
                  00002c0a    0000007c     lcd1602.o (.text.byte_to_ascii)
                  00002c86    00000002     --HOLE-- [fill = 0]
                  00002c88    0000007c     libc.a : copy_decompress_lzss.c.obj (.text:decompress:lzss)
                  00002d04    00000074     libclang_rt.builtins.a : comparedf2.c.obj (.text.__gedf2)
                  00002d78    00000008     libc.a : aeabi_portable.c.obj (.text.__aeabi_errno_addr)
                  00002d80    00000074     libclang_rt.builtins.a : truncdfsf2.S.obj (.text.__truncdfsf2)
                  00002df4    00000074     LaunchPad.o (.text.seg7_off)
                  00002e68    00000068     adc.o (.text.ADC0_in)
                  00002ed0    00000068     libclang_rt.builtins.a : comparedf2.c.obj (.text.__ledf2)
                  00002f38    00000066     libc.a : _printfi.c.obj (.text._mcpy)
                  00002f9e    00000002     --HOLE-- [fill = 0]
                  00002fa0    00000062     libclang_rt.builtins.a : aeabi_dcmp.S.obj (.text.__aeabi_dcmp)
                  00003002    00000002     --HOLE-- [fill = 0]
                  00003004    00000062                            : aeabi_fcmp.S.obj (.text.__aeabi_fcmp)
                  00003066    00000002     --HOLE-- [fill = 0]
                  00003068    0000005c     LaunchPad.o (.text.I2C_fill_tx_fifo)
                  000030c4    0000005c     libc.a : s_frexp.c.obj (.text.frexp)
                  00003120    00000058            : _ltoa.c.obj (.text.__TI_ltoa)
                  00003178    00000058            : _printfi.c.obj (.text._pconv_f)
                  000031d0    00000058     LaunchPad.o (.text.seg7_dig_enable)
                  00003228    00000056     libclang_rt.builtins.a : aeabi_idivmod.S.obj (.text.__aeabi_idivmod)
                  0000327e    00000002     --HOLE-- [fill = 0]
                  00003280    00000054     lab10_p2_main.o (.text.printMenu)
                  000032d4    00000052     libc.a : _printfi.c.obj (.text._ecpy)
                  00003326    00000002     --HOLE-- [fill = 0]
                  00003328    0000004a     libclang_rt.builtins.a : fixdfsi.S.obj (.text.__fixdfsi)
                  00003372    00000048     lab10_p2_main.o (.text.is_valid_option)
                  000033ba    00000002     --HOLE-- [fill = 0]
                  000033bc    00000042     libclang_rt.builtins.a : fixunsdfsi.S.obj (.text.__fixunsdfsi)
                  000033fe    00000042     lab10_p2_main.o (.text.flashLEDS)
                  00003440    00000040     libclang_rt.builtins.a : aeabi_uidivmod.S.obj (.text.__aeabi_uidivmod)
                  00003480    00000040                            : extendsfdf2.S.obj (.text.__extendsfdf2)
                  000034c0    00000040     libc.a : atoi.c.obj (.text.atoi)
                  00003500    00000040     LaunchPad.o (.text.seg7_hex)
                  00003540    0000003c     libclang_rt.builtins.a : floatsisf.S.obj (.text.__floatsisf)
                  0000357c    0000003c                            : comparesf2.S.obj (.text.__gtsf2)
                  000035b8    0000003c     lab10_p2_main.o (.text.celsius_to_fahrenheit)
                  000035f4    0000003c     lab10_p2_main.o (.text.msp_printf)
                  00003630    0000003c     libc.a : autoinit.c.obj (.text:__TI_auto_init_nobinit_nopinit)
                  0000366c    0000003a     libclang_rt.builtins.a : comparesf2.S.obj (.text.__eqsf2)
                  000036a6    00000002     --HOLE-- [fill = 0]
                  000036a8    0000003a                            : muldsi3.S.obj (.text.__muldsi3)
                  000036e2    00000002     --HOLE-- [fill = 0]
                  000036e4    00000038                            : fixsfsi.S.obj (.text.__fixsfsi)
                  0000371c    00000038     LaunchPad.o (.text.launchpad_gpio_init)
                  00003754    00000038     libc.a : sprintf.c.obj (.text.sprintf)
                  0000378c    00000034     clock.o (.text.msec_delay)
                  000037c0    00000032     libclang_rt.builtins.a : fixunssfsi.S.obj (.text.__fixunssfsi)
                  000037f2    00000030     libc.a : _printfi.c.obj (.text._fcpy)
                  00003822    00000002     --HOLE-- [fill = 0]
                  00003824    0000002c     uart.o (.text.UART_out_char)
                  00003850    0000002c     libclang_rt.builtins.a : floatsidf.S.obj (.text.__floatsidf)
                  0000387c    00000028     lcd1602.o (.text.lcd_write_byte)
                  000038a4    00000028     libc.a : boot_cortex_m.c.obj (.text:_c_int00_noargs)
                  000038cc    00000026     LaunchPad.o (.text.seg7_on)
                  000038f2    00000002     --HOLE-- [fill = 0]
                  000038f4    00000024     libclang_rt.builtins.a : floatunsidf.S.obj (.text.__floatunsidf)
                  00003918    00000024                            : muldi3.S.obj (.text.__muldi3)
                  0000393c    00000024     lcd1602.o (.text.lcd_write_string)
                  00003960    00000022     libc.a : memccpy.c.obj (.text.memccpy)
                  00003982    00000002     --HOLE-- [fill = 0]
                  00003984    00000020     uart.o (.text.UART_in_char)
                  000039a4    00000020     lcd1602.o (.text.lcd_set_ddram_addr)
                  000039c4    00000020     lcd1602.o (.text.lcd_set_display_on)
                  000039e4    0000001e     libclang_rt.builtins.a : ashldi3.S.obj (.text.__ashldi3)
                  00003a02    00000018     libc.a : sprintf.c.obj (.text._outs)
                  00003a1a    00000018     lcd1602.o (.text.lcd_write_char)
                  00003a32    00000002     --HOLE-- [fill = 0]
                  00003a34    00000014     libclang_rt.builtins.a : aeabi_uldivmod.S.obj (.text.__aeabi_uldivmod)
                  00003a48    00000014     LaunchPad.o (.text.led_disable)
                  00003a5c    00000014     LaunchPad.o (.text.led_enable)
                  00003a70    00000014     libc.a : _printfi.c.obj (.text.strchr)
                  00003a84    00000012            : memcpy16.S.obj (.text:TI_memcpy_small)
                  00003a96    00000012            : copy_decompress_none.c.obj (.text:decompress:none)
                  00003aa8    00000010     clock.o (.text.clock_delay)
                  00003ab8    00000010     libc.a : wcslen.c.obj (.text.wcslen)
                  00003ac8    0000000e     libclang_rt.builtins.a : aeabi_memset.S.obj (.text.__aeabi_memset)
                  00003ad6    0000000e     lcd1602.o (.text.lcd_clear)
                  00003ae4    0000000e     libc.a : _printfi.c.obj (.text.strlen)
                  00003af2    0000000e            : memset16.S.obj (.text:TI_memset_small)
                  00003b00    0000000c     clock.o (.text.get_bus_clock_freq)
                  00003b0c    0000000a     libc.a : _printfi.c.obj (.text.OUTLINED_FUNCTION_0)
                  00003b16    00000002     --HOLE-- [fill = 0]
                  00003b18    00000010     libclang_rt.builtins.a : adddf3.S.obj (.tramp.__aeabi_dsub.1)
                  00003b28    0000000a     libc.a : _printfi.c.obj (.text.OUTLINED_FUNCTION_1)
                  00003b32    0000000a            : sprintf.c.obj (.text._outc)
                  00003b3c    00000008     libclang_rt.builtins.a : aeabi_memcpy.S.obj (.text.__aeabi_memcpy)
                  00003b44    00000006     libc.a : e_powf.c.obj (.text.OUTLINED_FUNCTION_1)
                  00003b4a    00000002     --HOLE-- [fill = 0]
                  00003b4c    00000010     libclang_rt.builtins.a : mulsf3.S.obj (.tramp.__aeabi_fmul.1)
                  00003b5c    00000006     libc.a : e_powf.c.obj (.text.OUTLINED_FUNCTION_3)
                  00003b62    00000002     --HOLE-- [fill = 0]
                  00003b64    00000010     libclang_rt.builtins.a : addsf3.S.obj (.tramp.__aeabi_fadd.1)
                  00003b74    00000006     libc.a : e_powf.c.obj (.text.OUTLINED_FUNCTION_4)
                  00003b7a    00000002     --HOLE-- [fill = 0]
                  00003b7c    00000010     libclang_rt.builtins.a : addsf3.S.obj (.tramp.__aeabi_fsub.1)
                  00003b8c    00000006     libc.a : e_powf.c.obj (.text.OUTLINED_FUNCTION_5)
                  00003b92    00000006            : e_powf.c.obj (.text.OUTLINED_FUNCTION_6)
                  00003b98    00000004     startup_mspm0g3507_ticlang.o (.text.Default_Handler)
                  00003b9c    00000004     startup_mspm0g3507_ticlang.o (.text.HardFault_Handler)
                  00003ba0    00000004     libc.a : e_powf.c.obj (.text.OUTLINED_FUNCTION_0)
                  00003ba4    00000004            : e_powf.c.obj (.text.OUTLINED_FUNCTION_2)
                  00003ba8    00000004            : e_powf.c.obj (.text.OUTLINED_FUNCTION_7)
                  00003bac    00000004            : e_powf.c.obj (.text.OUTLINED_FUNCTION_8)
                  00003bb0    00000004     startup_mspm0g3507_ticlang.o (.text.Reset_Handler)
                  00003bb4    00000004     libc.a : pre_init.c.obj (.text._system_pre_init)
                  00003bb8    00000004            : exit.c.obj (.text:abort)
                  00003bbc    00000004     --HOLE-- [fill = 0]

.cinit     0    00003ea0    00000020     
                  00003ea0    0000000b     (.cinit..data.load) [load image, compression = lzss]
                  00003eab    00000001     --HOLE-- [fill = 0]
                  00003eac    00000008     (__TI_handler_table)
                  00003eb4    00000008     (__TI_cinit_table)
                  00003ebc    00000004     --HOLE-- [fill = 0]

.rodata    0    00003bc0    000002e0     
                  00003bc0    00000101     libc.a : aeabi_ctype.S.obj (.rodata:__aeabi_ctype_table_)
                  00003cc1    00000003     --HOLE-- [fill = 0]
                  00003cc4    00000060     LaunchPad.o (.rodata.led_config_data)
                  00003d24    0000003c     LaunchPad.o (.rodata.enable_controls)
                  00003d60    00000022     lab10_p2_main.o (.rodata.str1.171697672528922601091)
                  00003d82    0000001f     lab10_p2_main.o (.rodata.str1.139965447846718578871)
                  00003da1    0000001c     lab10_p2_main.o (.rodata.str1.167445909536481733781)
                  00003dbd    0000001b     lab10_p2_main.o (.rodata.str1.50082064292352684281)
                  00003dd8    00000019     lab10_p2_main.o (.rodata.str1.89454829639957526071)
                  00003df1    00000003     --HOLE-- [fill = 0]
                  00003df4    00000018     libc.a : e_powf.c.obj (.rodata.cst8)
                  00003e0c    00000018     LaunchPad.o (.rodata.iic_config_data)
                  00003e24    00000017     lab10_p2_main.o (.rodata.str1.73686372247379006191)
                  00003e3b    00000012     lab10_p2_main.o (.rodata.str1.136878598192716586401)
                  00003e4d    00000011     libc.a : _printfi.c.obj (.rodata.str1.103488685894817597201)
                  00003e5e    00000011            : _printfi.c.obj (.rodata.str1.153638888446227384661)
                  00003e6f    0000000f     lab10_p2_main.o (.rodata.str1.118631602033370871891)
                  00003e7e    0000000d     lab10_p2_main.o (.rodata.str1.88988301331328749341)
                  00003e8b    00000007     lab10_p2_main.o (.rodata.str1.143958310466469767181)
                  00003e92    0000000e     --HOLE-- [fill = 0]

.init_array 
*          0    00000000    00000000     UNINITIALIZED

.binit     0    00000000    00000000     

.data      0    20200800    00000009     UNINITIALIZED
                  20200800    00000004     libc.a : aeabi_portable.c.obj (.data.__aeabi_errno)
                  20200804    00000004     clock.o (.data.g_bus_clock_freq)
                  20200808    00000001     lcd1602.o (.data.g_lcd_backlight_mode)

.sysmem    0    20200000    00000800     UNINITIALIZED
                  20200000    00000010     libc.a : memory.c.obj (.sysmem)
                  20200010    000007f0     --HOLE--

.stack     0    20207e00    00000200     UNINITIALIZED
                  20207e00    00000004     libc.a : boot_cortex_m.c.obj (.stack)
                  20207e04    000001fc     --HOLE--

__llvm_prf_cnts 
*          0    20200000    00000000     UNINITIALIZED

__llvm_prf_bits 
*          0    20200000    00000000     UNINITIALIZED

MODULE SUMMARY

       Module                         code    ro data   rw data
       ------                         ----    -------   -------
    ./
       LaunchPad.o                    1858    180       0      
       lab10_p2_main.o                690     221       0      
       lcd1602.o                      690     0         1      
       adc.o                          556     0         0      
       clock.o                        440     0         4      
       uart.o                         288     0         0      
    +--+------------------------------+-------+---------+---------+
       Total:                         4522    401       5      
                                                               
    ./ticlang/
       startup_mspm0g3507_ticlang.o   12      192       0      
    +--+------------------------------+-------+---------+---------+
       Total:                         12      192       0      
                                                               
    /home/sofa/ti/ccstheia151/ccs/tools/compiler/ti-cgt-armllvm_4.0.0.LTS/lib/armv6m-ti-none-eabi/c/libc.a
       _printfi.c.obj                 4510    34        0      
       e_powf.c.obj                   1766    24        0      
       aeabi_ctype.S.obj              0       257       0      
       s_scalbn.c.obj                 216     0         0      
       s_scalbnf.c.obj                176     0         0      
       e_sqrtf.c.obj                  160     0         0      
       copy_decompress_lzss.c.obj     124     0         0      
       s_frexp.c.obj                  92      0         0      
       sprintf.c.obj                  90      0         0      
       _ltoa.c.obj                    88      0         0      
       atoi.c.obj                     64      0         0      
       autoinit.c.obj                 60      0         0      
       boot_cortex_m.c.obj            40      0         0      
       memccpy.c.obj                  34      0         0      
       copy_decompress_none.c.obj     18      0         0      
       memcpy16.S.obj                 18      0         0      
       wcslen.c.obj                   16      0         0      
       memset16.S.obj                 14      0         0      
       aeabi_portable.c.obj           8       0         4      
       exit.c.obj                     4       0         0      
       pre_init.c.obj                 4       0         0      
    +--+------------------------------+-------+---------+---------+
       Total:                         7502    315       4      
                                                               
    /home/sofa/ti/ccstheia151/ccs/tools/compiler/ti-cgt-armllvm_4.0.0.LTS/lib/armv6m-ti-none-eabi/libclang_rt.builtins.a
       adddf3.S.obj                   418     0         0      
       divdf3.S.obj                   268     0         0      
       addsf3.S.obj                   248     0         0      
       muldf3.S.obj                   228     0         0      
       comparedf2.c.obj               220     0         0      
       udivmoddi4.S.obj               162     0         0      
       mulsf3.S.obj                   156     0         0      
       divsf3.S.obj                   130     0         0      
       comparesf2.S.obj               118     0         0      
       truncdfsf2.S.obj               116     0         0      
       aeabi_dcmp.S.obj               98      0         0      
       aeabi_fcmp.S.obj               98      0         0      
       aeabi_idivmod.S.obj            86      0         0      
       fixdfsi.S.obj                  74      0         0      
       fixunsdfsi.S.obj               66      0         0      
       aeabi_uidivmod.S.obj           64      0         0      
       extendsfdf2.S.obj              64      0         0      
       floatsisf.S.obj                60      0         0      
       muldsi3.S.obj                  58      0         0      
       fixsfsi.S.obj                  56      0         0      
       fixunssfsi.S.obj               50      0         0      
       floatsidf.S.obj                44      0         0      
       floatunsidf.S.obj              36      0         0      
       muldi3.S.obj                   36      0         0      
       ashldi3.S.obj                  30      0         0      
       aeabi_uldivmod.S.obj           20      0         0      
       aeabi_memset.S.obj             14      0         0      
       aeabi_memcpy.S.obj             8       0         0      
       aeabi_div0.c.obj               4       0         0      
    +--+------------------------------+-------+---------+---------+
       Total:                         3030    0         0      
                                                               
       Heap:                          0       0         2048   
       Stack:                         0       0         512    
       Linker Generated:              0       27        0      
    +--+------------------------------+-------+---------+---------+
       Grand Total:                   15066   935       2569   


LINKER GENERATED COPY TABLES

__TI_cinit_table @ 00003eb4 records: 1, size/record: 8, table size: 8
	.data: load addr=00003ea0, load size=0000000b bytes, run addr=20200800, run size=00000009 bytes, compression=lzss


LINKER GENERATED HANDLER TABLE

__TI_handler_table @ 00003eac records: 2, size/record: 4, table size: 8
	index: 0, handler: __TI_decompress_lzss
	index: 1, handler: __TI_decompress_none


FAR CALL TRAMPOLINES

callee name               trampoline name
   callee addr  tramp addr   call addr  call info
--------------  -----------  ---------  ----------------
__aeabi_dsub              $Tramp$TT$L$PI$$__aeabi_dsub
   00001545     00003b18     00003b14   libc.a : _printfi.c.obj (.text.OUTLINED_FUNCTION_0)
__aeabi_fmul              $Tramp$TT$L$PI$$__aeabi_fmul
   00002afd     00003b4c     00003b48   libc.a : e_powf.c.obj (.text.OUTLINED_FUNCTION_1)
                             00003ba2          : e_powf.c.obj (.text.OUTLINED_FUNCTION_0)
                             00003baa          : e_powf.c.obj (.text.OUTLINED_FUNCTION_7)
__aeabi_fadd              $Tramp$TT$L$PI$$__aeabi_fadd
   00002247     00003b64     00003b60   libc.a : e_powf.c.obj (.text.OUTLINED_FUNCTION_3)
                             00003ba6          : e_powf.c.obj (.text.OUTLINED_FUNCTION_2)
                             00003bae          : e_powf.c.obj (.text.OUTLINED_FUNCTION_8)
__aeabi_fsub              $Tramp$TT$L$PI$$__aeabi_fsub
   0000223d     00003b7c     00003b78   libc.a : e_powf.c.obj (.text.OUTLINED_FUNCTION_4)
                             00003b90          : e_powf.c.obj (.text.OUTLINED_FUNCTION_5)
                             00003b96          : e_powf.c.obj (.text.OUTLINED_FUNCTION_6)

[4 trampolines]
[10 trampoline calls]


GLOBAL SYMBOLS: SORTED ALPHABETICALLY BY Name 

address   name                          
-------   ----                          
00003b99  ADC0_IRQHandler               
00002e69  ADC0_in                       
00002315  ADC0_init                     
00003b99  ADC1_IRQHandler               
00003b99  AES_IRQHandler                
00003bb8  C$$EXIT                       
00003b99  CANFD0_IRQHandler             
00003b99  DAC0_IRQHandler               
00003b99  DMA_IRQHandler                
00003b99  Default_Handler               
00003b99  GROUP0_IRQHandler             
00003b99  GROUP1_IRQHandler             
00003b9d  HardFault_Handler             
00003b99  I2C0_IRQHandler               
00003b99  I2C1_IRQHandler               
00002711  I2C_init                      
00002a69  I2C_send1                     
00003b99  NMI_Handler                   
00003b99  PendSV_Handler                
00003b99  RTC_IRQHandler                
00003bb1  Reset_Handler                 
00003b99  SPI0_IRQHandler               
00003b99  SPI1_IRQHandler               
00003b99  SVC_Handler                   
00003b99  SysTick_Handler               
00003b99  TIMA0_IRQHandler              
00003b99  TIMA1_IRQHandler              
00003b99  TIMG0_IRQHandler              
00003b99  TIMG12_IRQHandler             
00003b99  TIMG6_IRQHandler              
00003b99  TIMG7_IRQHandler              
00003b99  TIMG8_IRQHandler              
00003a85  TI_memcpy_small               
00003af3  TI_memset_small               
00003b99  UART0_IRQHandler              
00003b99  UART1_IRQHandler              
00003b99  UART2_IRQHandler              
00003b99  UART3_IRQHandler              
00003985  UART_in_char                  
000023e9  UART_init                     
00003825  UART_out_char                 
20208000  __STACK_END                   
00000200  __STACK_SIZE                  
00000800  __SYSMEM_SIZE                 
00000000  __TI_ATRegion0_region_sz      
00000000  __TI_ATRegion0_src_addr       
00000000  __TI_ATRegion0_trg_addr       
00000000  __TI_ATRegion1_region_sz      
00000000  __TI_ATRegion1_src_addr       
00000000  __TI_ATRegion1_trg_addr       
00000000  __TI_ATRegion2_region_sz      
00000000  __TI_ATRegion2_src_addr       
00000000  __TI_ATRegion2_trg_addr       
00003eb4  __TI_CINIT_Base               
00003ebc  __TI_CINIT_Limit              
00003ebc  __TI_CINIT_Warm               
00003eac  __TI_Handler_Table_Base       
00003eb4  __TI_Handler_Table_Limit      
00003631  __TI_auto_init_nobinit_nopinit
00002c89  __TI_decompress_lzss          
00003a97  __TI_decompress_none          
00003121  __TI_ltoa                     
ffffffff  __TI_pprof_out_hndl           
000000c1  __TI_printfi                  
ffffffff  __TI_prof_data_size           
ffffffff  __TI_prof_data_start          
00000000  __TI_static_base__            
0000154f  __adddf3                      
00002247  __addsf3                      
00003bc0  __aeabi_ctype_table_          
00003bc0  __aeabi_ctype_table_C         
00002d81  __aeabi_d2f                   
00003329  __aeabi_d2iz                  
000033bd  __aeabi_d2uiz                 
0000154f  __aeabi_dadd                  
00002fa1  __aeabi_dcmpeq                
00002fdd  __aeabi_dcmpge                
00002ff1  __aeabi_dcmpgt                
00002fc9  __aeabi_dcmple                
00002fb5  __aeabi_dcmplt                
00001d79  __aeabi_ddiv                  
00002081  __aeabi_dmul                  
00001545  __aeabi_dsub                  
20200800  __aeabi_errno                 
00002d79  __aeabi_errno_addr            
00003481  __aeabi_f2d                   
000036e5  __aeabi_f2iz                  
000037c1  __aeabi_f2uiz                 
00002247  __aeabi_fadd                  
00003005  __aeabi_fcmpeq                
00003041  __aeabi_fcmpge                
00003055  __aeabi_fcmpgt                
0000302d  __aeabi_fcmple                
00003019  __aeabi_fcmplt                
00002b89  __aeabi_fdiv                  
00002afd  __aeabi_fmul                  
0000223d  __aeabi_fsub                  
00003851  __aeabi_i2d                   
00003541  __aeabi_i2f                   
00003229  __aeabi_idiv                  
000016d7  __aeabi_idiv0                 
00003229  __aeabi_idivmod               
000029c7  __aeabi_ldiv0                 
000039e5  __aeabi_llsl                  
00003919  __aeabi_lmul                  
00003b3d  __aeabi_memcpy                
00003b3d  __aeabi_memcpy4               
00003b3d  __aeabi_memcpy8               
00003ac9  __aeabi_memset                
00003ac9  __aeabi_memset4               
00003ac9  __aeabi_memset8               
000038f5  __aeabi_ui2d                  
00003441  __aeabi_uidiv                 
00003441  __aeabi_uidivmod              
00003a35  __aeabi_uldivmod              
000039e5  __ashldi3                     
ffffffff  __binit__                     
00002ed1  __cmpdf2                      
0000366d  __cmpsf2                      
00001d79  __divdf3                      
00002b89  __divsf3                      
00002ed1  __eqdf2                       
0000366d  __eqsf2                       
00003481  __extendsfdf2                 
00003329  __fixdfsi                     
000036e5  __fixsfsi                     
000033bd  __fixunsdfsi                  
000037c1  __fixunssfsi                  
00003851  __floatsidf                   
00003541  __floatsisf                   
000038f5  __floatunsidf                 
00002d05  __gedf2                       
0000357d  __gesf2                       
00002d05  __gtdf2                       
0000357d  __gtsf2                       
00002ed1  __ledf2                       
0000366d  __lesf2                       
00002ed1  __ltdf2                       
0000366d  __ltsf2                       
UNDEFED   __mpu_init                    
00002081  __muldf3                      
00003919  __muldi3                      
000036a9  __muldsi3                     
00002afd  __mulsf3                      
00002ed1  __nedf2                       
0000366d  __nesf2                       
20207e00  __stack                       
20200000  __start___llvm_prf_bits       
20200000  __start___llvm_prf_cnts       
20200000  __stop___llvm_prf_bits        
20200000  __stop___llvm_prf_cnts        
00001545  __subdf3                      
0000223d  __subsf3                      
00002d81  __truncdfsf2                  
00002925  __udivmoddi4                  
000038a5  _c_int00_noargs               
20200000  _sys_memory                   
UNDEFED   _system_post_cinit            
00003bb5  _system_pre_init              
00003bb9  abort                         
000034c1  atoi                          
ffffffff  binit                         
00002c0b  byte_to_ascii                 
000035b9  celsius_to_fahrenheit         
00003aa9  clock_delay                   
00001859  clock_init_40mhz              
00003d24  enable_controls               
000033ff  flashLEDS                     
000030c5  frexp                         
000030c5  frexpl                        
20200804  g_bus_clock_freq              
00003b01  get_bus_clock_freq            
00003e0c  iic_config_data               
00000000  interruptVectors              
00003373  is_valid_option               
0000371d  launchpad_gpio_init           
0000258d  lcd1602_init                  
00002651  lcd1602_write                 
00003ad7  lcd_clear                     
000039a5  lcd_set_ddram_addr            
000039c5  lcd_set_display_on            
0000387d  lcd_write_byte                
00003a1b  lcd_write_char                
0000393d  lcd_write_string              
00002165  ldexp                         
000027cd  ldexpf                        
00002165  ldexpl                        
00003cc4  led_config_data               
00003a49  led_disable                   
00003a5d  led_enable                    
0000287d  led_init                      
000024bd  leds_off                      
000016d9  leds_on                       
000019c1  main                          
00003961  memccpy                       
0000378d  msec_delay                    
000035f5  msp_printf                    
00000a91  powf                          
00003281  printMenu                     
00002165  scalbn                        
000027cd  scalbnf                       
00002165  scalbnl                       
000031d1  seg7_dig_enable               
00003501  seg7_hex                      
00001e85  seg7_init                     
00002df5  seg7_off                      
000038cd  seg7_on                       
00003755  sprintf                       
000029c9  sqrtf                         
00001f91  thermistor_calc_temperature   
00003ab9  wcslen                        


GLOBAL SYMBOLS: SORTED BY Symbol Address 

address   name                          
-------   ----                          
00000000  __TI_ATRegion0_region_sz      
00000000  __TI_ATRegion0_src_addr       
00000000  __TI_ATRegion0_trg_addr       
00000000  __TI_ATRegion1_region_sz      
00000000  __TI_ATRegion1_src_addr       
00000000  __TI_ATRegion1_trg_addr       
00000000  __TI_ATRegion2_region_sz      
00000000  __TI_ATRegion2_src_addr       
00000000  __TI_ATRegion2_trg_addr       
00000000  __TI_static_base__            
00000000  interruptVectors              
000000c1  __TI_printfi                  
00000200  __STACK_SIZE                  
00000800  __SYSMEM_SIZE                 
00000a91  powf                          
00001545  __aeabi_dsub                  
00001545  __subdf3                      
0000154f  __adddf3                      
0000154f  __aeabi_dadd                  
000016d7  __aeabi_idiv0                 
000016d9  leds_on                       
00001859  clock_init_40mhz              
000019c1  main                          
00001d79  __aeabi_ddiv                  
00001d79  __divdf3                      
00001e85  seg7_init                     
00001f91  thermistor_calc_temperature   
00002081  __aeabi_dmul                  
00002081  __muldf3                      
00002165  ldexp                         
00002165  ldexpl                        
00002165  scalbn                        
00002165  scalbnl                       
0000223d  __aeabi_fsub                  
0000223d  __subsf3                      
00002247  __addsf3                      
00002247  __aeabi_fadd                  
00002315  ADC0_init                     
000023e9  UART_init                     
000024bd  leds_off                      
0000258d  lcd1602_init                  
00002651  lcd1602_write                 
00002711  I2C_init                      
000027cd  ldexpf                        
000027cd  scalbnf                       
0000287d  led_init                      
00002925  __udivmoddi4                  
000029c7  __aeabi_ldiv0                 
000029c9  sqrtf                         
00002a69  I2C_send1                     
00002afd  __aeabi_fmul                  
00002afd  __mulsf3                      
00002b89  __aeabi_fdiv                  
00002b89  __divsf3                      
00002c0b  byte_to_ascii                 
00002c89  __TI_decompress_lzss          
00002d05  __gedf2                       
00002d05  __gtdf2                       
00002d79  __aeabi_errno_addr            
00002d81  __aeabi_d2f                   
00002d81  __truncdfsf2                  
00002df5  seg7_off                      
00002e69  ADC0_in                       
00002ed1  __cmpdf2                      
00002ed1  __eqdf2                       
00002ed1  __ledf2                       
00002ed1  __ltdf2                       
00002ed1  __nedf2                       
00002fa1  __aeabi_dcmpeq                
00002fb5  __aeabi_dcmplt                
00002fc9  __aeabi_dcmple                
00002fdd  __aeabi_dcmpge                
00002ff1  __aeabi_dcmpgt                
00003005  __aeabi_fcmpeq                
00003019  __aeabi_fcmplt                
0000302d  __aeabi_fcmple                
00003041  __aeabi_fcmpge                
00003055  __aeabi_fcmpgt                
000030c5  frexp                         
000030c5  frexpl                        
00003121  __TI_ltoa                     
000031d1  seg7_dig_enable               
00003229  __aeabi_idiv                  
00003229  __aeabi_idivmod               
00003281  printMenu                     
00003329  __aeabi_d2iz                  
00003329  __fixdfsi                     
00003373  is_valid_option               
000033bd  __aeabi_d2uiz                 
000033bd  __fixunsdfsi                  
000033ff  flashLEDS                     
00003441  __aeabi_uidiv                 
00003441  __aeabi_uidivmod              
00003481  __aeabi_f2d                   
00003481  __extendsfdf2                 
000034c1  atoi                          
00003501  seg7_hex                      
00003541  __aeabi_i2f                   
00003541  __floatsisf                   
0000357d  __gesf2                       
0000357d  __gtsf2                       
000035b9  celsius_to_fahrenheit         
000035f5  msp_printf                    
00003631  __TI_auto_init_nobinit_nopinit
0000366d  __cmpsf2                      
0000366d  __eqsf2                       
0000366d  __lesf2                       
0000366d  __ltsf2                       
0000366d  __nesf2                       
000036a9  __muldsi3                     
000036e5  __aeabi_f2iz                  
000036e5  __fixsfsi                     
0000371d  launchpad_gpio_init           
00003755  sprintf                       
0000378d  msec_delay                    
000037c1  __aeabi_f2uiz                 
000037c1  __fixunssfsi                  
00003825  UART_out_char                 
00003851  __aeabi_i2d                   
00003851  __floatsidf                   
0000387d  lcd_write_byte                
000038a5  _c_int00_noargs               
000038cd  seg7_on                       
000038f5  __aeabi_ui2d                  
000038f5  __floatunsidf                 
00003919  __aeabi_lmul                  
00003919  __muldi3                      
0000393d  lcd_write_string              
00003961  memccpy                       
00003985  UART_in_char                  
000039a5  lcd_set_ddram_addr            
000039c5  lcd_set_display_on            
000039e5  __aeabi_llsl                  
000039e5  __ashldi3                     
00003a1b  lcd_write_char                
00003a35  __aeabi_uldivmod              
00003a49  led_disable                   
00003a5d  led_enable                    
00003a85  TI_memcpy_small               
00003a97  __TI_decompress_none          
00003aa9  clock_delay                   
00003ab9  wcslen                        
00003ac9  __aeabi_memset                
00003ac9  __aeabi_memset4               
00003ac9  __aeabi_memset8               
00003ad7  lcd_clear                     
00003af3  TI_memset_small               
00003b01  get_bus_clock_freq            
00003b3d  __aeabi_memcpy                
00003b3d  __aeabi_memcpy4               
00003b3d  __aeabi_memcpy8               
00003b99  ADC0_IRQHandler               
00003b99  ADC1_IRQHandler               
00003b99  AES_IRQHandler                
00003b99  CANFD0_IRQHandler             
00003b99  DAC0_IRQHandler               
00003b99  DMA_IRQHandler                
00003b99  Default_Handler               
00003b99  GROUP0_IRQHandler             
00003b99  GROUP1_IRQHandler             
00003b99  I2C0_IRQHandler               
00003b99  I2C1_IRQHandler               
00003b99  NMI_Handler                   
00003b99  PendSV_Handler                
00003b99  RTC_IRQHandler                
00003b99  SPI0_IRQHandler               
00003b99  SPI1_IRQHandler               
00003b99  SVC_Handler                   
00003b99  SysTick_Handler               
00003b99  TIMA0_IRQHandler              
00003b99  TIMA1_IRQHandler              
00003b99  TIMG0_IRQHandler              
00003b99  TIMG12_IRQHandler             
00003b99  TIMG6_IRQHandler              
00003b99  TIMG7_IRQHandler              
00003b99  TIMG8_IRQHandler              
00003b99  UART0_IRQHandler              
00003b99  UART1_IRQHandler              
00003b99  UART2_IRQHandler              
00003b99  UART3_IRQHandler              
00003b9d  HardFault_Handler             
00003bb1  Reset_Handler                 
00003bb5  _system_pre_init              
00003bb8  C$$EXIT                       
00003bb9  abort                         
00003bc0  __aeabi_ctype_table_          
00003bc0  __aeabi_ctype_table_C         
00003cc4  led_config_data               
00003d24  enable_controls               
00003e0c  iic_config_data               
00003eac  __TI_Handler_Table_Base       
00003eb4  __TI_CINIT_Base               
00003eb4  __TI_Handler_Table_Limit      
00003ebc  __TI_CINIT_Limit              
00003ebc  __TI_CINIT_Warm               
20200000  __start___llvm_prf_bits       
20200000  __start___llvm_prf_cnts       
20200000  __stop___llvm_prf_bits        
20200000  __stop___llvm_prf_cnts        
20200000  _sys_memory                   
20200800  __aeabi_errno                 
20200804  g_bus_clock_freq              
20207e00  __stack                       
20208000  __STACK_END                   
ffffffff  __TI_pprof_out_hndl           
ffffffff  __TI_prof_data_size           
ffffffff  __TI_prof_data_start          
ffffffff  __binit__                     
ffffffff  binit                         
UNDEFED   __mpu_init                    
UNDEFED   _system_post_cinit            

[211 symbols]
