******************************************************************************
            TI ARM Clang Linker PC v3.2.2                      
******************************************************************************
>> Linked Thu May  1 00:27:08 2025

OUTPUT FILE NAME:   <lab10_p2.out>
ENTRY POINT SYMBOL: "_c_int00_noargs"  address: 00000d69


MEMORY CONFIGURATION

         name            origin    length      used     unused   attr    fill
----------------------  --------  ---------  --------  --------  ----  --------
  FLASH                 00000000   00020000  00000f38  0001f0c8  R  X
  SRAM                  20200000   00008000  00000a07  000075f9  RW X
  BCR_CONFIG            41c00000   00000080  00000000  00000080  R   
  BSL_CONFIG            41c00100   00000080  00000000  00000080  R   


SEGMENT ALLOCATION MAP

run origin  load origin   length   init length attrs members
----------  ----------- ---------- ----------- ----- -------
00000000    00000000    00000f38   00000f38    r-x
  00000000    00000000    000000c0   000000c0    r-- .intvecs
  000000c0    000000c0    00000d70   00000d70    r-x .text
  00000e30    00000e30    000000e8   000000e8    r-- .rodata
  00000f18    00000f18    00000020   00000020    r-- .cinit
20200000    20200000    00000807   00000000    rw-
  20200000    20200000    00000800   00000000    rw- .sysmem
  20200800    20200800    00000007   00000000    rw- .data
20207e00    20207e00    00000200   00000000    rw-
  20207e00    20207e00    00000200   00000000    rw- .stack


SECTION ALLOCATION MAP

 output                                  attributes/
section   page    origin      length       input sections
--------  ----  ----------  ----------   ----------------
.intvecs   0    00000000    000000c0     
                  00000000    000000c0     startup_mspm0g3507_ticlang.o (.intvecs)

.text      0    000000c0    00000d70     
                  000000c0    00000192     libclang_rt.builtins.a : adddf3.S.obj (.text.adddf3_subdf3)
                  00000252    00000002                            : aeabi_div0.c.obj (.text.__aeabi_idiv0)
                  00000254    00000168     clock.o (.text.clock_init_40mhz)
                  000003bc    0000010c     LaunchPad.o (.text.seg7_init)
                  000004c8    000000d4     uart.o (.text.UART_init)
                  0000059c    000000d0     LaunchPad.o (.text.leds_off)
                  0000066c    000000c4     lcd1602.o (.text.lcd1602_init)
                  00000730    000000c0     lcd1602.o (.text.lcd1602_write)
                  000007f0    000000bc     LaunchPad.o (.text.I2C_init)
                  000008ac    000000ac     LaunchPad.o (.text.led_init)
                  00000958    00000094     LaunchPad.o (.text.I2C_send1)
                  000009ec    0000008c     main.o (.text.GROUP1_IRQHandler)
                  00000a78    00000078     libc.a : copy_decompress_lzss.c.obj (.text:decompress:lzss)
                  00000af0    00000074     LaunchPad.o (.text.seg7_off)
                  00000b64    0000005c     LaunchPad.o (.text.I2C_fill_tx_fifo)
                  00000bc0    0000004c     LaunchPad.o (.text.dipsw_init)
                  00000c0c    00000042     libclang_rt.builtins.a : fixunsdfsi.S.obj (.text.__fixunsdfsi)
                  00000c4e    00000002     --HOLE-- [fill = 0]
                  00000c50    00000040                            : aeabi_uidivmod.S.obj (.text.__aeabi_uidivmod)
                  00000c90    0000003c     libc.a : autoinit.c.obj (.text:__TI_auto_init_nobinit_nopinit)
                  00000ccc    00000038     LaunchPad.o (.text.launchpad_gpio_init)
                  00000d04    00000034     clock.o (.text.msec_delay)
                  00000d38    00000030     main.o (.text.main)
                  00000d68    00000028     libc.a : boot_cortex_m.c.obj (.text:_c_int00_noargs)
                  00000d90    00000024     libclang_rt.builtins.a : floatunsidf.S.obj (.text.__floatunsidf)
                  00000db4    00000020     lcd1602.o (.text.lcd_set_display_on)
                  00000dd4    00000012     libc.a : memcpy16.S.obj (.text:TI_memcpy_small)
                  00000de6    00000012            : copy_decompress_none.c.obj (.text:decompress:none)
                  00000df8    00000010     clock.o (.text.clock_delay)
                  00000e08    0000000c     clock.o (.text.get_bus_clock_freq)
                  00000e14    00000008     libclang_rt.builtins.a : aeabi_memcpy.S.obj (.text.__aeabi_memcpy)
                  00000e1c    00000004     startup_mspm0g3507_ticlang.o (.text.Default_Handler)
                  00000e20    00000004     startup_mspm0g3507_ticlang.o (.text.HardFault_Handler)
                  00000e24    00000004     startup_mspm0g3507_ticlang.o (.text.Reset_Handler)
                  00000e28    00000004     libc.a : pre_init.c.obj (.text._system_pre_init)
                  00000e2c    00000004            : exit.c.obj (.text:abort)

.cinit     0    00000f18    00000020     
                  00000f18    0000000b     (.cinit..data.load) [load image, compression = lzss]
                  00000f23    00000001     --HOLE-- [fill = 0]
                  00000f24    00000008     (__TI_handler_table)
                  00000f2c    00000008     (__TI_cinit_table)
                  00000f34    00000004     --HOLE-- [fill = 0]

.rodata    0    00000e30    000000e8     
                  00000e30    00000060     LaunchPad.o (.rodata.led_config_data)
                  00000e90    0000003c     LaunchPad.o (.rodata.enable_controls)
                  00000ecc    00000030     LaunchPad.o (.rodata.dip_switch_config_data)
                  00000efc    00000018     LaunchPad.o (.rodata.iic_config_data)
                  00000f14    00000004     --HOLE-- [fill = 0]

.init_array 
*          0    00000000    00000000     UNINITIALIZED

.binit     0    00000000    00000000     

.data      0    20200800    00000007     UNINITIALIZED
                  20200800    00000004     clock.o (.data.g_bus_clock_freq)
                  20200804    00000001     lcd1602.o (.data.g_lcd_backlight_mode)
                  20200805    00000001     main.o (.data.g_pb1_pressed)
                  20200806    00000001     main.o (.data.g_pb2_pressed)

.sysmem    0    20200000    00000800     UNINITIALIZED
                  20200000    00000010     libc.a : memory.c.obj (.sysmem)
                  20200010    000007f0     --HOLE--

.stack     0    20207e00    00000200     UNINITIALIZED
                  20207e00    00000004     libc.a : boot_cortex_m.c.obj (.stack)
                  20207e04    000001fc     --HOLE--

__llvm_prf_cnts 
*          0    20200000    00000000     UNINITIALIZED

__llvm_prf_bits 
*          0    20200000    00000000     UNINITIALIZED

MODULE SUMMARY

       Module                         code   ro data   rw data
       ------                         ----   -------   -------
    .\
       LaunchPad.o                    1324   228       0      
       clock.o                        440    0         4      
       lcd1602.o                      420    0         1      
       uart.o                         212    0         0      
       main.o                         188    0         2      
    +--+------------------------------+------+---------+---------+
       Total:                         2584   228       7      
                                                              
    .\ticlang\
       startup_mspm0g3507_ticlang.o   12     192       0      
    +--+------------------------------+------+---------+---------+
       Total:                         12     192       0      
                                                              
    C:\ti\ccstheia141\ccs\tools\compiler\ti-cgt-armllvm_3.2.2.LTS\lib\armv6m-ti-none-eabi/c/libc.a
       copy_decompress_lzss.c.obj     120    0         0      
       autoinit.c.obj                 60     0         0      
       boot_cortex_m.c.obj            40     0         0      
       copy_decompress_none.c.obj     18     0         0      
       memcpy16.S.obj                 18     0         0      
       exit.c.obj                     4      0         0      
       pre_init.c.obj                 4      0         0      
    +--+------------------------------+------+---------+---------+
       Total:                         264    0         0      
                                                              
    C:\ti\ccstheia141\ccs\tools\compiler\ti-cgt-armllvm_3.2.2.LTS\lib\clang/15.0.7/lib/armv6m-ti-none-eabi/libclang_rt.builtins.a
       adddf3.S.obj                   402    0         0      
       fixunsdfsi.S.obj               66     0         0      
       aeabi_uidivmod.S.obj           64     0         0      
       floatunsidf.S.obj              36     0         0      
       aeabi_memcpy.S.obj             8      0         0      
       aeabi_div0.c.obj               2      0         0      
    +--+------------------------------+------+---------+---------+
       Total:                         578    0         0      
                                                              
       Heap:                          0      0         2048   
       Stack:                         0      0         512    
       Linker Generated:              0      27        0      
    +--+------------------------------+------+---------+---------+
       Grand Total:                   3438   447       2567   


LINKER GENERATED COPY TABLES

__TI_cinit_table @ 00000f2c records: 1, size/record: 8, table size: 8
	.data: load addr=00000f18, load size=0000000b bytes, run addr=20200800, run size=00000007 bytes, compression=lzss


LINKER GENERATED HANDLER TABLE

__TI_handler_table @ 00000f24 records: 2, size/record: 4, table size: 8
	index: 0, handler: __TI_decompress_lzss
	index: 1, handler: __TI_decompress_none


GLOBAL SYMBOLS: SORTED ALPHABETICALLY BY Name 

address   name                          
-------   ----                          
00000e1d  ADC0_IRQHandler               
00000e1d  ADC1_IRQHandler               
00000e1d  AES_IRQHandler                
00000e2c  C$$EXIT                       
00000e1d  CANFD0_IRQHandler             
00000e1d  DAC0_IRQHandler               
00000e1d  DMA_IRQHandler                
00000e1d  Default_Handler               
00000e1d  GROUP0_IRQHandler             
000009ed  GROUP1_IRQHandler             
00000e21  HardFault_Handler             
00000e1d  I2C0_IRQHandler               
00000e1d  I2C1_IRQHandler               
000007f1  I2C_init                      
00000959  I2C_send1                     
00000e1d  NMI_Handler                   
00000e1d  PendSV_Handler                
00000e1d  RTC_IRQHandler                
00000e25  Reset_Handler                 
00000e1d  SPI0_IRQHandler               
00000e1d  SPI1_IRQHandler               
00000e1d  SVC_Handler                   
00000e1d  SysTick_Handler               
00000e1d  TIMA0_IRQHandler              
00000e1d  TIMA1_IRQHandler              
00000e1d  TIMG0_IRQHandler              
00000e1d  TIMG12_IRQHandler             
00000e1d  TIMG6_IRQHandler              
00000e1d  TIMG7_IRQHandler              
00000e1d  TIMG8_IRQHandler              
00000dd5  TI_memcpy_small               
00000e1d  UART0_IRQHandler              
00000e1d  UART1_IRQHandler              
00000e1d  UART2_IRQHandler              
00000e1d  UART3_IRQHandler              
000004c9  UART_init                     
20208000  __STACK_END                   
00000200  __STACK_SIZE                  
00000800  __SYSMEM_SIZE                 
00000000  __TI_ATRegion0_region_sz      
00000000  __TI_ATRegion0_src_addr       
00000000  __TI_ATRegion0_trg_addr       
00000000  __TI_ATRegion1_region_sz      
00000000  __TI_ATRegion1_src_addr       
00000000  __TI_ATRegion1_trg_addr       
00000000  __TI_ATRegion2_region_sz      
00000000  __TI_ATRegion2_src_addr       
00000000  __TI_ATRegion2_trg_addr       
00000f2c  __TI_CINIT_Base               
00000f34  __TI_CINIT_Limit              
00000f34  __TI_CINIT_Warm               
00000f24  __TI_Handler_Table_Base       
00000f2c  __TI_Handler_Table_Limit      
00000c91  __TI_auto_init_nobinit_nopinit
00000a79  __TI_decompress_lzss          
00000de7  __TI_decompress_none          
ffffffff  __TI_pprof_out_hndl           
ffffffff  __TI_prof_data_size           
ffffffff  __TI_prof_data_start          
00000000  __TI_static_base__            
000000cb  __adddf3                      
00000c0d  __aeabi_d2uiz                 
000000cb  __aeabi_dadd                  
000000c1  __aeabi_dsub                  
00000253  __aeabi_idiv0                 
00000e15  __aeabi_memcpy                
00000e15  __aeabi_memcpy4               
00000e15  __aeabi_memcpy8               
00000d91  __aeabi_ui2d                  
00000c51  __aeabi_uidiv                 
00000c51  __aeabi_uidivmod              
ffffffff  __binit__                     
00000c0d  __fixunsdfsi                  
00000d91  __floatunsidf                 
UNDEFED   __mpu_init                    
20207e00  __stack                       
20200000  __start___llvm_prf_bits       
20200000  __start___llvm_prf_cnts       
20200000  __stop___llvm_prf_bits        
20200000  __stop___llvm_prf_cnts        
000000c1  __subdf3                      
00000d69  _c_int00_noargs               
20200000  _sys_memory                   
UNDEFED   _system_post_cinit            
00000e29  _system_pre_init              
00000e2d  abort                         
ffffffff  binit                         
00000df9  clock_delay                   
00000255  clock_init_40mhz              
00000ecc  dip_switch_config_data        
00000bc1  dipsw_init                    
00000e90  enable_controls               
20200800  g_bus_clock_freq              
20200805  g_pb1_pressed                 
20200806  g_pb2_pressed                 
00000e09  get_bus_clock_freq            
00000efc  iic_config_data               
00000000  interruptVectors              
00000ccd  launchpad_gpio_init           
0000066d  lcd1602_init                  
00000731  lcd1602_write                 
00000db5  lcd_set_display_on            
00000e30  led_config_data               
000008ad  led_init                      
0000059d  leds_off                      
00000d39  main                          
00000d05  msec_delay                    
000003bd  seg7_init                     
00000af1  seg7_off                      


GLOBAL SYMBOLS: SORTED BY Symbol Address 

address   name                          
-------   ----                          
00000000  __TI_ATRegion0_region_sz      
00000000  __TI_ATRegion0_src_addr       
00000000  __TI_ATRegion0_trg_addr       
00000000  __TI_ATRegion1_region_sz      
00000000  __TI_ATRegion1_src_addr       
00000000  __TI_ATRegion1_trg_addr       
00000000  __TI_ATRegion2_region_sz      
00000000  __TI_ATRegion2_src_addr       
00000000  __TI_ATRegion2_trg_addr       
00000000  __TI_static_base__            
00000000  interruptVectors              
000000c1  __aeabi_dsub                  
000000c1  __subdf3                      
000000cb  __adddf3                      
000000cb  __aeabi_dadd                  
00000200  __STACK_SIZE                  
00000253  __aeabi_idiv0                 
00000255  clock_init_40mhz              
000003bd  seg7_init                     
000004c9  UART_init                     
0000059d  leds_off                      
0000066d  lcd1602_init                  
00000731  lcd1602_write                 
000007f1  I2C_init                      
00000800  __SYSMEM_SIZE                 
000008ad  led_init                      
00000959  I2C_send1                     
000009ed  GROUP1_IRQHandler             
00000a79  __TI_decompress_lzss          
00000af1  seg7_off                      
00000bc1  dipsw_init                    
00000c0d  __aeabi_d2uiz                 
00000c0d  __fixunsdfsi                  
00000c51  __aeabi_uidiv                 
00000c51  __aeabi_uidivmod              
00000c91  __TI_auto_init_nobinit_nopinit
00000ccd  launchpad_gpio_init           
00000d05  msec_delay                    
00000d39  main                          
00000d69  _c_int00_noargs               
00000d91  __aeabi_ui2d                  
00000d91  __floatunsidf                 
00000db5  lcd_set_display_on            
00000dd5  TI_memcpy_small               
00000de7  __TI_decompress_none          
00000df9  clock_delay                   
00000e09  get_bus_clock_freq            
00000e15  __aeabi_memcpy                
00000e15  __aeabi_memcpy4               
00000e15  __aeabi_memcpy8               
00000e1d  ADC0_IRQHandler               
00000e1d  ADC1_IRQHandler               
00000e1d  AES_IRQHandler                
00000e1d  CANFD0_IRQHandler             
00000e1d  DAC0_IRQHandler               
00000e1d  DMA_IRQHandler                
00000e1d  Default_Handler               
00000e1d  GROUP0_IRQHandler             
00000e1d  I2C0_IRQHandler               
00000e1d  I2C1_IRQHandler               
00000e1d  NMI_Handler                   
00000e1d  PendSV_Handler                
00000e1d  RTC_IRQHandler                
00000e1d  SPI0_IRQHandler               
00000e1d  SPI1_IRQHandler               
00000e1d  SVC_Handler                   
00000e1d  SysTick_Handler               
00000e1d  TIMA0_IRQHandler              
00000e1d  TIMA1_IRQHandler              
00000e1d  TIMG0_IRQHandler              
00000e1d  TIMG12_IRQHandler             
00000e1d  TIMG6_IRQHandler              
00000e1d  TIMG7_IRQHandler              
00000e1d  TIMG8_IRQHandler              
00000e1d  UART0_IRQHandler              
00000e1d  UART1_IRQHandler              
00000e1d  UART2_IRQHandler              
00000e1d  UART3_IRQHandler              
00000e21  HardFault_Handler             
00000e25  Reset_Handler                 
00000e29  _system_pre_init              
00000e2c  C$$EXIT                       
00000e2d  abort                         
00000e30  led_config_data               
00000e90  enable_controls               
00000ecc  dip_switch_config_data        
00000efc  iic_config_data               
00000f24  __TI_Handler_Table_Base       
00000f2c  __TI_CINIT_Base               
00000f2c  __TI_Handler_Table_Limit      
00000f34  __TI_CINIT_Limit              
00000f34  __TI_CINIT_Warm               
20200000  __start___llvm_prf_bits       
20200000  __start___llvm_prf_cnts       
20200000  __stop___llvm_prf_bits        
20200000  __stop___llvm_prf_cnts        
20200000  _sys_memory                   
20200800  g_bus_clock_freq              
20200805  g_pb1_pressed                 
20200806  g_pb2_pressed                 
20207e00  __stack                       
20208000  __STACK_END                   
ffffffff  __TI_pprof_out_hndl           
ffffffff  __TI_prof_data_size           
ffffffff  __TI_prof_data_start          
ffffffff  __binit__                     
ffffffff  binit                         
UNDEFED   __mpu_init                    
UNDEFED   _system_post_cinit            

[109 symbols]
