******************************************************************************
            TI ARM Clang Linker PC v3.2.2                      
******************************************************************************
>> Linked Sat May  3 23:56:43 2025

OUTPUT FILE NAME:   <lab10_p2.out>
ENTRY POINT SYMBOL: "_c_int00_noargs"  address: 00000e3d


MEMORY CONFIGURATION

         name            origin    length      used     unused   attr    fill
----------------------  --------  ---------  --------  --------  ----  --------
  FLASH                 00000000   00020000  00001070  0001ef90  R  X
  SRAM                  20200000   00008000  00000a07  000075f9  RW X
  BCR_CONFIG            41c00000   00000080  00000000  00000080  R   
  BSL_CONFIG            41c00100   00000080  00000000  00000080  R   


SEGMENT ALLOCATION MAP

run origin  load origin   length   init length attrs members
----------  ----------- ---------- ----------- ----- -------
00000000    00000000    00001070   00001070    r-x
  00000000    00000000    000000c0   000000c0    r-- .intvecs
  000000c0    000000c0    00000e48   00000e48    r-x .text
  00000f08    00000f08    00000148   00000148    r-- .rodata
  00001050    00001050    00000020   00000020    r-- .cinit
20200000    20200000    00000807   00000000    rw-
  20200000    20200000    00000800   00000000    rw- .sysmem
  20200800    20200800    00000007   00000000    rw- .data
20207e00    20207e00    00000200   00000000    rw-
  20207e00    20207e00    00000200   00000000    rw- .stack


SECTION ALLOCATION MAP

 output                                  attributes/
section   page    origin      length       input sections
--------  ----  ----------  ----------   ----------------
.intvecs   0    00000000    000000c0     
                  00000000    000000c0     startup_mspm0g3507_ticlang.o (.intvecs)

.text      0    000000c0    00000e48     
                  000000c0    00000192     libclang_rt.builtins.a : adddf3.S.obj (.text.adddf3_subdf3)
                  00000252    00000002                            : aeabi_div0.c.obj (.text.__aeabi_idiv0)
                  00000254    00000168     clock.o (.text.clock_init_40mhz)
                  000003bc    0000010c     LaunchPad.o (.text.seg7_init)
                  000004c8    000000d4     uart.o (.text.UART_init)
                  0000059c    000000d0     LaunchPad.o (.text.keypad_init)
                  0000066c    000000d0     LaunchPad.o (.text.leds_off)
                  0000073c    000000c4     lcd1602.o (.text.lcd1602_init)
                  00000800    000000c0     lcd1602.o (.text.lcd1602_write)
                  000008c0    000000bc     LaunchPad.o (.text.I2C_init)
                  0000097c    000000ac     LaunchPad.o (.text.led_init)
                  00000a28    00000094     LaunchPad.o (.text.I2C_send1)
                  00000abc    0000008c     main.o (.text.GROUP1_IRQHandler)
                  00000b48    00000078     libc.a : copy_decompress_lzss.c.obj (.text:decompress:lzss)
                  00000bc0    00000074     LaunchPad.o (.text.seg7_off)
                  00000c34    0000005c     LaunchPad.o (.text.I2C_fill_tx_fifo)
                  00000c90    0000004c     LaunchPad.o (.text.dipsw_init)
                  00000cdc    00000042     libclang_rt.builtins.a : fixunsdfsi.S.obj (.text.__fixunsdfsi)
                  00000d1e    00000002     --HOLE-- [fill = 0]
                  00000d20    00000040                            : aeabi_uidivmod.S.obj (.text.__aeabi_uidivmod)
                  00000d60    0000003c     libc.a : autoinit.c.obj (.text:__TI_auto_init_nobinit_nopinit)
                  00000d9c    00000038     LaunchPad.o (.text.launchpad_gpio_init)
                  00000dd4    00000034     main.o (.text.main)
                  00000e08    00000034     clock.o (.text.msec_delay)
                  00000e3c    00000028     libc.a : boot_cortex_m.c.obj (.text:_c_int00_noargs)
                  00000e64    00000024     libclang_rt.builtins.a : floatunsidf.S.obj (.text.__floatunsidf)
                  00000e88    00000020     lcd1602.o (.text.lcd_set_display_on)
                  00000ea8    00000012     libc.a : memcpy16.S.obj (.text:TI_memcpy_small)
                  00000eba    00000012            : copy_decompress_none.c.obj (.text:decompress:none)
                  00000ecc    00000010     clock.o (.text.clock_delay)
                  00000edc    0000000c     clock.o (.text.get_bus_clock_freq)
                  00000ee8    00000008     libclang_rt.builtins.a : aeabi_memcpy.S.obj (.text.__aeabi_memcpy)
                  00000ef0    00000004     startup_mspm0g3507_ticlang.o (.text.Default_Handler)
                  00000ef4    00000004     startup_mspm0g3507_ticlang.o (.text.HardFault_Handler)
                  00000ef8    00000004     startup_mspm0g3507_ticlang.o (.text.Reset_Handler)
                  00000efc    00000004     libc.a : pre_init.c.obj (.text._system_pre_init)
                  00000f00    00000004            : exit.c.obj (.text:abort)
                  00000f04    00000004     --HOLE-- [fill = 0]

.cinit     0    00001050    00000020     
                  00001050    0000000b     (.cinit..data.load) [load image, compression = lzss]
                  0000105b    00000001     --HOLE-- [fill = 0]
                  0000105c    00000008     (__TI_handler_table)
                  00001064    00000008     (__TI_cinit_table)
                  0000106c    00000004     --HOLE-- [fill = 0]

.rodata    0    00000f08    00000148     
                  00000f08    00000060     LaunchPad.o (.rodata.led_config_data)
                  00000f68    0000003c     LaunchPad.o (.rodata.enable_controls)
                  00000fa4    00000030     LaunchPad.o (.rodata.dip_switch_config_data)
                  00000fd4    00000030     LaunchPad.o (.rodata.kp_col_config_data)
                  00001004    00000030     LaunchPad.o (.rodata.kp_row_config_data)
                  00001034    00000018     LaunchPad.o (.rodata.iic_config_data)
                  0000104c    00000004     --HOLE-- [fill = 0]

.init_array 
*          0    00000000    00000000     UNINITIALIZED

.binit     0    00000000    00000000     

.data      0    20200800    00000007     UNINITIALIZED
                  20200800    00000004     clock.o (.data.g_bus_clock_freq)
                  20200804    00000001     lcd1602.o (.data.g_lcd_backlight_mode)
                  20200805    00000001     main.o (.data.g_pb1_pressed)
                  20200806    00000001     main.o (.data.g_pb2_pressed)

.sysmem    0    20200000    00000800     UNINITIALIZED
                  20200000    00000010     libc.a : memory.c.obj (.sysmem)
                  20200010    000007f0     --HOLE--

.stack     0    20207e00    00000200     UNINITIALIZED
                  20207e00    00000004     libc.a : boot_cortex_m.c.obj (.stack)
                  20207e04    000001fc     --HOLE--

__llvm_prf_cnts 
*          0    20200000    00000000     UNINITIALIZED

__llvm_prf_bits 
*          0    20200000    00000000     UNINITIALIZED

MODULE SUMMARY

       Module                         code   ro data   rw data
       ------                         ----   -------   -------
    .\
       LaunchPad.o                    1532   324       0      
       clock.o                        440    0         4      
       lcd1602.o                      420    0         1      
       uart.o                         212    0         0      
       main.o                         192    0         2      
    +--+------------------------------+------+---------+---------+
       Total:                         2796   324       7      
                                                              
    .\ticlang\
       startup_mspm0g3507_ticlang.o   12     192       0      
    +--+------------------------------+------+---------+---------+
       Total:                         12     192       0      
                                                              
    C:\ti\ccstheia141\ccs\tools\compiler\ti-cgt-armllvm_3.2.2.LTS\lib\armv6m-ti-none-eabi/c/libc.a
       copy_decompress_lzss.c.obj     120    0         0      
       autoinit.c.obj                 60     0         0      
       boot_cortex_m.c.obj            40     0         0      
       copy_decompress_none.c.obj     18     0         0      
       memcpy16.S.obj                 18     0         0      
       exit.c.obj                     4      0         0      
       pre_init.c.obj                 4      0         0      
    +--+------------------------------+------+---------+---------+
       Total:                         264    0         0      
                                                              
    C:\ti\ccstheia141\ccs\tools\compiler\ti-cgt-armllvm_3.2.2.LTS\lib\clang/15.0.7/lib/armv6m-ti-none-eabi/libclang_rt.builtins.a
       adddf3.S.obj                   402    0         0      
       fixunsdfsi.S.obj               66     0         0      
       aeabi_uidivmod.S.obj           64     0         0      
       floatunsidf.S.obj              36     0         0      
       aeabi_memcpy.S.obj             8      0         0      
       aeabi_div0.c.obj               2      0         0      
    +--+------------------------------+------+---------+---------+
       Total:                         578    0         0      
                                                              
       Heap:                          0      0         2048   
       Stack:                         0      0         512    
       Linker Generated:              0      27        0      
    +--+------------------------------+------+---------+---------+
       Grand Total:                   3650   543       2567   


LINKER GENERATED COPY TABLES

__TI_cinit_table @ 00001064 records: 1, size/record: 8, table size: 8
	.data: load addr=00001050, load size=0000000b bytes, run addr=20200800, run size=00000007 bytes, compression=lzss


LINKER GENERATED HANDLER TABLE

__TI_handler_table @ 0000105c records: 2, size/record: 4, table size: 8
	index: 0, handler: __TI_decompress_lzss
	index: 1, handler: __TI_decompress_none


GLOBAL SYMBOLS: SORTED ALPHABETICALLY BY Name 

address   name                          
-------   ----                          
00000ef1  ADC0_IRQHandler               
00000ef1  ADC1_IRQHandler               
00000ef1  AES_IRQHandler                
00000f00  C$$EXIT                       
00000ef1  CANFD0_IRQHandler             
00000ef1  DAC0_IRQHandler               
00000ef1  DMA_IRQHandler                
00000ef1  Default_Handler               
00000ef1  GROUP0_IRQHandler             
00000abd  GROUP1_IRQHandler             
00000ef5  HardFault_Handler             
00000ef1  I2C0_IRQHandler               
00000ef1  I2C1_IRQHandler               
000008c1  I2C_init                      
00000a29  I2C_send1                     
00000ef1  NMI_Handler                   
00000ef1  PendSV_Handler                
00000ef1  RTC_IRQHandler                
00000ef9  Reset_Handler                 
00000ef1  SPI0_IRQHandler               
00000ef1  SPI1_IRQHandler               
00000ef1  SVC_Handler                   
00000ef1  SysTick_Handler               
00000ef1  TIMA0_IRQHandler              
00000ef1  TIMA1_IRQHandler              
00000ef1  TIMG0_IRQHandler              
00000ef1  TIMG12_IRQHandler             
00000ef1  TIMG6_IRQHandler              
00000ef1  TIMG7_IRQHandler              
00000ef1  TIMG8_IRQHandler              
00000ea9  TI_memcpy_small               
00000ef1  UART0_IRQHandler              
00000ef1  UART1_IRQHandler              
00000ef1  UART2_IRQHandler              
00000ef1  UART3_IRQHandler              
000004c9  UART_init                     
20208000  __STACK_END                   
00000200  __STACK_SIZE                  
00000800  __SYSMEM_SIZE                 
00000000  __TI_ATRegion0_region_sz      
00000000  __TI_ATRegion0_src_addr       
00000000  __TI_ATRegion0_trg_addr       
00000000  __TI_ATRegion1_region_sz      
00000000  __TI_ATRegion1_src_addr       
00000000  __TI_ATRegion1_trg_addr       
00000000  __TI_ATRegion2_region_sz      
00000000  __TI_ATRegion2_src_addr       
00000000  __TI_ATRegion2_trg_addr       
00001064  __TI_CINIT_Base               
0000106c  __TI_CINIT_Limit              
0000106c  __TI_CINIT_Warm               
0000105c  __TI_Handler_Table_Base       
00001064  __TI_Handler_Table_Limit      
00000d61  __TI_auto_init_nobinit_nopinit
00000b49  __TI_decompress_lzss          
00000ebb  __TI_decompress_none          
ffffffff  __TI_pprof_out_hndl           
ffffffff  __TI_prof_data_size           
ffffffff  __TI_prof_data_start          
00000000  __TI_static_base__            
000000cb  __adddf3                      
00000cdd  __aeabi_d2uiz                 
000000cb  __aeabi_dadd                  
000000c1  __aeabi_dsub                  
00000253  __aeabi_idiv0                 
00000ee9  __aeabi_memcpy                
00000ee9  __aeabi_memcpy4               
00000ee9  __aeabi_memcpy8               
00000e65  __aeabi_ui2d                  
00000d21  __aeabi_uidiv                 
00000d21  __aeabi_uidivmod              
ffffffff  __binit__                     
00000cdd  __fixunsdfsi                  
00000e65  __floatunsidf                 
UNDEFED   __mpu_init                    
20207e00  __stack                       
20200000  __start___llvm_prf_bits       
20200000  __start___llvm_prf_cnts       
20200000  __stop___llvm_prf_bits        
20200000  __stop___llvm_prf_cnts        
000000c1  __subdf3                      
00000e3d  _c_int00_noargs               
20200000  _sys_memory                   
UNDEFED   _system_post_cinit            
00000efd  _system_pre_init              
00000f01  abort                         
ffffffff  binit                         
00000ecd  clock_delay                   
00000255  clock_init_40mhz              
00000fa4  dip_switch_config_data        
00000c91  dipsw_init                    
00000f68  enable_controls               
20200800  g_bus_clock_freq              
20200805  g_pb1_pressed                 
20200806  g_pb2_pressed                 
00000edd  get_bus_clock_freq            
00001034  iic_config_data               
00000000  interruptVectors              
0000059d  keypad_init                   
00000fd4  kp_col_config_data            
00001004  kp_row_config_data            
00000d9d  launchpad_gpio_init           
0000073d  lcd1602_init                  
00000801  lcd1602_write                 
00000e89  lcd_set_display_on            
00000f08  led_config_data               
0000097d  led_init                      
0000066d  leds_off                      
00000dd5  main                          
00000e09  msec_delay                    
000003bd  seg7_init                     
00000bc1  seg7_off                      


GLOBAL SYMBOLS: SORTED BY Symbol Address 

address   name                          
-------   ----                          
00000000  __TI_ATRegion0_region_sz      
00000000  __TI_ATRegion0_src_addr       
00000000  __TI_ATRegion0_trg_addr       
00000000  __TI_ATRegion1_region_sz      
00000000  __TI_ATRegion1_src_addr       
00000000  __TI_ATRegion1_trg_addr       
00000000  __TI_ATRegion2_region_sz      
00000000  __TI_ATRegion2_src_addr       
00000000  __TI_ATRegion2_trg_addr       
00000000  __TI_static_base__            
00000000  interruptVectors              
000000c1  __aeabi_dsub                  
000000c1  __subdf3                      
000000cb  __adddf3                      
000000cb  __aeabi_dadd                  
00000200  __STACK_SIZE                  
00000253  __aeabi_idiv0                 
00000255  clock_init_40mhz              
000003bd  seg7_init                     
000004c9  UART_init                     
0000059d  keypad_init                   
0000066d  leds_off                      
0000073d  lcd1602_init                  
00000800  __SYSMEM_SIZE                 
00000801  lcd1602_write                 
000008c1  I2C_init                      
0000097d  led_init                      
00000a29  I2C_send1                     
00000abd  GROUP1_IRQHandler             
00000b49  __TI_decompress_lzss          
00000bc1  seg7_off                      
00000c91  dipsw_init                    
00000cdd  __aeabi_d2uiz                 
00000cdd  __fixunsdfsi                  
00000d21  __aeabi_uidiv                 
00000d21  __aeabi_uidivmod              
00000d61  __TI_auto_init_nobinit_nopinit
00000d9d  launchpad_gpio_init           
00000dd5  main                          
00000e09  msec_delay                    
00000e3d  _c_int00_noargs               
00000e65  __aeabi_ui2d                  
00000e65  __floatunsidf                 
00000e89  lcd_set_display_on            
00000ea9  TI_memcpy_small               
00000ebb  __TI_decompress_none          
00000ecd  clock_delay                   
00000edd  get_bus_clock_freq            
00000ee9  __aeabi_memcpy                
00000ee9  __aeabi_memcpy4               
00000ee9  __aeabi_memcpy8               
00000ef1  ADC0_IRQHandler               
00000ef1  ADC1_IRQHandler               
00000ef1  AES_IRQHandler                
00000ef1  CANFD0_IRQHandler             
00000ef1  DAC0_IRQHandler               
00000ef1  DMA_IRQHandler                
00000ef1  Default_Handler               
00000ef1  GROUP0_IRQHandler             
00000ef1  I2C0_IRQHandler               
00000ef1  I2C1_IRQHandler               
00000ef1  NMI_Handler                   
00000ef1  PendSV_Handler                
00000ef1  RTC_IRQHandler                
00000ef1  SPI0_IRQHandler               
00000ef1  SPI1_IRQHandler               
00000ef1  SVC_Handler                   
00000ef1  SysTick_Handler               
00000ef1  TIMA0_IRQHandler              
00000ef1  TIMA1_IRQHandler              
00000ef1  TIMG0_IRQHandler              
00000ef1  TIMG12_IRQHandler             
00000ef1  TIMG6_IRQHandler              
00000ef1  TIMG7_IRQHandler              
00000ef1  TIMG8_IRQHandler              
00000ef1  UART0_IRQHandler              
00000ef1  UART1_IRQHandler              
00000ef1  UART2_IRQHandler              
00000ef1  UART3_IRQHandler              
00000ef5  HardFault_Handler             
00000ef9  Reset_Handler                 
00000efd  _system_pre_init              
00000f00  C$$EXIT                       
00000f01  abort                         
00000f08  led_config_data               
00000f68  enable_controls               
00000fa4  dip_switch_config_data        
00000fd4  kp_col_config_data            
00001004  kp_row_config_data            
00001034  iic_config_data               
0000105c  __TI_Handler_Table_Base       
00001064  __TI_CINIT_Base               
00001064  __TI_Handler_Table_Limit      
0000106c  __TI_CINIT_Limit              
0000106c  __TI_CINIT_Warm               
20200000  __start___llvm_prf_bits       
20200000  __start___llvm_prf_cnts       
20200000  __stop___llvm_prf_bits        
20200000  __stop___llvm_prf_cnts        
20200000  _sys_memory                   
20200800  g_bus_clock_freq              
20200805  g_pb1_pressed                 
20200806  g_pb2_pressed                 
20207e00  __stack                       
20208000  __STACK_END                   
ffffffff  __TI_pprof_out_hndl           
ffffffff  __TI_prof_data_size           
ffffffff  __TI_prof_data_start          
ffffffff  __binit__                     
ffffffff  binit                         
UNDEFED   __mpu_init                    
UNDEFED   _system_post_cinit            

[112 symbols]
