******************************************************************************
            TI ARM Clang Linker Unix v4.0.0                    
******************************************************************************
>> Linked Mon May  5 13:39:49 2025

OUTPUT FILE NAME:   <mainprogram.out>
ENTRY POINT SYMBOL: "_c_int00_noargs"  address: 000011bd


MEMORY CONFIGURATION

         name            origin    length      used     unused   attr    fill
----------------------  --------  ---------  --------  --------  ----  --------
  FLASH                 00000000   00020000  00001480  0001eb80  R  X
  SRAM                  20200000   00008000  00000a17  000075e9  RW X
  BCR_CONFIG            41c00000   00000080  00000000  00000080  R   
  BSL_CONFIG            41c00100   00000080  00000000  00000080  R   


SEGMENT ALLOCATION MAP

run origin  load origin   length   init length attrs members
----------  ----------- ---------- ----------- ----- -------
00000000    00000000    00001480   00001480    r-x
  00000000    00000000    000000c0   000000c0    r-- .intvecs
  000000c0    000000c0    00001248   00001248    r-x .text
  00001308    00001308    00000148   00000148    r-- .rodata
  00001450    00001450    00000030   00000030    r-- .cinit
20200000    20200000    00000817   00000000    rw-
  20200000    20200000    00000800   00000000    rw- .sysmem
  20200800    20200800    00000017   00000000    rw- .data
20207e00    20207e00    00000200   00000000    rw-
  20207e00    20207e00    00000200   00000000    rw- .stack


SECTION ALLOCATION MAP

 output                                  attributes/
section   page    origin      length       input sections
--------  ----  ----------  ----------   ----------------
.intvecs   0    00000000    000000c0     
                  00000000    000000c0     startup_mspm0g3507_ticlang.o (.intvecs)

.text      0    000000c0    00001248     
                  000000c0    00000192     libclang_rt.builtins.a : adddf3.S.obj (.text.adddf3_subdf3)
                  00000252    00000002                            : aeabi_div0.c.obj (.text.__aeabi_idiv0)
                  00000254    00000168     clock.o (.text.clock_init_40mhz)
                  000003bc    0000010c     LaunchPad.o (.text.seg7_init)
                  000004c8    000000f2     main.o (.text.keypad_input)
                  000005ba    00000002     --HOLE-- [fill = 0]
                  000005bc    000000dc     LaunchPad.o (.text.write_keycol_data)
                  00000698    000000d4     uart.o (.text.UART_init)
                  0000076c    000000d0     LaunchPad.o (.text.keypad_init)
                  0000083c    000000d0     LaunchPad.o (.text.leds_off)
                  0000090c    000000c4     lcd1602.o (.text.lcd1602_init)
                  000009d0    000000c0     lcd1602.o (.text.lcd1602_write)
                  00000a90    000000bc     LaunchPad.o (.text.I2C_init)
                  00000b4c    000000ac     LaunchPad.o (.text.read_keyrow_data)
                  00000bf8    000000a8     LaunchPad.o (.text.led_init)
                  00000ca0    00000094     LaunchPad.o (.text.I2C_send1)
                  00000d34    0000008c     main.o (.text.GROUP1_IRQHandler)
                  00000dc0    00000088     LaunchPad.o (.text.keypad_scan)
                  00000e48    0000007c     libc.a : copy_decompress_lzss.c.obj (.text:decompress:lzss)
                  00000ec4    00000074     LaunchPad.o (.text.seg7_off)
                  00000f38    0000005c     LaunchPad.o (.text.I2C_fill_tx_fifo)
                  00000f94    0000004c     LaunchPad.o (.text.dipsw_init)
                  00000fe0    00000042     libclang_rt.builtins.a : fixunsdfsi.S.obj (.text.__fixunsdfsi)
                  00001022    00000002     --HOLE-- [fill = 0]
                  00001024    00000040                            : aeabi_uidivmod.S.obj (.text.__aeabi_uidivmod)
                  00001064    0000003e     lcd1602.o (.text.hex_to_ascii)
                  000010a2    00000002     --HOLE-- [fill = 0]
                  000010a4    0000003c     libc.a : autoinit.c.obj (.text:__TI_auto_init_nobinit_nopinit)
                  000010e0    00000038     LaunchPad.o (.text.launchpad_gpio_init)
                  00001118    00000038     main.o (.text.main)
                  00001150    00000036     main.o (.text.padPress)
                  00001186    00000002     --HOLE-- [fill = 0]
                  00001188    00000034     clock.o (.text.msec_delay)
                  000011bc    00000028     libc.a : boot_cortex_m.c.obj (.text:_c_int00_noargs)
                  000011e4    00000024     libclang_rt.builtins.a : floatunsidf.S.obj (.text.__floatunsidf)
                  00001208    00000020     lcd1602.o (.text.lcd_set_ddram_addr)
                  00001228    00000020     lcd1602.o (.text.lcd_set_display_on)
                  00001248    0000001e     LaunchPad.o (.text.wait_no_key_pressed)
                  00001266    0000001a     lcd1602.o (.text.hex_to_lcd)
                  00001280    00000018     lcd1602.o (.text.lcd_write_char)
                  00001298    00000012     libc.a : memcpy16.S.obj (.text:TI_memcpy_small)
                  000012aa    00000012            : copy_decompress_none.c.obj (.text:decompress:none)
                  000012bc    00000010     clock.o (.text.clock_delay)
                  000012cc    0000000e     lcd1602.o (.text.lcd_clear)
                  000012da    00000002     --HOLE-- [fill = 0]
                  000012dc    0000000c     clock.o (.text.get_bus_clock_freq)
                  000012e8    00000008     libclang_rt.builtins.a : aeabi_memcpy.S.obj (.text.__aeabi_memcpy)
                  000012f0    00000004     startup_mspm0g3507_ticlang.o (.text.Default_Handler)
                  000012f4    00000004     startup_mspm0g3507_ticlang.o (.text.HardFault_Handler)
                  000012f8    00000004     startup_mspm0g3507_ticlang.o (.text.Reset_Handler)
                  000012fc    00000004     libc.a : pre_init.c.obj (.text._system_pre_init)
                  00001300    00000004            : exit.c.obj (.text:abort)
                  00001304    00000004     --HOLE-- [fill = 0]

.cinit     0    00001450    00000030     
                  00001450    0000001d     (.cinit..data.load) [load image, compression = lzss]
                  0000146d    00000003     --HOLE-- [fill = 0]
                  00001470    00000008     (__TI_handler_table)
                  00001478    00000008     (__TI_cinit_table)

.rodata    0    00001308    00000148     
                  00001308    00000060     LaunchPad.o (.rodata.led_config_data)
                  00001368    0000003c     LaunchPad.o (.rodata.enable_controls)
                  000013a4    00000030     LaunchPad.o (.rodata.dip_switch_config_data)
                  000013d4    00000030     LaunchPad.o (.rodata.kp_col_config_data)
                  00001404    00000030     LaunchPad.o (.rodata.kp_row_config_data)
                  00001434    00000018     LaunchPad.o (.rodata.iic_config_data)
                  0000144c    00000004     --HOLE-- [fill = 0]

.init_array 
*          0    00000000    00000000     UNINITIALIZED

.binit     0    00000000    00000000     

.data      0    20200800    00000017     UNINITIALIZED
                  20200800    00000010     LaunchPad.o (.data.keycodes)
                  20200810    00000004     clock.o (.data.g_bus_clock_freq)
                  20200814    00000001     lcd1602.o (.data.g_lcd_backlight_mode)
                  20200815    00000001     main.o (.data.g_pb1_pressed)
                  20200816    00000001     main.o (.data.g_pb2_pressed)

.sysmem    0    20200000    00000800     UNINITIALIZED
                  20200000    00000010     libc.a : memory.c.obj (.sysmem)
                  20200010    000007f0     --HOLE--

.stack     0    20207e00    00000200     UNINITIALIZED
                  20207e00    00000004     libc.a : boot_cortex_m.c.obj (.stack)
                  20207e04    000001fc     --HOLE--

__llvm_prf_cnts 
*          0    20200000    00000000     UNINITIALIZED

__llvm_prf_bits 
*          0    20200000    00000000     UNINITIALIZED

MODULE SUMMARY

       Module                         code   ro data   rw data
       ------                         ----   -------   -------
    ./
       LaunchPad.o                    2086   324       16     
       lcd1602.o                      578    0         1      
       main.o                         492    0         2      
       clock.o                        440    0         4      
       uart.o                         212    0         0      
    +--+------------------------------+------+---------+---------+
       Total:                         3808   324       23     
                                                              
    ./ticlang/
       startup_mspm0g3507_ticlang.o   12     192       0      
    +--+------------------------------+------+---------+---------+
       Total:                         12     192       0      
                                                              
    /home/sofa/ti/ccstheia151/ccs/tools/compiler/ti-cgt-armllvm_4.0.0.LTS/lib/armv6m-ti-none-eabi/c/libc.a
       copy_decompress_lzss.c.obj     124    0         0      
       autoinit.c.obj                 60     0         0      
       boot_cortex_m.c.obj            40     0         0      
       copy_decompress_none.c.obj     18     0         0      
       memcpy16.S.obj                 18     0         0      
       exit.c.obj                     4      0         0      
       pre_init.c.obj                 4      0         0      
    +--+------------------------------+------+---------+---------+
       Total:                         268    0         0      
                                                              
    /home/sofa/ti/ccstheia151/ccs/tools/compiler/ti-cgt-armllvm_4.0.0.LTS/lib/armv6m-ti-none-eabi/libclang_rt.builtins.a
       adddf3.S.obj                   402    0         0      
       fixunsdfsi.S.obj               66     0         0      
       aeabi_uidivmod.S.obj           64     0         0      
       floatunsidf.S.obj              36     0         0      
       aeabi_memcpy.S.obj             8      0         0      
       aeabi_div0.c.obj               2      0         0      
    +--+------------------------------+------+---------+---------+
       Total:                         578    0         0      
                                                              
       Heap:                          0      0         2048   
       Stack:                         0      0         512    
       Linker Generated:              0      45        0      
    +--+------------------------------+------+---------+---------+
       Grand Total:                   4666   561       2583   


LINKER GENERATED COPY TABLES

__TI_cinit_table @ 00001478 records: 1, size/record: 8, table size: 8
	.data: load addr=00001450, load size=0000001d bytes, run addr=20200800, run size=00000017 bytes, compression=lzss


LINKER GENERATED HANDLER TABLE

__TI_handler_table @ 00001470 records: 2, size/record: 4, table size: 8
	index: 0, handler: __TI_decompress_lzss
	index: 1, handler: __TI_decompress_none


GLOBAL SYMBOLS: SORTED ALPHABETICALLY BY Name 

address   name                          
-------   ----                          
000012f1  ADC0_IRQHandler               
000012f1  ADC1_IRQHandler               
000012f1  AES_IRQHandler                
00001300  C$$EXIT                       
000012f1  CANFD0_IRQHandler             
000012f1  DAC0_IRQHandler               
000012f1  DMA_IRQHandler                
000012f1  Default_Handler               
000012f1  GROUP0_IRQHandler             
00000d35  GROUP1_IRQHandler             
000012f5  HardFault_Handler             
000012f1  I2C0_IRQHandler               
000012f1  I2C1_IRQHandler               
00000a91  I2C_init                      
00000ca1  I2C_send1                     
000012f1  NMI_Handler                   
000012f1  PendSV_Handler                
000012f1  RTC_IRQHandler                
000012f9  Reset_Handler                 
000012f1  SPI0_IRQHandler               
000012f1  SPI1_IRQHandler               
000012f1  SVC_Handler                   
000012f1  SysTick_Handler               
000012f1  TIMA0_IRQHandler              
000012f1  TIMA1_IRQHandler              
000012f1  TIMG0_IRQHandler              
000012f1  TIMG12_IRQHandler             
000012f1  TIMG6_IRQHandler              
000012f1  TIMG7_IRQHandler              
000012f1  TIMG8_IRQHandler              
00001299  TI_memcpy_small               
000012f1  UART0_IRQHandler              
000012f1  UART1_IRQHandler              
000012f1  UART2_IRQHandler              
000012f1  UART3_IRQHandler              
00000699  UART_init                     
20208000  __STACK_END                   
00000200  __STACK_SIZE                  
00000800  __SYSMEM_SIZE                 
00000000  __TI_ATRegion0_region_sz      
00000000  __TI_ATRegion0_src_addr       
00000000  __TI_ATRegion0_trg_addr       
00000000  __TI_ATRegion1_region_sz      
00000000  __TI_ATRegion1_src_addr       
00000000  __TI_ATRegion1_trg_addr       
00000000  __TI_ATRegion2_region_sz      
00000000  __TI_ATRegion2_src_addr       
00000000  __TI_ATRegion2_trg_addr       
00001478  __TI_CINIT_Base               
00001480  __TI_CINIT_Limit              
00001480  __TI_CINIT_Warm               
00001470  __TI_Handler_Table_Base       
00001478  __TI_Handler_Table_Limit      
000010a5  __TI_auto_init_nobinit_nopinit
00000e49  __TI_decompress_lzss          
000012ab  __TI_decompress_none          
ffffffff  __TI_pprof_out_hndl           
ffffffff  __TI_prof_data_size           
ffffffff  __TI_prof_data_start          
00000000  __TI_static_base__            
000000cb  __adddf3                      
00000fe1  __aeabi_d2uiz                 
000000cb  __aeabi_dadd                  
000000c1  __aeabi_dsub                  
00000253  __aeabi_idiv0                 
000012e9  __aeabi_memcpy                
000012e9  __aeabi_memcpy4               
000012e9  __aeabi_memcpy8               
000011e5  __aeabi_ui2d                  
00001025  __aeabi_uidiv                 
00001025  __aeabi_uidivmod              
ffffffff  __binit__                     
00000fe1  __fixunsdfsi                  
000011e5  __floatunsidf                 
UNDEFED   __mpu_init                    
20207e00  __stack                       
20200000  __start___llvm_prf_bits       
20200000  __start___llvm_prf_cnts       
20200000  __stop___llvm_prf_bits        
20200000  __stop___llvm_prf_cnts        
000000c1  __subdf3                      
000011bd  _c_int00_noargs               
20200000  _sys_memory                   
UNDEFED   _system_post_cinit            
000012fd  _system_pre_init              
00001301  abort                         
ffffffff  binit                         
000012bd  clock_delay                   
00000255  clock_init_40mhz              
000013a4  dip_switch_config_data        
00000f95  dipsw_init                    
00001368  enable_controls               
20200810  g_bus_clock_freq              
20200815  g_pb1_pressed                 
20200816  g_pb2_pressed                 
000012dd  get_bus_clock_freq            
00001065  hex_to_ascii                  
00001267  hex_to_lcd                    
00001434  iic_config_data               
00000000  interruptVectors              
20200800  keycodes                      
0000076d  keypad_init                   
000004c9  keypad_input                  
00000dc1  keypad_scan                   
000013d4  kp_col_config_data            
00001404  kp_row_config_data            
000010e1  launchpad_gpio_init           
0000090d  lcd1602_init                  
000009d1  lcd1602_write                 
000012cd  lcd_clear                     
00001209  lcd_set_ddram_addr            
00001229  lcd_set_display_on            
00001281  lcd_write_char                
00001308  led_config_data               
00000bf9  led_init                      
0000083d  leds_off                      
00001119  main                          
00001189  msec_delay                    
00001151  padPress                      
00000b4d  read_keyrow_data              
000003bd  seg7_init                     
00000ec5  seg7_off                      
00001249  wait_no_key_pressed           
000005bd  write_keycol_data             


GLOBAL SYMBOLS: SORTED BY Symbol Address 

address   name                          
-------   ----                          
00000000  __TI_ATRegion0_region_sz      
00000000  __TI_ATRegion0_src_addr       
00000000  __TI_ATRegion0_trg_addr       
00000000  __TI_ATRegion1_region_sz      
00000000  __TI_ATRegion1_src_addr       
00000000  __TI_ATRegion1_trg_addr       
00000000  __TI_ATRegion2_region_sz      
00000000  __TI_ATRegion2_src_addr       
00000000  __TI_ATRegion2_trg_addr       
00000000  __TI_static_base__            
00000000  interruptVectors              
000000c1  __aeabi_dsub                  
000000c1  __subdf3                      
000000cb  __adddf3                      
000000cb  __aeabi_dadd                  
00000200  __STACK_SIZE                  
00000253  __aeabi_idiv0                 
00000255  clock_init_40mhz              
000003bd  seg7_init                     
000004c9  keypad_input                  
000005bd  write_keycol_data             
00000699  UART_init                     
0000076d  keypad_init                   
00000800  __SYSMEM_SIZE                 
0000083d  leds_off                      
0000090d  lcd1602_init                  
000009d1  lcd1602_write                 
00000a91  I2C_init                      
00000b4d  read_keyrow_data              
00000bf9  led_init                      
00000ca1  I2C_send1                     
00000d35  GROUP1_IRQHandler             
00000dc1  keypad_scan                   
00000e49  __TI_decompress_lzss          
00000ec5  seg7_off                      
00000f95  dipsw_init                    
00000fe1  __aeabi_d2uiz                 
00000fe1  __fixunsdfsi                  
00001025  __aeabi_uidiv                 
00001025  __aeabi_uidivmod              
00001065  hex_to_ascii                  
000010a5  __TI_auto_init_nobinit_nopinit
000010e1  launchpad_gpio_init           
00001119  main                          
00001151  padPress                      
00001189  msec_delay                    
000011bd  _c_int00_noargs               
000011e5  __aeabi_ui2d                  
000011e5  __floatunsidf                 
00001209  lcd_set_ddram_addr            
00001229  lcd_set_display_on            
00001249  wait_no_key_pressed           
00001267  hex_to_lcd                    
00001281  lcd_write_char                
00001299  TI_memcpy_small               
000012ab  __TI_decompress_none          
000012bd  clock_delay                   
000012cd  lcd_clear                     
000012dd  get_bus_clock_freq            
000012e9  __aeabi_memcpy                
000012e9  __aeabi_memcpy4               
000012e9  __aeabi_memcpy8               
000012f1  ADC0_IRQHandler               
000012f1  ADC1_IRQHandler               
000012f1  AES_IRQHandler                
000012f1  CANFD0_IRQHandler             
000012f1  DAC0_IRQHandler               
000012f1  DMA_IRQHandler                
000012f1  Default_Handler               
000012f1  GROUP0_IRQHandler             
000012f1  I2C0_IRQHandler               
000012f1  I2C1_IRQHandler               
000012f1  NMI_Handler                   
000012f1  PendSV_Handler                
000012f1  RTC_IRQHandler                
000012f1  SPI0_IRQHandler               
000012f1  SPI1_IRQHandler               
000012f1  SVC_Handler                   
000012f1  SysTick_Handler               
000012f1  TIMA0_IRQHandler              
000012f1  TIMA1_IRQHandler              
000012f1  TIMG0_IRQHandler              
000012f1  TIMG12_IRQHandler             
000012f1  TIMG6_IRQHandler              
000012f1  TIMG7_IRQHandler              
000012f1  TIMG8_IRQHandler              
000012f1  UART0_IRQHandler              
000012f1  UART1_IRQHandler              
000012f1  UART2_IRQHandler              
000012f1  UART3_IRQHandler              
000012f5  HardFault_Handler             
000012f9  Reset_Handler                 
000012fd  _system_pre_init              
00001300  C$$EXIT                       
00001301  abort                         
00001308  led_config_data               
00001368  enable_controls               
000013a4  dip_switch_config_data        
000013d4  kp_col_config_data            
00001404  kp_row_config_data            
00001434  iic_config_data               
00001470  __TI_Handler_Table_Base       
00001478  __TI_CINIT_Base               
00001478  __TI_Handler_Table_Limit      
00001480  __TI_CINIT_Limit              
00001480  __TI_CINIT_Warm               
20200000  __start___llvm_prf_bits       
20200000  __start___llvm_prf_cnts       
20200000  __stop___llvm_prf_bits        
20200000  __stop___llvm_prf_cnts        
20200000  _sys_memory                   
20200800  keycodes                      
20200810  g_bus_clock_freq              
20200815  g_pb1_pressed                 
20200816  g_pb2_pressed                 
20207e00  __stack                       
20208000  __STACK_END                   
ffffffff  __TI_pprof_out_hndl           
ffffffff  __TI_prof_data_size           
ffffffff  __TI_prof_data_start          
ffffffff  __binit__                     
ffffffff  binit                         
UNDEFED   __mpu_init                    
UNDEFED   _system_post_cinit            

[124 symbols]
