******************************************************************************
            TI ARM Clang Linker Unix v4.0.0                    
******************************************************************************
>> Linked Mon May  5 16:08:47 2025

OUTPUT FILE NAME:   <mainprogram.out>
ENTRY POINT SYMBOL: "_c_int00_noargs"  address: 00001561


MEMORY CONFIGURATION

         name            origin    length      used     unused   attr    fill
----------------------  --------  ---------  --------  --------  ----  --------
  FLASH                 00000000   00020000  00001988  0001e678  R  X
  SRAM                  20200000   00008000  00000ab1  0000754f  RW X
  BCR_CONFIG            41c00000   00000080  00000000  00000080  R   
  BSL_CONFIG            41c00100   00000080  00000000  00000080  R   


SEGMENT ALLOCATION MAP

run origin  load origin   length   init length attrs members
----------  ----------- ---------- ----------- ----- -------
00000000    00000000    00001988   00001988    r-x
  00000000    00000000    000000c0   000000c0    r-- .intvecs
  000000c0    000000c0    00001668   00001668    r-x .text
  00001728    00001728    00000190   00000190    r-- .rodata
  000018b8    000018b8    000000d0   000000d0    r-- .cinit
20200000    20200000    000008b4   00000000    rw-
  20200000    20200000    00000800   00000000    rw- .sysmem
  20200800    20200800    000000ad   00000000    rw- .data
  202008b0    202008b0    00000004   00000000    rw- .bss
20207e00    20207e00    00000200   00000000    rw-
  20207e00    20207e00    00000200   00000000    rw- .stack


SECTION ALLOCATION MAP

 output                                  attributes/
section   page    origin      length       input sections
--------  ----  ----------  ----------   ----------------
.intvecs   0    00000000    000000c0     
                  00000000    000000c0     startup_mspm0g3507_ticlang.o (.intvecs)

.text      0    000000c0    00001668     
                  000000c0    00000192     libclang_rt.builtins.a : adddf3.S.obj (.text.adddf3_subdf3)
                  00000252    00000002                            : aeabi_div0.c.obj (.text.__aeabi_idiv0)
                  00000254    0000017c     main.o (.text.main)
                  000003d0    00000168     clock.o (.text.clock_init_40mhz)
                  00000538    00000114     libc.a : memory.c.obj (.text.aligned_alloc)
                  0000064c    0000010c     LaunchPad.o (.text.seg7_init)
                  00000758    000000dc     LaunchPad.o (.text.write_keycol_data)
                  00000834    000000d4     uart.o (.text.UART_init)
                  00000908    000000d0     LaunchPad.o (.text.keypad_init)
                  000009d8    000000d0     LaunchPad.o (.text.leds_off)
                  00000aa8    000000c4     lcd1602.o (.text.lcd1602_init)
                  00000b6c    000000c0     lcd1602.o (.text.lcd1602_write)
                  00000c2c    000000bc     LaunchPad.o (.text.I2C_init)
                  00000ce8    000000ac     LaunchPad.o (.text.read_keyrow_data)
                  00000d94    000000a8     LaunchPad.o (.text.led_init)
                  00000e3c    00000094     LaunchPad.o (.text.I2C_send1)
                  00000ed0    00000090     main.o (.text.keypad_input)
                  00000f60    0000008c     main.o (.text.GROUP1_IRQHandler)
                  00000fec    00000088     LaunchPad.o (.text.keypad_scan)
                  00001074    0000007c     main.o (.text.checkIfValid)
                  000010f0    0000007c     libc.a : copy_decompress_lzss.c.obj (.text:decompress:lzss)
                  0000116c    00000074     LaunchPad.o (.text.seg7_off)
                  000011e0    00000064     libc.a : memory.c.obj (.text.split)
                  00001244    0000005c     LaunchPad.o (.text.I2C_fill_tx_fifo)
                  000012a0    00000054     main.o (.text.admin)
                  000012f4    00000054     main.o (.text.string_to_uint16)
                  00001348    0000004c     LaunchPad.o (.text.dipsw_init)
                  00001394    00000042     libclang_rt.builtins.a : fixunsdfsi.S.obj (.text.__fixunsdfsi)
                  000013d6    00000002     libc.a : _lock.c.obj (.text._nop)
                  000013d8    00000040     libclang_rt.builtins.a : aeabi_uidivmod.S.obj (.text.__aeabi_uidivmod)
                  00001418    0000003e     lcd1602.o (.text.hex_to_ascii)
                  00001456    00000002     --HOLE-- [fill = 0]
                  00001458    0000003c     libc.a : autoinit.c.obj (.text:__TI_auto_init_nobinit_nopinit)
                  00001494    00000038     LaunchPad.o (.text.launchpad_gpio_init)
                  000014cc    00000036     main.o (.text.padPress)
                  00001502    00000002     --HOLE-- [fill = 0]
                  00001504    00000034     clock.o (.text.msec_delay)
                  00001538    00000028     libc.a : memory.c.obj (.text.free_list_insert)
                  00001560    00000028            : boot_cortex_m.c.obj (.text:_c_int00_noargs)
                  00001588    00000024     libclang_rt.builtins.a : floatunsidf.S.obj (.text.__floatunsidf)
                  000015ac    00000024     lcd1602.o (.text.lcd_write_string)
                  000015d0    00000020     lcd1602.o (.text.lcd_set_ddram_addr)
                  000015f0    00000020     lcd1602.o (.text.lcd_set_display_on)
                  00001610    0000001e     LaunchPad.o (.text.wait_no_key_pressed)
                  0000162e    00000002     --HOLE-- [fill = 0]
                  00001630    0000001c     LaunchPad.o (.text.dipsw_read_pos1)
                  0000164c    0000001c     libc.a : memory.c.obj (.text.free_list_remove)
                  00001668    0000001a     lcd1602.o (.text.hex_to_lcd)
                  00001682    00000018     lcd1602.o (.text.lcd_write_char)
                  0000169a    00000016     libc.a : copy_zero_init.c.obj (.text:decompress:ZI:__TI_zero_init_nomemset)
                  000016b0    00000012            : memcpy16.S.obj (.text:TI_memcpy_small)
                  000016c2    00000012            : copy_decompress_none.c.obj (.text:decompress:none)
                  000016d4    00000010     clock.o (.text.clock_delay)
                  000016e4    0000000e     lcd1602.o (.text.lcd_clear)
                  000016f2    00000002     --HOLE-- [fill = 0]
                  000016f4    0000000c     clock.o (.text.get_bus_clock_freq)
                  00001700    0000000c     libc.a : memory.c.obj (.text.malloc)
                  0000170c    00000008     libclang_rt.builtins.a : aeabi_memcpy.S.obj (.text.__aeabi_memcpy)
                  00001714    00000004     startup_mspm0g3507_ticlang.o (.text.Default_Handler)
                  00001718    00000004     startup_mspm0g3507_ticlang.o (.text.HardFault_Handler)
                  0000171c    00000004     startup_mspm0g3507_ticlang.o (.text.Reset_Handler)
                  00001720    00000004     libc.a : pre_init.c.obj (.text._system_pre_init)
                  00001724    00000004            : exit.c.obj (.text:abort)

.cinit     0    000018b8    000000d0     
                  000018b8    000000a8     (.cinit..data.load) [load image, compression = lzss]
                  00001960    0000000c     (__TI_handler_table)
                  0000196c    00000008     (.cinit..bss.load) [load image, compression = zero_init]
                  00001974    00000010     (__TI_cinit_table)
                  00001984    00000004     --HOLE-- [fill = 0]

.rodata    0    00001728    00000190     
                  00001728    00000060     LaunchPad.o (.rodata.led_config_data)
                  00001788    0000003c     LaunchPad.o (.rodata.enable_controls)
                  000017c4    00000030     LaunchPad.o (.rodata.dip_switch_config_data)
                  000017f4    00000030     LaunchPad.o (.rodata.kp_col_config_data)
                  00001824    00000030     LaunchPad.o (.rodata.kp_row_config_data)
                  00001854    00000018     LaunchPad.o (.rodata.iic_config_data)
                  0000186c    00000011     main.o (.rodata.str1.181369900268917052751)
                  0000187d    00000010     main.o (.rodata.str1.182731374899196392841)
                  0000188d    0000000c     main.o (.rodata.str1.128962870563899395191)
                  00001899    0000000c     main.o (.rodata.str1.30235616187663446621)
                  000018a5    0000000a     main.o (.rodata.str1.58265674741439123291)
                  000018af    00000009     main.o (.rodata.str1.164552152177587026401)

.init_array 
*          0    00000000    00000000     UNINITIALIZED

.binit     0    00000000    00000000     

.sysmem    0    20200000    00000800     UNINITIALIZED
                  20200000    00000010     libc.a : memory.c.obj (.sysmem)
                  20200010    000007f0     --HOLE--

.data      0    20200800    000000ad     UNINITIALIZED
                  20200800    00000070     main.o (.data.EMPLOYEE_NAMES)
                  20200870    0000001c     main.o (.data.VALIDCODES)
                  2020088c    00000010     LaunchPad.o (.data.keycodes)
                  2020089c    00000004     libc.a : _lock.c.obj (.data._lock)
                  202008a0    00000004            : _lock.c.obj (.data._unlock)
                  202008a4    00000004     clock.o (.data.g_bus_clock_freq)
                  202008a8    00000001     lcd1602.o (.data.g_lcd_backlight_mode)
                  202008a9    00000001     main.o (.data.g_pb1_pressed)
                  202008aa    00000001     main.o (.data.g_pb2_pressed)
                  202008ab    00000001     --HOLE--
                  202008ac    00000001     libc.a : memory.c.obj (.data.memory_is_initialized)

.bss       0    202008b0    00000004     UNINITIALIZED
                  202008b0    00000004     libc.a : memory.c.obj (.bss.sys_free)

.stack     0    20207e00    00000200     UNINITIALIZED
                  20207e00    00000004     libc.a : boot_cortex_m.c.obj (.stack)
                  20207e04    000001fc     --HOLE--

__llvm_prf_cnts 
*          0    20200000    00000000     UNINITIALIZED

__llvm_prf_bits 
*          0    20200000    00000000     UNINITIALIZED

MODULE SUMMARY

       Module                         code   ro data   rw data
       ------                         ----   -------   -------
    ./
       LaunchPad.o                    2114   324       16     
       main.o                         1010   76        142    
       lcd1602.o                      614    0         1      
       clock.o                        440    0         4      
       uart.o                         212    0         0      
    +--+------------------------------+------+---------+---------+
       Total:                         4390   400       163    
                                                              
    ./ticlang/
       startup_mspm0g3507_ticlang.o   12     192       0      
    +--+------------------------------+------+---------+---------+
       Total:                         12     192       0      
                                                              
    /home/sofa/ti/ccstheia151/ccs/tools/compiler/ti-cgt-armllvm_4.0.0.LTS/lib/armv6m-ti-none-eabi/c/libc.a
       memory.c.obj                   456    0         5      
       copy_decompress_lzss.c.obj     124    0         0      
       autoinit.c.obj                 60     0         0      
       boot_cortex_m.c.obj            40     0         0      
       copy_zero_init.c.obj           22     0         0      
       copy_decompress_none.c.obj     18     0         0      
       memcpy16.S.obj                 18     0         0      
       _lock.c.obj                    2      0         8      
       exit.c.obj                     4      0         0      
       pre_init.c.obj                 4      0         0      
    +--+------------------------------+------+---------+---------+
       Total:                         748    0         13     
                                                              
    /home/sofa/ti/ccstheia151/ccs/tools/compiler/ti-cgt-armllvm_4.0.0.LTS/lib/armv6m-ti-none-eabi/libclang_rt.builtins.a
       adddf3.S.obj                   402    0         0      
       fixunsdfsi.S.obj               66     0         0      
       aeabi_uidivmod.S.obj           64     0         0      
       floatunsidf.S.obj              36     0         0      
       aeabi_memcpy.S.obj             8      0         0      
       aeabi_div0.c.obj               2      0         0      
    +--+------------------------------+------+---------+---------+
       Total:                         578    0         0      
                                                              
       Heap:                          0      0         2048   
       Stack:                         0      0         512    
       Linker Generated:              0      204       0      
    +--+------------------------------+------+---------+---------+
       Grand Total:                   5728   796       2736   


LINKER GENERATED COPY TABLES

__TI_cinit_table @ 00001974 records: 2, size/record: 8, table size: 16
	.data: load addr=000018b8, load size=000000a8 bytes, run addr=20200800, run size=000000ad bytes, compression=lzss
	.bss: load addr=0000196c, load size=00000008 bytes, run addr=202008b0, run size=00000004 bytes, compression=zero_init


LINKER GENERATED HANDLER TABLE

__TI_handler_table @ 00001960 records: 3, size/record: 4, table size: 12
	index: 0, handler: __TI_decompress_lzss
	index: 1, handler: __TI_decompress_none
	index: 2, handler: __TI_zero_init


GLOBAL SYMBOLS: SORTED ALPHABETICALLY BY Name 

address   name                          
-------   ----                          
00001715  ADC0_IRQHandler               
00001715  ADC1_IRQHandler               
00001715  AES_IRQHandler                
00001724  C$$EXIT                       
00001715  CANFD0_IRQHandler             
00001715  DAC0_IRQHandler               
00001715  DMA_IRQHandler                
00001715  Default_Handler               
20200800  EMPLOYEE_NAMES                
00001715  GROUP0_IRQHandler             
00000f61  GROUP1_IRQHandler             
00001719  HardFault_Handler             
00001715  I2C0_IRQHandler               
00001715  I2C1_IRQHandler               
00000c2d  I2C_init                      
00000e3d  I2C_send1                     
00001715  NMI_Handler                   
00001715  PendSV_Handler                
00001715  RTC_IRQHandler                
0000171d  Reset_Handler                 
00001715  SPI0_IRQHandler               
00001715  SPI1_IRQHandler               
00001715  SVC_Handler                   
00001715  SysTick_Handler               
00001715  TIMA0_IRQHandler              
00001715  TIMA1_IRQHandler              
00001715  TIMG0_IRQHandler              
00001715  TIMG12_IRQHandler             
00001715  TIMG6_IRQHandler              
00001715  TIMG7_IRQHandler              
00001715  TIMG8_IRQHandler              
000016b1  TI_memcpy_small               
00001715  UART0_IRQHandler              
00001715  UART1_IRQHandler              
00001715  UART2_IRQHandler              
00001715  UART3_IRQHandler              
00000835  UART_init                     
20200870  VALIDCODES                    
20208000  __STACK_END                   
00000200  __STACK_SIZE                  
00000800  __SYSMEM_SIZE                 
00000000  __TI_ATRegion0_region_sz      
00000000  __TI_ATRegion0_src_addr       
00000000  __TI_ATRegion0_trg_addr       
00000000  __TI_ATRegion1_region_sz      
00000000  __TI_ATRegion1_src_addr       
00000000  __TI_ATRegion1_trg_addr       
00000000  __TI_ATRegion2_region_sz      
00000000  __TI_ATRegion2_src_addr       
00000000  __TI_ATRegion2_trg_addr       
00001974  __TI_CINIT_Base               
00001984  __TI_CINIT_Limit              
00001984  __TI_CINIT_Warm               
00001960  __TI_Handler_Table_Base       
0000196c  __TI_Handler_Table_Limit      
00001459  __TI_auto_init_nobinit_nopinit
000010f1  __TI_decompress_lzss          
000016c3  __TI_decompress_none          
ffffffff  __TI_pprof_out_hndl           
ffffffff  __TI_prof_data_size           
ffffffff  __TI_prof_data_start          
00000000  __TI_static_base__            
0000169b  __TI_zero_init_nomemset       
000000cb  __adddf3                      
00001395  __aeabi_d2uiz                 
000000cb  __aeabi_dadd                  
000000c1  __aeabi_dsub                  
00000253  __aeabi_idiv0                 
0000170d  __aeabi_memcpy                
0000170d  __aeabi_memcpy4               
0000170d  __aeabi_memcpy8               
00001589  __aeabi_ui2d                  
000013d9  __aeabi_uidiv                 
000013d9  __aeabi_uidivmod              
ffffffff  __binit__                     
00001395  __fixunsdfsi                  
00001589  __floatunsidf                 
UNDEFED   __mpu_init                    
20207e00  __stack                       
20200000  __start___llvm_prf_bits       
20200000  __start___llvm_prf_cnts       
20200000  __stop___llvm_prf_bits        
20200000  __stop___llvm_prf_cnts        
000000c1  __subdf3                      
00001561  _c_int00_noargs               
2020089c  _lock                         
000013d7  _nop                          
20200000  _sys_memory                   
UNDEFED   _system_post_cinit            
00001721  _system_pre_init              
202008a0  _unlock                       
00001725  abort                         
000012a1  admin                         
00000539  aligned_alloc                 
ffffffff  binit                         
00001075  checkIfValid                  
000016d5  clock_delay                   
000003d1  clock_init_40mhz              
000017c4  dip_switch_config_data        
00001349  dipsw_init                    
00001631  dipsw_read_pos1               
00001788  enable_controls               
202008a4  g_bus_clock_freq              
202008a9  g_pb1_pressed                 
202008aa  g_pb2_pressed                 
000016f5  get_bus_clock_freq            
00001419  hex_to_ascii                  
00001669  hex_to_lcd                    
00001854  iic_config_data               
00000000  interruptVectors              
2020088c  keycodes                      
00000909  keypad_init                   
00000ed1  keypad_input                  
00000fed  keypad_scan                   
000017f4  kp_col_config_data            
00001824  kp_row_config_data            
00001495  launchpad_gpio_init           
00000aa9  lcd1602_init                  
00000b6d  lcd1602_write                 
000016e5  lcd_clear                     
000015d1  lcd_set_ddram_addr            
000015f1  lcd_set_display_on            
00001683  lcd_write_char                
000015ad  lcd_write_string              
00001728  led_config_data               
00000d95  led_init                      
000009d9  leds_off                      
00000255  main                          
00001701  malloc                        
00000539  memalign                      
00001505  msec_delay                    
000014cd  padPress                      
00000ce9  read_keyrow_data              
0000064d  seg7_init                     
0000116d  seg7_off                      
000012f5  string_to_uint16              
00001611  wait_no_key_pressed           
00000759  write_keycol_data             


GLOBAL SYMBOLS: SORTED BY Symbol Address 

address   name                          
-------   ----                          
00000000  __TI_ATRegion0_region_sz      
00000000  __TI_ATRegion0_src_addr       
00000000  __TI_ATRegion0_trg_addr       
00000000  __TI_ATRegion1_region_sz      
00000000  __TI_ATRegion1_src_addr       
00000000  __TI_ATRegion1_trg_addr       
00000000  __TI_ATRegion2_region_sz      
00000000  __TI_ATRegion2_src_addr       
00000000  __TI_ATRegion2_trg_addr       
00000000  __TI_static_base__            
00000000  interruptVectors              
000000c1  __aeabi_dsub                  
000000c1  __subdf3                      
000000cb  __adddf3                      
000000cb  __aeabi_dadd                  
00000200  __STACK_SIZE                  
00000253  __aeabi_idiv0                 
00000255  main                          
000003d1  clock_init_40mhz              
00000539  aligned_alloc                 
00000539  memalign                      
0000064d  seg7_init                     
00000759  write_keycol_data             
00000800  __SYSMEM_SIZE                 
00000835  UART_init                     
00000909  keypad_init                   
000009d9  leds_off                      
00000aa9  lcd1602_init                  
00000b6d  lcd1602_write                 
00000c2d  I2C_init                      
00000ce9  read_keyrow_data              
00000d95  led_init                      
00000e3d  I2C_send1                     
00000ed1  keypad_input                  
00000f61  GROUP1_IRQHandler             
00000fed  keypad_scan                   
00001075  checkIfValid                  
000010f1  __TI_decompress_lzss          
0000116d  seg7_off                      
000012a1  admin                         
000012f5  string_to_uint16              
00001349  dipsw_init                    
00001395  __aeabi_d2uiz                 
00001395  __fixunsdfsi                  
000013d7  _nop                          
000013d9  __aeabi_uidiv                 
000013d9  __aeabi_uidivmod              
00001419  hex_to_ascii                  
00001459  __TI_auto_init_nobinit_nopinit
00001495  launchpad_gpio_init           
000014cd  padPress                      
00001505  msec_delay                    
00001561  _c_int00_noargs               
00001589  __aeabi_ui2d                  
00001589  __floatunsidf                 
000015ad  lcd_write_string              
000015d1  lcd_set_ddram_addr            
000015f1  lcd_set_display_on            
00001611  wait_no_key_pressed           
00001631  dipsw_read_pos1               
00001669  hex_to_lcd                    
00001683  lcd_write_char                
0000169b  __TI_zero_init_nomemset       
000016b1  TI_memcpy_small               
000016c3  __TI_decompress_none          
000016d5  clock_delay                   
000016e5  lcd_clear                     
000016f5  get_bus_clock_freq            
00001701  malloc                        
0000170d  __aeabi_memcpy                
0000170d  __aeabi_memcpy4               
0000170d  __aeabi_memcpy8               
00001715  ADC0_IRQHandler               
00001715  ADC1_IRQHandler               
00001715  AES_IRQHandler                
00001715  CANFD0_IRQHandler             
00001715  DAC0_IRQHandler               
00001715  DMA_IRQHandler                
00001715  Default_Handler               
00001715  GROUP0_IRQHandler             
00001715  I2C0_IRQHandler               
00001715  I2C1_IRQHandler               
00001715  NMI_Handler                   
00001715  PendSV_Handler                
00001715  RTC_IRQHandler                
00001715  SPI0_IRQHandler               
00001715  SPI1_IRQHandler               
00001715  SVC_Handler                   
00001715  SysTick_Handler               
00001715  TIMA0_IRQHandler              
00001715  TIMA1_IRQHandler              
00001715  TIMG0_IRQHandler              
00001715  TIMG12_IRQHandler             
00001715  TIMG6_IRQHandler              
00001715  TIMG7_IRQHandler              
00001715  TIMG8_IRQHandler              
00001715  UART0_IRQHandler              
00001715  UART1_IRQHandler              
00001715  UART2_IRQHandler              
00001715  UART3_IRQHandler              
00001719  HardFault_Handler             
0000171d  Reset_Handler                 
00001721  _system_pre_init              
00001724  C$$EXIT                       
00001725  abort                         
00001728  led_config_data               
00001788  enable_controls               
000017c4  dip_switch_config_data        
000017f4  kp_col_config_data            
00001824  kp_row_config_data            
00001854  iic_config_data               
00001960  __TI_Handler_Table_Base       
0000196c  __TI_Handler_Table_Limit      
00001974  __TI_CINIT_Base               
00001984  __TI_CINIT_Limit              
00001984  __TI_CINIT_Warm               
20200000  __start___llvm_prf_bits       
20200000  __start___llvm_prf_cnts       
20200000  __stop___llvm_prf_bits        
20200000  __stop___llvm_prf_cnts        
20200000  _sys_memory                   
20200800  EMPLOYEE_NAMES                
20200870  VALIDCODES                    
2020088c  keycodes                      
2020089c  _lock                         
202008a0  _unlock                       
202008a4  g_bus_clock_freq              
202008a9  g_pb1_pressed                 
202008aa  g_pb2_pressed                 
20207e00  __stack                       
20208000  __STACK_END                   
ffffffff  __TI_pprof_out_hndl           
ffffffff  __TI_prof_data_size           
ffffffff  __TI_prof_data_start          
ffffffff  __binit__                     
ffffffff  binit                         
UNDEFED   __mpu_init                    
UNDEFED   _system_post_cinit            

[138 symbols]
