******************************************************************************
            TI ARM Clang Linker PC v3.2.2                      
******************************************************************************
>> Linked Tue May  6 23:46:49 2025

OUTPUT FILE NAME:   <mainprogram.out>
ENTRY POINT SYMBOL: "_c_int00_noargs"  address: 00001421


MEMORY CONFIGURATION

         name            origin    length      used     unused   attr    fill
----------------------  --------  ---------  --------  --------  ----  --------
  FLASH                 00000000   00020000  00001750  0001e8b0  R  X
  SRAM                  20200000   00008000  00000a17  000075e9  RW X
  BCR_CONFIG            41c00000   00000080  00000000  00000080  R   
  BSL_CONFIG            41c00100   00000080  00000000  00000080  R   


SEGMENT ALLOCATION MAP

run origin  load origin   length   init length attrs members
----------  ----------- ---------- ----------- ----- -------
00000000    00000000    00001750   00001750    r-x
  00000000    00000000    000000c0   000000c0    r-- .intvecs
  000000c0    000000c0    00001488   00001488    r-x .text
  00001548    00001548    000001d8   000001d8    r-- .rodata
  00001720    00001720    00000030   00000030    r-- .cinit
20200000    20200000    00000817   00000000    rw-
  20200000    20200000    00000800   00000000    rw- .sysmem
  20200800    20200800    00000017   00000000    rw- .data
20207e00    20207e00    00000200   00000000    rw-
  20207e00    20207e00    00000200   00000000    rw- .stack


SECTION ALLOCATION MAP

 output                                  attributes/
section   page    origin      length       input sections
--------  ----  ----------  ----------   ----------------
.intvecs   0    00000000    000000c0     
                  00000000    000000c0     startup_mspm0g3507_ticlang.o (.intvecs)

.text      0    000000c0    00001488     
                  000000c0    000001b4     main.o (.text.floor_picker)
                  00000274    00000168     clock.o (.text.clock_init_40mhz)
                  000003dc    00000150     main.o (.text.access_code)
                  0000052c    0000010c     LaunchPad.o (.text.seg7_init)
                  00000638    000000dc     LaunchPad.o (.text.write_keycol_data)
                  00000714    000000d4     adc.o (.text.ADC0_init)
                  000007e8    000000d0     LaunchPad.o (.text.keypad_init)
                  000008b8    000000d0     LaunchPad.o (.text.leds_off)
                  00000988    000000c4     lcd1602.o (.text.lcd1602_init)
                  00000a4c    000000c0     lcd1602.o (.text.lcd1602_write)
                  00000b0c    000000bc     LaunchPad.o (.text.I2C_init)
                  00000bc8    000000ac     LaunchPad.o (.text.led_init)
                  00000c74    000000ac     LaunchPad.o (.text.read_keyrow_data)
                  00000d20    00000094     LaunchPad.o (.text.I2C_send1)
                  00000db4    0000008c     main.o (.text.GROUP1_IRQHandler)
                  00000e40    00000088     LaunchPad.o (.text.keypad_scan)
                  00000ec8    00000084     main.o (.text.__NVIC_SetPriority)
                  00000f4c    0000007c     lcd1602.o (.text.byte_to_ascii)
                  00000fc8    00000078     libc.a : copy_decompress_lzss.c.obj (.text:decompress:lzss)
                  00001040    00000074     LaunchPad.o (.text.seg7_off)
                  000010b4    00000068     adc.o (.text.ADC0_in)
                  0000111c    0000005c     LaunchPad.o (.text.I2C_fill_tx_fifo)
                  00001178    0000005c     main.o (.text.main)
                  000011d4    0000004c     LaunchPad.o (.text.dipsw_init)
                  00001220    00000040     libclang_rt.builtins.a : aeabi_uidivmod.S.obj (.text.__aeabi_uidivmod)
                  00001260    0000003c     libc.a : autoinit.c.obj (.text:__TI_auto_init_nobinit_nopinit)
                  0000129c    00000038     LaunchPad.o (.text.launchpad_gpio_init)
                  000012d4    00000034     main.o (.text.__NVIC_DisableIRQ)
                  00001308    00000034     main.o (.text.config_pb1_interrupt)
                  0000133c    00000034     main.o (.text.config_pb2_interrupt)
                  00001370    00000034     clock.o (.text.msec_delay)
                  000013a4    0000002c     main.o (.text.__NVIC_EnableIRQ)
                  000013d0    00000028     LaunchPad.o (.text.getkey_pressed)
                  000013f8    00000028     lcd1602.o (.text.lcd_write_byte)
                  00001420    00000028     libc.a : boot_cortex_m.c.obj (.text:_c_int00_noargs)
                  00001448    00000024     lcd1602.o (.text.lcd_write_string)
                  0000146c    00000020     lcd1602.o (.text.lcd_set_ddram_addr)
                  0000148c    00000020     lcd1602.o (.text.lcd_set_display_on)
                  000014ac    0000001e     LaunchPad.o (.text.wait_no_key_pressed)
                  000014ca    00000018     lcd1602.o (.text.lcd_write_char)
                  000014e2    00000012     libc.a : memcpy16.S.obj (.text:TI_memcpy_small)
                  000014f4    00000012            : copy_decompress_none.c.obj (.text:decompress:none)
                  00001506    00000010     clock.o (.text.clock_delay)
                  00001516    0000000e     lcd1602.o (.text.lcd_clear)
                  00001524    00000008     libclang_rt.builtins.a : aeabi_memcpy.S.obj (.text.__aeabi_memcpy)
                  0000152c    00000004     startup_mspm0g3507_ticlang.o (.text.Default_Handler)
                  00001530    00000004     startup_mspm0g3507_ticlang.o (.text.HardFault_Handler)
                  00001534    00000004     startup_mspm0g3507_ticlang.o (.text.Reset_Handler)
                  00001538    00000004     libc.a : pre_init.c.obj (.text._system_pre_init)
                  0000153c    00000004            : exit.c.obj (.text:abort)
                  00001540    00000002     libclang_rt.builtins.a : aeabi_div0.c.obj (.text.__aeabi_idiv0)
                  00001542    00000006     --HOLE-- [fill = 0]

.cinit     0    00001720    00000030     
                  00001720    0000001d     (.cinit..data.load) [load image, compression = lzss]
                  0000173d    00000003     --HOLE-- [fill = 0]
                  00001740    00000008     (__TI_handler_table)
                  00001748    00000008     (__TI_cinit_table)

.rodata    0    00001548    000001d8     
                  00001548    00000060     LaunchPad.o (.rodata.led_config_data)
                  000015a8    0000003c     LaunchPad.o (.rodata.enable_controls)
                  000015e4    00000030     LaunchPad.o (.rodata.dip_switch_config_data)
                  00001614    00000030     LaunchPad.o (.rodata.kp_col_config_data)
                  00001644    00000030     LaunchPad.o (.rodata.kp_row_config_data)
                  00001674    00000018     LaunchPad.o (.rodata.iic_config_data)
                  0000168c    00000010     main.o (.rodata.str1.171590253234040549591)
                  0000169c    00000010     main.o (.rodata.str1.42969106790848045441)
                  000016ac    00000010     main.o (.rodata.str1.79551435545072341851)
                  000016bc    0000000f     main.o (.rodata.str1.97993385775340092391)
                  000016cb    0000000e     main.o (.rodata.str1.52501554851255701521)
                  000016d9    0000000d     main.o (.rodata.str1.17141933821247617371)
                  000016e6    0000000d     main.o (.rodata.str1.176328792963337784071)
                  000016f3    0000000c     main.o (.rodata.str1.88864587114646350841)
                  000016ff    0000000b     main.o (.rodata.str1.55841430354152434161)
                  0000170a    00000009     main.o (.rodata.str1.96696425805949040631)
                  00001713    00000008     main.o (.rodata.str1.171135724027876188451)
                  0000171b    00000002     main.o (.rodata.str1.66840473539710954921)
                  0000171d    00000003     --HOLE-- [fill = 0]

.init_array 
*          0    00000000    00000000     UNINITIALIZED

.binit     0    00000000    00000000     

.data      0    20200800    00000017     UNINITIALIZED
                  20200800    00000010     LaunchPad.o (.data.keycodes)
                  20200810    00000004     clock.o (.data.g_bus_clock_freq)
                  20200814    00000001     lcd1602.o (.data.g_lcd_backlight_mode)
                  20200815    00000001     main.o (.data.g_pb1_pressed)
                  20200816    00000001     main.o (.data.g_pb2_pressed)

.sysmem    0    20200000    00000800     UNINITIALIZED
                  20200000    00000010     libc.a : memory.c.obj (.sysmem)
                  20200010    000007f0     --HOLE--

.stack     0    20207e00    00000200     UNINITIALIZED
                  20207e00    00000004     libc.a : boot_cortex_m.c.obj (.stack)
                  20207e04    000001fc     --HOLE--

__llvm_prf_cnts 
*          0    20200000    00000000     UNINITIALIZED

__llvm_prf_bits 
*          0    20200000    00000000     UNINITIALIZED

MODULE SUMMARY

       Module                         code   ro data   rw data
       ------                         ----   -------   -------
    .\
       LaunchPad.o                    2130   324       16     
       main.o                         1336   145       2      
       lcd1602.o                      690    0         1      
       clock.o                        428    0         4      
       adc.o                          316    0         0      
    +--+------------------------------+------+---------+---------+
       Total:                         4900   469       23     
                                                              
    .\ticlang\
       startup_mspm0g3507_ticlang.o   12     192       0      
    +--+------------------------------+------+---------+---------+
       Total:                         12     192       0      
                                                              
    C:\ti\ccstheia141\ccs\tools\compiler\ti-cgt-armllvm_3.2.2.LTS\lib\armv6m-ti-none-eabi/c/libc.a
       copy_decompress_lzss.c.obj     120    0         0      
       autoinit.c.obj                 60     0         0      
       boot_cortex_m.c.obj            40     0         0      
       copy_decompress_none.c.obj     18     0         0      
       memcpy16.S.obj                 18     0         0      
       exit.c.obj                     4      0         0      
       pre_init.c.obj                 4      0         0      
    +--+------------------------------+------+---------+---------+
       Total:                         264    0         0      
                                                              
    C:\ti\ccstheia141\ccs\tools\compiler\ti-cgt-armllvm_3.2.2.LTS\lib\clang/15.0.7/lib/armv6m-ti-none-eabi/libclang_rt.builtins.a
       aeabi_uidivmod.S.obj           64     0         0      
       aeabi_memcpy.S.obj             8      0         0      
       aeabi_div0.c.obj               2      0         0      
    +--+------------------------------+------+---------+---------+
       Total:                         74     0         0      
                                                              
       Heap:                          0      0         2048   
       Stack:                         0      0         512    
       Linker Generated:              0      45        0      
    +--+------------------------------+------+---------+---------+
       Grand Total:                   5250   706       2583   


LINKER GENERATED COPY TABLES

__TI_cinit_table @ 00001748 records: 1, size/record: 8, table size: 8
	.data: load addr=00001720, load size=0000001d bytes, run addr=20200800, run size=00000017 bytes, compression=lzss


LINKER GENERATED HANDLER TABLE

__TI_handler_table @ 00001740 records: 2, size/record: 4, table size: 8
	index: 0, handler: __TI_decompress_lzss
	index: 1, handler: __TI_decompress_none


GLOBAL SYMBOLS: SORTED ALPHABETICALLY BY Name 

address   name                          
-------   ----                          
0000152d  ADC0_IRQHandler               
000010b5  ADC0_in                       
00000715  ADC0_init                     
0000152d  ADC1_IRQHandler               
0000152d  AES_IRQHandler                
0000153c  C$$EXIT                       
0000152d  CANFD0_IRQHandler             
0000152d  DAC0_IRQHandler               
0000152d  DMA_IRQHandler                
0000152d  Default_Handler               
0000152d  GROUP0_IRQHandler             
00000db5  GROUP1_IRQHandler             
00001531  HardFault_Handler             
0000152d  I2C0_IRQHandler               
0000152d  I2C1_IRQHandler               
00000b0d  I2C_init                      
00000d21  I2C_send1                     
0000152d  NMI_Handler                   
0000152d  PendSV_Handler                
0000152d  RTC_IRQHandler                
00001535  Reset_Handler                 
0000152d  SPI0_IRQHandler               
0000152d  SPI1_IRQHandler               
0000152d  SVC_Handler                   
0000152d  SysTick_Handler               
0000152d  TIMA0_IRQHandler              
0000152d  TIMA1_IRQHandler              
0000152d  TIMG0_IRQHandler              
0000152d  TIMG12_IRQHandler             
0000152d  TIMG6_IRQHandler              
0000152d  TIMG7_IRQHandler              
0000152d  TIMG8_IRQHandler              
000014e3  TI_memcpy_small               
0000152d  UART0_IRQHandler              
0000152d  UART1_IRQHandler              
0000152d  UART2_IRQHandler              
0000152d  UART3_IRQHandler              
20208000  __STACK_END                   
00000200  __STACK_SIZE                  
00000800  __SYSMEM_SIZE                 
00000000  __TI_ATRegion0_region_sz      
00000000  __TI_ATRegion0_src_addr       
00000000  __TI_ATRegion0_trg_addr       
00000000  __TI_ATRegion1_region_sz      
00000000  __TI_ATRegion1_src_addr       
00000000  __TI_ATRegion1_trg_addr       
00000000  __TI_ATRegion2_region_sz      
00000000  __TI_ATRegion2_src_addr       
00000000  __TI_ATRegion2_trg_addr       
00001748  __TI_CINIT_Base               
00001750  __TI_CINIT_Limit              
00001750  __TI_CINIT_Warm               
00001740  __TI_Handler_Table_Base       
00001748  __TI_Handler_Table_Limit      
00001261  __TI_auto_init_nobinit_nopinit
00000fc9  __TI_decompress_lzss          
000014f5  __TI_decompress_none          
ffffffff  __TI_pprof_out_hndl           
ffffffff  __TI_prof_data_size           
ffffffff  __TI_prof_data_start          
00000000  __TI_static_base__            
00001541  __aeabi_idiv0                 
00001525  __aeabi_memcpy                
00001525  __aeabi_memcpy4               
00001525  __aeabi_memcpy8               
00001221  __aeabi_uidiv                 
00001221  __aeabi_uidivmod              
ffffffff  __binit__                     
UNDEFED   __mpu_init                    
20207e00  __stack                       
20200000  __start___llvm_prf_bits       
20200000  __start___llvm_prf_cnts       
20200000  __stop___llvm_prf_bits        
20200000  __stop___llvm_prf_cnts        
00001421  _c_int00_noargs               
20200000  _sys_memory                   
UNDEFED   _system_post_cinit            
00001539  _system_pre_init              
0000153d  abort                         
000003dd  access_code                   
ffffffff  binit                         
00000f4d  byte_to_ascii                 
00001507  clock_delay                   
00000275  clock_init_40mhz              
00001309  config_pb1_interrupt          
0000133d  config_pb2_interrupt          
000015e4  dip_switch_config_data        
000011d5  dipsw_init                    
000015a8  enable_controls               
000000c1  floor_picker                  
20200810  g_bus_clock_freq              
20200815  g_pb1_pressed                 
20200816  g_pb2_pressed                 
000013d1  getkey_pressed                
00001674  iic_config_data               
00000000  interruptVectors              
20200800  keycodes                      
000007e9  keypad_init                   
00000e41  keypad_scan                   
00001614  kp_col_config_data            
00001644  kp_row_config_data            
0000129d  launchpad_gpio_init           
00000989  lcd1602_init                  
00000a4d  lcd1602_write                 
00001517  lcd_clear                     
0000146d  lcd_set_ddram_addr            
0000148d  lcd_set_display_on            
000013f9  lcd_write_byte                
000014cb  lcd_write_char                
00001449  lcd_write_string              
00001548  led_config_data               
00000bc9  led_init                      
000008b9  leds_off                      
00001179  main                          
00001371  msec_delay                    
00000c75  read_keyrow_data              
0000052d  seg7_init                     
00001041  seg7_off                      
000014ad  wait_no_key_pressed           
00000639  write_keycol_data             


GLOBAL SYMBOLS: SORTED BY Symbol Address 

address   name                          
-------   ----                          
00000000  __TI_ATRegion0_region_sz      
00000000  __TI_ATRegion0_src_addr       
00000000  __TI_ATRegion0_trg_addr       
00000000  __TI_ATRegion1_region_sz      
00000000  __TI_ATRegion1_src_addr       
00000000  __TI_ATRegion1_trg_addr       
00000000  __TI_ATRegion2_region_sz      
00000000  __TI_ATRegion2_src_addr       
00000000  __TI_ATRegion2_trg_addr       
00000000  __TI_static_base__            
00000000  interruptVectors              
000000c1  floor_picker                  
00000200  __STACK_SIZE                  
00000275  clock_init_40mhz              
000003dd  access_code                   
0000052d  seg7_init                     
00000639  write_keycol_data             
00000715  ADC0_init                     
000007e9  keypad_init                   
00000800  __SYSMEM_SIZE                 
000008b9  leds_off                      
00000989  lcd1602_init                  
00000a4d  lcd1602_write                 
00000b0d  I2C_init                      
00000bc9  led_init                      
00000c75  read_keyrow_data              
00000d21  I2C_send1                     
00000db5  GROUP1_IRQHandler             
00000e41  keypad_scan                   
00000f4d  byte_to_ascii                 
00000fc9  __TI_decompress_lzss          
00001041  seg7_off                      
000010b5  ADC0_in                       
00001179  main                          
000011d5  dipsw_init                    
00001221  __aeabi_uidiv                 
00001221  __aeabi_uidivmod              
00001261  __TI_auto_init_nobinit_nopinit
0000129d  launchpad_gpio_init           
00001309  config_pb1_interrupt          
0000133d  config_pb2_interrupt          
00001371  msec_delay                    
000013d1  getkey_pressed                
000013f9  lcd_write_byte                
00001421  _c_int00_noargs               
00001449  lcd_write_string              
0000146d  lcd_set_ddram_addr            
0000148d  lcd_set_display_on            
000014ad  wait_no_key_pressed           
000014cb  lcd_write_char                
000014e3  TI_memcpy_small               
000014f5  __TI_decompress_none          
00001507  clock_delay                   
00001517  lcd_clear                     
00001525  __aeabi_memcpy                
00001525  __aeabi_memcpy4               
00001525  __aeabi_memcpy8               
0000152d  ADC0_IRQHandler               
0000152d  ADC1_IRQHandler               
0000152d  AES_IRQHandler                
0000152d  CANFD0_IRQHandler             
0000152d  DAC0_IRQHandler               
0000152d  DMA_IRQHandler                
0000152d  Default_Handler               
0000152d  GROUP0_IRQHandler             
0000152d  I2C0_IRQHandler               
0000152d  I2C1_IRQHandler               
0000152d  NMI_Handler                   
0000152d  PendSV_Handler                
0000152d  RTC_IRQHandler                
0000152d  SPI0_IRQHandler               
0000152d  SPI1_IRQHandler               
0000152d  SVC_Handler                   
0000152d  SysTick_Handler               
0000152d  TIMA0_IRQHandler              
0000152d  TIMA1_IRQHandler              
0000152d  TIMG0_IRQHandler              
0000152d  TIMG12_IRQHandler             
0000152d  TIMG6_IRQHandler              
0000152d  TIMG7_IRQHandler              
0000152d  TIMG8_IRQHandler              
0000152d  UART0_IRQHandler              
0000152d  UART1_IRQHandler              
0000152d  UART2_IRQHandler              
0000152d  UART3_IRQHandler              
00001531  HardFault_Handler             
00001535  Reset_Handler                 
00001539  _system_pre_init              
0000153c  C$$EXIT                       
0000153d  abort                         
00001541  __aeabi_idiv0                 
00001548  led_config_data               
000015a8  enable_controls               
000015e4  dip_switch_config_data        
00001614  kp_col_config_data            
00001644  kp_row_config_data            
00001674  iic_config_data               
00001740  __TI_Handler_Table_Base       
00001748  __TI_CINIT_Base               
00001748  __TI_Handler_Table_Limit      
00001750  __TI_CINIT_Limit              
00001750  __TI_CINIT_Warm               
20200000  __start___llvm_prf_bits       
20200000  __start___llvm_prf_cnts       
20200000  __stop___llvm_prf_bits        
20200000  __stop___llvm_prf_cnts        
20200000  _sys_memory                   
20200800  keycodes                      
20200810  g_bus_clock_freq              
20200815  g_pb1_pressed                 
20200816  g_pb2_pressed                 
20207e00  __stack                       
20208000  __STACK_END                   
ffffffff  __TI_pprof_out_hndl           
ffffffff  __TI_prof_data_size           
ffffffff  __TI_prof_data_start          
ffffffff  __binit__                     
ffffffff  binit                         
UNDEFED   __mpu_init                    
UNDEFED   _system_post_cinit            

[120 symbols]
