******************************************************************************
            TI ARM Clang Linker PC v3.2.2                      
******************************************************************************
>> Linked Fri May  9 23:22:16 2025

OUTPUT FILE NAME:   <mainprogram.out>
ENTRY POINT SYMBOL: "_c_int00_noargs"  address: 00001659


MEMORY CONFIGURATION

         name            origin    length      used     unused   attr    fill
----------------------  --------  ---------  --------  --------  ----  --------
  FLASH                 00000000   00020000  000019a0  0001e660  R  X
  SRAM                  20200000   00008000  00000a17  000075e9  RW X
  BCR_CONFIG            41c00000   00000080  00000000  00000080  R   
  BSL_CONFIG            41c00100   00000080  00000000  00000080  R   


SEGMENT ALLOCATION MAP

run origin  load origin   length   init length attrs members
----------  ----------- ---------- ----------- ----- -------
00000000    00000000    000019a0   000019a0    r-x
  00000000    00000000    000000c0   000000c0    r-- .intvecs
  000000c0    000000c0    000016d8   000016d8    r-x .text
  00001798    00001798    000001d8   000001d8    r-- .rodata
  00001970    00001970    00000030   00000030    r-- .cinit
20200000    20200000    00000817   00000000    rw-
  20200000    20200000    00000800   00000000    rw- .sysmem
  20200800    20200800    00000017   00000000    rw- .data
20207e00    20207e00    00000200   00000000    rw-
  20207e00    20207e00    00000200   00000000    rw- .stack


SECTION ALLOCATION MAP

 output                                  attributes/
section   page    origin      length       input sections
--------  ----  ----------  ----------   ----------------
.intvecs   0    00000000    000000c0     
                  00000000    000000c0     startup_mspm0g3507_ticlang.o (.intvecs)

.text      0    000000c0    000016d8     
                  000000c0    00000280     main.o (.text.floor_picker)
                  00000340    00000168     clock.o (.text.clock_init_40mhz)
                  000004a8    00000150     main.o (.text.access_code)
                  000005f8    0000010c     LaunchPad.o (.text.seg7_init)
                  00000704    000000dc     LaunchPad.o (.text.write_keycol_data)
                  000007e0    000000d4     adc.o (.text.ADC0_init)
                  000008b4    000000d0     LaunchPad.o (.text.keypad_init)
                  00000984    000000d0     LaunchPad.o (.text.leds_off)
                  00000a54    000000c4     lcd1602.o (.text.lcd1602_init)
                  00000b18    000000c0     lcd1602.o (.text.lcd1602_write)
                  00000bd8    000000bc     LaunchPad.o (.text.I2C_init)
                  00000c94    000000b4     LaunchPad.o (.text.led_off)
                  00000d48    000000b4     LaunchPad.o (.text.led_on)
                  00000dfc    000000ac     LaunchPad.o (.text.led_init)
                  00000ea8    000000ac     LaunchPad.o (.text.read_keyrow_data)
                  00000f54    00000094     LaunchPad.o (.text.I2C_send1)
                  00000fe8    0000008c     main.o (.text.GROUP1_IRQHandler)
                  00001074    00000088     LaunchPad.o (.text.keypad_scan)
                  000010fc    00000084     main.o (.text.__NVIC_SetPriority)
                  00001180    0000007c     lcd1602.o (.text.byte_to_ascii)
                  000011fc    00000078     libc.a : copy_decompress_lzss.c.obj (.text:decompress:lzss)
                  00001274    00000074     LaunchPad.o (.text.seg7_off)
                  000012e8    00000068     adc.o (.text.ADC0_in)
                  00001350    00000060     main.o (.text.main)
                  000013b0    0000005c     LaunchPad.o (.text.I2C_fill_tx_fifo)
                  0000140c    0000004c     LaunchPad.o (.text.dipsw_init)
                  00001458    00000040     libclang_rt.builtins.a : aeabi_uidivmod.S.obj (.text.__aeabi_uidivmod)
                  00001498    0000003c     libc.a : autoinit.c.obj (.text:__TI_auto_init_nobinit_nopinit)
                  000014d4    00000038     LaunchPad.o (.text.launchpad_gpio_init)
                  0000150c    00000034     main.o (.text.__NVIC_DisableIRQ)
                  00001540    00000034     main.o (.text.config_pb1_interrupt)
                  00001574    00000034     main.o (.text.config_pb2_interrupt)
                  000015a8    00000034     clock.o (.text.msec_delay)
                  000015dc    0000002c     main.o (.text.__NVIC_EnableIRQ)
                  00001608    00000028     LaunchPad.o (.text.getkey_pressed)
                  00001630    00000028     lcd1602.o (.text.lcd_write_byte)
                  00001658    00000028     libc.a : boot_cortex_m.c.obj (.text:_c_int00_noargs)
                  00001680    00000024     lcd1602.o (.text.lcd_write_string)
                  000016a4    00000020     lcd1602.o (.text.lcd_set_ddram_addr)
                  000016c4    00000020     lcd1602.o (.text.lcd_set_display_on)
                  000016e4    0000001e     LaunchPad.o (.text.wait_no_key_pressed)
                  00001702    00000018     lcd1602.o (.text.lcd_write_char)
                  0000171a    00000002     libclang_rt.builtins.a : aeabi_div0.c.obj (.text.__aeabi_idiv0)
                  0000171c    00000018     LaunchPad.o (.text.led_enable)
                  00001734    00000012     libc.a : memcpy16.S.obj (.text:TI_memcpy_small)
                  00001746    00000012            : copy_decompress_none.c.obj (.text:decompress:none)
                  00001758    00000010     clock.o (.text.clock_delay)
                  00001768    0000000e     lcd1602.o (.text.lcd_clear)
                  00001776    00000002     --HOLE-- [fill = 0]
                  00001778    00000008     libclang_rt.builtins.a : aeabi_memcpy.S.obj (.text.__aeabi_memcpy)
                  00001780    00000004     startup_mspm0g3507_ticlang.o (.text.Default_Handler)
                  00001784    00000004     startup_mspm0g3507_ticlang.o (.text.HardFault_Handler)
                  00001788    00000004     startup_mspm0g3507_ticlang.o (.text.Reset_Handler)
                  0000178c    00000004     libc.a : pre_init.c.obj (.text._system_pre_init)
                  00001790    00000004            : exit.c.obj (.text:abort)
                  00001794    00000004     --HOLE-- [fill = 0]

.cinit     0    00001970    00000030     
                  00001970    0000001d     (.cinit..data.load) [load image, compression = lzss]
                  0000198d    00000003     --HOLE-- [fill = 0]
                  00001990    00000008     (__TI_handler_table)
                  00001998    00000008     (__TI_cinit_table)

.rodata    0    00001798    000001d8     
                  00001798    00000060     LaunchPad.o (.rodata.led_config_data)
                  000017f8    0000003c     LaunchPad.o (.rodata.enable_controls)
                  00001834    00000030     LaunchPad.o (.rodata.dip_switch_config_data)
                  00001864    00000030     LaunchPad.o (.rodata.kp_col_config_data)
                  00001894    00000030     LaunchPad.o (.rodata.kp_row_config_data)
                  000018c4    00000018     LaunchPad.o (.rodata.iic_config_data)
                  000018dc    00000010     main.o (.rodata.str1.171590253234040549591)
                  000018ec    00000010     main.o (.rodata.str1.42969106790848045441)
                  000018fc    00000010     main.o (.rodata.str1.79551435545072341851)
                  0000190c    0000000f     main.o (.rodata.str1.97993385775340092391)
                  0000191b    0000000e     main.o (.rodata.str1.52501554851255701521)
                  00001929    0000000d     main.o (.rodata.str1.17141933821247617371)
                  00001936    0000000d     main.o (.rodata.str1.176328792963337784071)
                  00001943    0000000c     main.o (.rodata.str1.88864587114646350841)
                  0000194f    0000000b     main.o (.rodata.str1.55841430354152434161)
                  0000195a    00000009     main.o (.rodata.str1.96696425805949040631)
                  00001963    00000008     main.o (.rodata.str1.171135724027876188451)
                  0000196b    00000002     main.o (.rodata.str1.66840473539710954921)
                  0000196d    00000003     --HOLE-- [fill = 0]

.init_array 
*          0    00000000    00000000     UNINITIALIZED

.binit     0    00000000    00000000     

.data      0    20200800    00000017     UNINITIALIZED
                  20200800    00000010     LaunchPad.o (.data.keycodes)
                  20200810    00000004     clock.o (.data.g_bus_clock_freq)
                  20200814    00000001     lcd1602.o (.data.g_lcd_backlight_mode)
                  20200815    00000001     main.o (.data.g_pb1_pressed)
                  20200816    00000001     main.o (.data.g_pb2_pressed)

.sysmem    0    20200000    00000800     UNINITIALIZED
                  20200000    00000010     libc.a : memory.c.obj (.sysmem)
                  20200010    000007f0     --HOLE--

.stack     0    20207e00    00000200     UNINITIALIZED
                  20207e00    00000004     libc.a : boot_cortex_m.c.obj (.stack)
                  20207e04    000001fc     --HOLE--

__llvm_prf_cnts 
*          0    20200000    00000000     UNINITIALIZED

__llvm_prf_bits 
*          0    20200000    00000000     UNINITIALIZED

MODULE SUMMARY

       Module                         code   ro data   rw data
       ------                         ----   -------   -------
    .\
       LaunchPad.o                    2514   324       16     
       main.o                         1544   145       2      
       lcd1602.o                      690    0         1      
       clock.o                        428    0         4      
       adc.o                          316    0         0      
    +--+------------------------------+------+---------+---------+
       Total:                         5492   469       23     
                                                              
    .\ticlang\
       startup_mspm0g3507_ticlang.o   12     192       0      
    +--+------------------------------+------+---------+---------+
       Total:                         12     192       0      
                                                              
    C:\ti\ccstheia141\ccs\tools\compiler\ti-cgt-armllvm_3.2.2.LTS\lib\armv6m-ti-none-eabi/c/libc.a
       copy_decompress_lzss.c.obj     120    0         0      
       autoinit.c.obj                 60     0         0      
       boot_cortex_m.c.obj            40     0         0      
       copy_decompress_none.c.obj     18     0         0      
       memcpy16.S.obj                 18     0         0      
       exit.c.obj                     4      0         0      
       pre_init.c.obj                 4      0         0      
    +--+------------------------------+------+---------+---------+
       Total:                         264    0         0      
                                                              
    C:\ti\ccstheia141\ccs\tools\compiler\ti-cgt-armllvm_3.2.2.LTS\lib\clang/15.0.7/lib/armv6m-ti-none-eabi/libclang_rt.builtins.a
       aeabi_uidivmod.S.obj           64     0         0      
       aeabi_memcpy.S.obj             8      0         0      
       aeabi_div0.c.obj               2      0         0      
    +--+------------------------------+------+---------+---------+
       Total:                         74     0         0      
                                                              
       Heap:                          0      0         2048   
       Stack:                         0      0         512    
       Linker Generated:              0      45        0      
    +--+------------------------------+------+---------+---------+
       Grand Total:                   5842   706       2583   


LINKER GENERATED COPY TABLES

__TI_cinit_table @ 00001998 records: 1, size/record: 8, table size: 8
	.data: load addr=00001970, load size=0000001d bytes, run addr=20200800, run size=00000017 bytes, compression=lzss


LINKER GENERATED HANDLER TABLE

__TI_handler_table @ 00001990 records: 2, size/record: 4, table size: 8
	index: 0, handler: __TI_decompress_lzss
	index: 1, handler: __TI_decompress_none


GLOBAL SYMBOLS: SORTED ALPHABETICALLY BY Name 

address   name                          
-------   ----                          
00001781  ADC0_IRQHandler               
000012e9  ADC0_in                       
000007e1  ADC0_init                     
00001781  ADC1_IRQHandler               
00001781  AES_IRQHandler                
00001790  C$$EXIT                       
00001781  CANFD0_IRQHandler             
00001781  DAC0_IRQHandler               
00001781  DMA_IRQHandler                
00001781  Default_Handler               
00001781  GROUP0_IRQHandler             
00000fe9  GROUP1_IRQHandler             
00001785  HardFault_Handler             
00001781  I2C0_IRQHandler               
00001781  I2C1_IRQHandler               
00000bd9  I2C_init                      
00000f55  I2C_send1                     
00001781  NMI_Handler                   
00001781  PendSV_Handler                
00001781  RTC_IRQHandler                
00001789  Reset_Handler                 
00001781  SPI0_IRQHandler               
00001781  SPI1_IRQHandler               
00001781  SVC_Handler                   
00001781  SysTick_Handler               
00001781  TIMA0_IRQHandler              
00001781  TIMA1_IRQHandler              
00001781  TIMG0_IRQHandler              
00001781  TIMG12_IRQHandler             
00001781  TIMG6_IRQHandler              
00001781  TIMG7_IRQHandler              
00001781  TIMG8_IRQHandler              
00001735  TI_memcpy_small               
00001781  UART0_IRQHandler              
00001781  UART1_IRQHandler              
00001781  UART2_IRQHandler              
00001781  UART3_IRQHandler              
20208000  __STACK_END                   
00000200  __STACK_SIZE                  
00000800  __SYSMEM_SIZE                 
00000000  __TI_ATRegion0_region_sz      
00000000  __TI_ATRegion0_src_addr       
00000000  __TI_ATRegion0_trg_addr       
00000000  __TI_ATRegion1_region_sz      
00000000  __TI_ATRegion1_src_addr       
00000000  __TI_ATRegion1_trg_addr       
00000000  __TI_ATRegion2_region_sz      
00000000  __TI_ATRegion2_src_addr       
00000000  __TI_ATRegion2_trg_addr       
00001998  __TI_CINIT_Base               
000019a0  __TI_CINIT_Limit              
000019a0  __TI_CINIT_Warm               
00001990  __TI_Handler_Table_Base       
00001998  __TI_Handler_Table_Limit      
00001499  __TI_auto_init_nobinit_nopinit
000011fd  __TI_decompress_lzss          
00001747  __TI_decompress_none          
ffffffff  __TI_pprof_out_hndl           
ffffffff  __TI_prof_data_size           
ffffffff  __TI_prof_data_start          
00000000  __TI_static_base__            
0000171b  __aeabi_idiv0                 
00001779  __aeabi_memcpy                
00001779  __aeabi_memcpy4               
00001779  __aeabi_memcpy8               
00001459  __aeabi_uidiv                 
00001459  __aeabi_uidivmod              
ffffffff  __binit__                     
UNDEFED   __mpu_init                    
20207e00  __stack                       
20200000  __start___llvm_prf_bits       
20200000  __start___llvm_prf_cnts       
20200000  __stop___llvm_prf_bits        
20200000  __stop___llvm_prf_cnts        
00001659  _c_int00_noargs               
20200000  _sys_memory                   
UNDEFED   _system_post_cinit            
0000178d  _system_pre_init              
00001791  abort                         
000004a9  access_code                   
ffffffff  binit                         
00001181  byte_to_ascii                 
00001759  clock_delay                   
00000341  clock_init_40mhz              
00001541  config_pb1_interrupt          
00001575  config_pb2_interrupt          
00001834  dip_switch_config_data        
0000140d  dipsw_init                    
000017f8  enable_controls               
000000c1  floor_picker                  
20200810  g_bus_clock_freq              
20200815  g_pb1_pressed                 
20200816  g_pb2_pressed                 
00001609  getkey_pressed                
000018c4  iic_config_data               
00000000  interruptVectors              
20200800  keycodes                      
000008b5  keypad_init                   
00001075  keypad_scan                   
00001864  kp_col_config_data            
00001894  kp_row_config_data            
000014d5  launchpad_gpio_init           
00000a55  lcd1602_init                  
00000b19  lcd1602_write                 
00001769  lcd_clear                     
000016a5  lcd_set_ddram_addr            
000016c5  lcd_set_display_on            
00001631  lcd_write_byte                
00001703  lcd_write_char                
00001681  lcd_write_string              
00001798  led_config_data               
0000171d  led_enable                    
00000dfd  led_init                      
00000c95  led_off                       
00000d49  led_on                        
00000985  leds_off                      
00001351  main                          
000015a9  msec_delay                    
00000ea9  read_keyrow_data              
000005f9  seg7_init                     
00001275  seg7_off                      
000016e5  wait_no_key_pressed           
00000705  write_keycol_data             


GLOBAL SYMBOLS: SORTED BY Symbol Address 

address   name                          
-------   ----                          
00000000  __TI_ATRegion0_region_sz      
00000000  __TI_ATRegion0_src_addr       
00000000  __TI_ATRegion0_trg_addr       
00000000  __TI_ATRegion1_region_sz      
00000000  __TI_ATRegion1_src_addr       
00000000  __TI_ATRegion1_trg_addr       
00000000  __TI_ATRegion2_region_sz      
00000000  __TI_ATRegion2_src_addr       
00000000  __TI_ATRegion2_trg_addr       
00000000  __TI_static_base__            
00000000  interruptVectors              
000000c1  floor_picker                  
00000200  __STACK_SIZE                  
00000341  clock_init_40mhz              
000004a9  access_code                   
000005f9  seg7_init                     
00000705  write_keycol_data             
000007e1  ADC0_init                     
00000800  __SYSMEM_SIZE                 
000008b5  keypad_init                   
00000985  leds_off                      
00000a55  lcd1602_init                  
00000b19  lcd1602_write                 
00000bd9  I2C_init                      
00000c95  led_off                       
00000d49  led_on                        
00000dfd  led_init                      
00000ea9  read_keyrow_data              
00000f55  I2C_send1                     
00000fe9  GROUP1_IRQHandler             
00001075  keypad_scan                   
00001181  byte_to_ascii                 
000011fd  __TI_decompress_lzss          
00001275  seg7_off                      
000012e9  ADC0_in                       
00001351  main                          
0000140d  dipsw_init                    
00001459  __aeabi_uidiv                 
00001459  __aeabi_uidivmod              
00001499  __TI_auto_init_nobinit_nopinit
000014d5  launchpad_gpio_init           
00001541  config_pb1_interrupt          
00001575  config_pb2_interrupt          
000015a9  msec_delay                    
00001609  getkey_pressed                
00001631  lcd_write_byte                
00001659  _c_int00_noargs               
00001681  lcd_write_string              
000016a5  lcd_set_ddram_addr            
000016c5  lcd_set_display_on            
000016e5  wait_no_key_pressed           
00001703  lcd_write_char                
0000171b  __aeabi_idiv0                 
0000171d  led_enable                    
00001735  TI_memcpy_small               
00001747  __TI_decompress_none          
00001759  clock_delay                   
00001769  lcd_clear                     
00001779  __aeabi_memcpy                
00001779  __aeabi_memcpy4               
00001779  __aeabi_memcpy8               
00001781  ADC0_IRQHandler               
00001781  ADC1_IRQHandler               
00001781  AES_IRQHandler                
00001781  CANFD0_IRQHandler             
00001781  DAC0_IRQHandler               
00001781  DMA_IRQHandler                
00001781  Default_Handler               
00001781  GROUP0_IRQHandler             
00001781  I2C0_IRQHandler               
00001781  I2C1_IRQHandler               
00001781  NMI_Handler                   
00001781  PendSV_Handler                
00001781  RTC_IRQHandler                
00001781  SPI0_IRQHandler               
00001781  SPI1_IRQHandler               
00001781  SVC_Handler                   
00001781  SysTick_Handler               
00001781  TIMA0_IRQHandler              
00001781  TIMA1_IRQHandler              
00001781  TIMG0_IRQHandler              
00001781  TIMG12_IRQHandler             
00001781  TIMG6_IRQHandler              
00001781  TIMG7_IRQHandler              
00001781  TIMG8_IRQHandler              
00001781  UART0_IRQHandler              
00001781  UART1_IRQHandler              
00001781  UART2_IRQHandler              
00001781  UART3_IRQHandler              
00001785  HardFault_Handler             
00001789  Reset_Handler                 
0000178d  _system_pre_init              
00001790  C$$EXIT                       
00001791  abort                         
00001798  led_config_data               
000017f8  enable_controls               
00001834  dip_switch_config_data        
00001864  kp_col_config_data            
00001894  kp_row_config_data            
000018c4  iic_config_data               
00001990  __TI_Handler_Table_Base       
00001998  __TI_CINIT_Base               
00001998  __TI_Handler_Table_Limit      
000019a0  __TI_CINIT_Limit              
000019a0  __TI_CINIT_Warm               
20200000  __start___llvm_prf_bits       
20200000  __start___llvm_prf_cnts       
20200000  __stop___llvm_prf_bits        
20200000  __stop___llvm_prf_cnts        
20200000  _sys_memory                   
20200800  keycodes                      
20200810  g_bus_clock_freq              
20200815  g_pb1_pressed                 
20200816  g_pb2_pressed                 
20207e00  __stack                       
20208000  __STACK_END                   
ffffffff  __TI_pprof_out_hndl           
ffffffff  __TI_prof_data_size           
ffffffff  __TI_prof_data_start          
ffffffff  __binit__                     
ffffffff  binit                         
UNDEFED   __mpu_init                    
UNDEFED   _system_post_cinit            

[123 symbols]
