******************************************************************************
            TI ARM Clang Linker Unix v4.0.0                    
******************************************************************************
>> Linked Mon May  5 14:08:03 2025

OUTPUT FILE NAME:   <mainprogram.out>
ENTRY POINT SYMBOL: "_c_int00_noargs"  address: 000011b5


MEMORY CONFIGURATION

         name            origin    length      used     unused   attr    fill
----------------------  --------  ---------  --------  --------  ----  --------
  FLASH                 00000000   00020000  00001478  0001eb88  R  X
  SRAM                  20200000   00008000  00000a17  000075e9  RW X
  BCR_CONFIG            41c00000   00000080  00000000  00000080  R   
  BSL_CONFIG            41c00100   00000080  00000000  00000080  R   


SEGMENT ALLOCATION MAP

run origin  load origin   length   init length attrs members
----------  ----------- ---------- ----------- ----- -------
00000000    00000000    00001478   00001478    r-x
  00000000    00000000    000000c0   000000c0    r-- .intvecs
  000000c0    000000c0    00001240   00001240    r-x .text
  00001300    00001300    00000148   00000148    r-- .rodata
  00001448    00001448    00000030   00000030    r-- .cinit
20200000    20200000    00000817   00000000    rw-
  20200000    20200000    00000800   00000000    rw- .sysmem
  20200800    20200800    00000017   00000000    rw- .data
20207e00    20207e00    00000200   00000000    rw-
  20207e00    20207e00    00000200   00000000    rw- .stack


SECTION ALLOCATION MAP

 output                                  attributes/
section   page    origin      length       input sections
--------  ----  ----------  ----------   ----------------
.intvecs   0    00000000    000000c0     
                  00000000    000000c0     startup_mspm0g3507_ticlang.o (.intvecs)

.text      0    000000c0    00001240     
                  000000c0    00000192     libclang_rt.builtins.a : adddf3.S.obj (.text.adddf3_subdf3)
                  00000252    00000002                            : aeabi_div0.c.obj (.text.__aeabi_idiv0)
                  00000254    00000168     clock.o (.text.clock_init_40mhz)
                  000003bc    0000010c     LaunchPad.o (.text.seg7_init)
                  000004c8    000000dc     LaunchPad.o (.text.write_keycol_data)
                  000005a4    000000d4     uart.o (.text.UART_init)
                  00000678    000000d0     LaunchPad.o (.text.keypad_init)
                  00000748    000000d0     LaunchPad.o (.text.leds_off)
                  00000818    000000c4     lcd1602.o (.text.lcd1602_init)
                  000008dc    000000c0     lcd1602.o (.text.lcd1602_write)
                  0000099c    000000bc     LaunchPad.o (.text.I2C_init)
                  00000a58    000000ac     LaunchPad.o (.text.read_keyrow_data)
                  00000b04    000000a8     LaunchPad.o (.text.led_init)
                  00000bac    00000094     LaunchPad.o (.text.I2C_send1)
                  00000c40    00000094     main.o (.text.keypad_input)
                  00000cd4    0000008c     main.o (.text.GROUP1_IRQHandler)
                  00000d60    00000088     LaunchPad.o (.text.keypad_scan)
                  00000de8    0000007c     libc.a : copy_decompress_lzss.c.obj (.text:decompress:lzss)
                  00000e64    00000074     LaunchPad.o (.text.seg7_off)
                  00000ed8    0000005c     LaunchPad.o (.text.I2C_fill_tx_fifo)
                  00000f34    00000054     main.o (.text.string_to_uint16)
                  00000f88    0000004c     LaunchPad.o (.text.dipsw_init)
                  00000fd4    00000042     libclang_rt.builtins.a : fixunsdfsi.S.obj (.text.__fixunsdfsi)
                  00001016    00000002     --HOLE-- [fill = 0]
                  00001018    00000040                            : aeabi_uidivmod.S.obj (.text.__aeabi_uidivmod)
                  00001058    0000003e     lcd1602.o (.text.hex_to_ascii)
                  00001096    0000003c     main.o (.text.main)
                  000010d2    00000002     --HOLE-- [fill = 0]
                  000010d4    0000003c     libc.a : autoinit.c.obj (.text:__TI_auto_init_nobinit_nopinit)
                  00001110    00000038     LaunchPad.o (.text.launchpad_gpio_init)
                  00001148    00000036     main.o (.text.padPress)
                  0000117e    00000002     --HOLE-- [fill = 0]
                  00001180    00000034     clock.o (.text.msec_delay)
                  000011b4    00000028     libc.a : boot_cortex_m.c.obj (.text:_c_int00_noargs)
                  000011dc    00000024     libclang_rt.builtins.a : floatunsidf.S.obj (.text.__floatunsidf)
                  00001200    00000020     lcd1602.o (.text.lcd_set_ddram_addr)
                  00001220    00000020     lcd1602.o (.text.lcd_set_display_on)
                  00001240    0000001e     LaunchPad.o (.text.wait_no_key_pressed)
                  0000125e    0000001a     lcd1602.o (.text.hex_to_lcd)
                  00001278    00000018     lcd1602.o (.text.lcd_write_char)
                  00001290    00000012     libc.a : memcpy16.S.obj (.text:TI_memcpy_small)
                  000012a2    00000012            : copy_decompress_none.c.obj (.text:decompress:none)
                  000012b4    00000010     clock.o (.text.clock_delay)
                  000012c4    0000000e     lcd1602.o (.text.lcd_clear)
                  000012d2    00000002     --HOLE-- [fill = 0]
                  000012d4    0000000c     clock.o (.text.get_bus_clock_freq)
                  000012e0    00000008     libclang_rt.builtins.a : aeabi_memcpy.S.obj (.text.__aeabi_memcpy)
                  000012e8    00000004     startup_mspm0g3507_ticlang.o (.text.Default_Handler)
                  000012ec    00000004     startup_mspm0g3507_ticlang.o (.text.HardFault_Handler)
                  000012f0    00000004     startup_mspm0g3507_ticlang.o (.text.Reset_Handler)
                  000012f4    00000004     libc.a : pre_init.c.obj (.text._system_pre_init)
                  000012f8    00000004            : exit.c.obj (.text:abort)
                  000012fc    00000004     --HOLE-- [fill = 0]

.cinit     0    00001448    00000030     
                  00001448    0000001d     (.cinit..data.load) [load image, compression = lzss]
                  00001465    00000003     --HOLE-- [fill = 0]
                  00001468    00000008     (__TI_handler_table)
                  00001470    00000008     (__TI_cinit_table)

.rodata    0    00001300    00000148     
                  00001300    00000060     LaunchPad.o (.rodata.led_config_data)
                  00001360    0000003c     LaunchPad.o (.rodata.enable_controls)
                  0000139c    00000030     LaunchPad.o (.rodata.dip_switch_config_data)
                  000013cc    00000030     LaunchPad.o (.rodata.kp_col_config_data)
                  000013fc    00000030     LaunchPad.o (.rodata.kp_row_config_data)
                  0000142c    00000018     LaunchPad.o (.rodata.iic_config_data)
                  00001444    00000004     --HOLE-- [fill = 0]

.init_array 
*          0    00000000    00000000     UNINITIALIZED

.binit     0    00000000    00000000     

.data      0    20200800    00000017     UNINITIALIZED
                  20200800    00000010     LaunchPad.o (.data.keycodes)
                  20200810    00000004     clock.o (.data.g_bus_clock_freq)
                  20200814    00000001     lcd1602.o (.data.g_lcd_backlight_mode)
                  20200815    00000001     main.o (.data.g_pb1_pressed)
                  20200816    00000001     main.o (.data.g_pb2_pressed)

.sysmem    0    20200000    00000800     UNINITIALIZED
                  20200000    00000010     libc.a : memory.c.obj (.sysmem)
                  20200010    000007f0     --HOLE--

.stack     0    20207e00    00000200     UNINITIALIZED
                  20207e00    00000004     libc.a : boot_cortex_m.c.obj (.stack)
                  20207e04    000001fc     --HOLE--

__llvm_prf_cnts 
*          0    20200000    00000000     UNINITIALIZED

__llvm_prf_bits 
*          0    20200000    00000000     UNINITIALIZED

MODULE SUMMARY

       Module                         code   ro data   rw data
       ------                         ----   -------   -------
    ./
       LaunchPad.o                    2086   324       16     
       lcd1602.o                      578    0         1      
       main.o                         486    0         2      
       clock.o                        440    0         4      
       uart.o                         212    0         0      
    +--+------------------------------+------+---------+---------+
       Total:                         3802   324       23     
                                                              
    ./ticlang/
       startup_mspm0g3507_ticlang.o   12     192       0      
    +--+------------------------------+------+---------+---------+
       Total:                         12     192       0      
                                                              
    /home/sofa/ti/ccstheia151/ccs/tools/compiler/ti-cgt-armllvm_4.0.0.LTS/lib/armv6m-ti-none-eabi/c/libc.a
       copy_decompress_lzss.c.obj     124    0         0      
       autoinit.c.obj                 60     0         0      
       boot_cortex_m.c.obj            40     0         0      
       copy_decompress_none.c.obj     18     0         0      
       memcpy16.S.obj                 18     0         0      
       exit.c.obj                     4      0         0      
       pre_init.c.obj                 4      0         0      
    +--+------------------------------+------+---------+---------+
       Total:                         268    0         0      
                                                              
    /home/sofa/ti/ccstheia151/ccs/tools/compiler/ti-cgt-armllvm_4.0.0.LTS/lib/armv6m-ti-none-eabi/libclang_rt.builtins.a
       adddf3.S.obj                   402    0         0      
       fixunsdfsi.S.obj               66     0         0      
       aeabi_uidivmod.S.obj           64     0         0      
       floatunsidf.S.obj              36     0         0      
       aeabi_memcpy.S.obj             8      0         0      
       aeabi_div0.c.obj               2      0         0      
    +--+------------------------------+------+---------+---------+
       Total:                         578    0         0      
                                                              
       Heap:                          0      0         2048   
       Stack:                         0      0         512    
       Linker Generated:              0      45        0      
    +--+------------------------------+------+---------+---------+
       Grand Total:                   4660   561       2583   


LINKER GENERATED COPY TABLES

__TI_cinit_table @ 00001470 records: 1, size/record: 8, table size: 8
	.data: load addr=00001448, load size=0000001d bytes, run addr=20200800, run size=00000017 bytes, compression=lzss


LINKER GENERATED HANDLER TABLE

__TI_handler_table @ 00001468 records: 2, size/record: 4, table size: 8
	index: 0, handler: __TI_decompress_lzss
	index: 1, handler: __TI_decompress_none


GLOBAL SYMBOLS: SORTED ALPHABETICALLY BY Name 

address   name                          
-------   ----                          
000012e9  ADC0_IRQHandler               
000012e9  ADC1_IRQHandler               
000012e9  AES_IRQHandler                
000012f8  C$$EXIT                       
000012e9  CANFD0_IRQHandler             
000012e9  DAC0_IRQHandler               
000012e9  DMA_IRQHandler                
000012e9  Default_Handler               
000012e9  GROUP0_IRQHandler             
00000cd5  GROUP1_IRQHandler             
000012ed  HardFault_Handler             
000012e9  I2C0_IRQHandler               
000012e9  I2C1_IRQHandler               
0000099d  I2C_init                      
00000bad  I2C_send1                     
000012e9  NMI_Handler                   
000012e9  PendSV_Handler                
000012e9  RTC_IRQHandler                
000012f1  Reset_Handler                 
000012e9  SPI0_IRQHandler               
000012e9  SPI1_IRQHandler               
000012e9  SVC_Handler                   
000012e9  SysTick_Handler               
000012e9  TIMA0_IRQHandler              
000012e9  TIMA1_IRQHandler              
000012e9  TIMG0_IRQHandler              
000012e9  TIMG12_IRQHandler             
000012e9  TIMG6_IRQHandler              
000012e9  TIMG7_IRQHandler              
000012e9  TIMG8_IRQHandler              
00001291  TI_memcpy_small               
000012e9  UART0_IRQHandler              
000012e9  UART1_IRQHandler              
000012e9  UART2_IRQHandler              
000012e9  UART3_IRQHandler              
000005a5  UART_init                     
20208000  __STACK_END                   
00000200  __STACK_SIZE                  
00000800  __SYSMEM_SIZE                 
00000000  __TI_ATRegion0_region_sz      
00000000  __TI_ATRegion0_src_addr       
00000000  __TI_ATRegion0_trg_addr       
00000000  __TI_ATRegion1_region_sz      
00000000  __TI_ATRegion1_src_addr       
00000000  __TI_ATRegion1_trg_addr       
00000000  __TI_ATRegion2_region_sz      
00000000  __TI_ATRegion2_src_addr       
00000000  __TI_ATRegion2_trg_addr       
00001470  __TI_CINIT_Base               
00001478  __TI_CINIT_Limit              
00001478  __TI_CINIT_Warm               
00001468  __TI_Handler_Table_Base       
00001470  __TI_Handler_Table_Limit      
000010d5  __TI_auto_init_nobinit_nopinit
00000de9  __TI_decompress_lzss          
000012a3  __TI_decompress_none          
ffffffff  __TI_pprof_out_hndl           
ffffffff  __TI_prof_data_size           
ffffffff  __TI_prof_data_start          
00000000  __TI_static_base__            
000000cb  __adddf3                      
00000fd5  __aeabi_d2uiz                 
000000cb  __aeabi_dadd                  
000000c1  __aeabi_dsub                  
00000253  __aeabi_idiv0                 
000012e1  __aeabi_memcpy                
000012e1  __aeabi_memcpy4               
000012e1  __aeabi_memcpy8               
000011dd  __aeabi_ui2d                  
00001019  __aeabi_uidiv                 
00001019  __aeabi_uidivmod              
ffffffff  __binit__                     
00000fd5  __fixunsdfsi                  
000011dd  __floatunsidf                 
UNDEFED   __mpu_init                    
20207e00  __stack                       
20200000  __start___llvm_prf_bits       
20200000  __start___llvm_prf_cnts       
20200000  __stop___llvm_prf_bits        
20200000  __stop___llvm_prf_cnts        
000000c1  __subdf3                      
000011b5  _c_int00_noargs               
20200000  _sys_memory                   
UNDEFED   _system_post_cinit            
000012f5  _system_pre_init              
000012f9  abort                         
ffffffff  binit                         
000012b5  clock_delay                   
00000255  clock_init_40mhz              
0000139c  dip_switch_config_data        
00000f89  dipsw_init                    
00001360  enable_controls               
20200810  g_bus_clock_freq              
20200815  g_pb1_pressed                 
20200816  g_pb2_pressed                 
000012d5  get_bus_clock_freq            
00001059  hex_to_ascii                  
0000125f  hex_to_lcd                    
0000142c  iic_config_data               
00000000  interruptVectors              
20200800  keycodes                      
00000679  keypad_init                   
00000c41  keypad_input                  
00000d61  keypad_scan                   
000013cc  kp_col_config_data            
000013fc  kp_row_config_data            
00001111  launchpad_gpio_init           
00000819  lcd1602_init                  
000008dd  lcd1602_write                 
000012c5  lcd_clear                     
00001201  lcd_set_ddram_addr            
00001221  lcd_set_display_on            
00001279  lcd_write_char                
00001300  led_config_data               
00000b05  led_init                      
00000749  leds_off                      
00001097  main                          
00001181  msec_delay                    
00001149  padPress                      
00000a59  read_keyrow_data              
000003bd  seg7_init                     
00000e65  seg7_off                      
00000f35  string_to_uint16              
00001241  wait_no_key_pressed           
000004c9  write_keycol_data             


GLOBAL SYMBOLS: SORTED BY Symbol Address 

address   name                          
-------   ----                          
00000000  __TI_ATRegion0_region_sz      
00000000  __TI_ATRegion0_src_addr       
00000000  __TI_ATRegion0_trg_addr       
00000000  __TI_ATRegion1_region_sz      
00000000  __TI_ATRegion1_src_addr       
00000000  __TI_ATRegion1_trg_addr       
00000000  __TI_ATRegion2_region_sz      
00000000  __TI_ATRegion2_src_addr       
00000000  __TI_ATRegion2_trg_addr       
00000000  __TI_static_base__            
00000000  interruptVectors              
000000c1  __aeabi_dsub                  
000000c1  __subdf3                      
000000cb  __adddf3                      
000000cb  __aeabi_dadd                  
00000200  __STACK_SIZE                  
00000253  __aeabi_idiv0                 
00000255  clock_init_40mhz              
000003bd  seg7_init                     
000004c9  write_keycol_data             
000005a5  UART_init                     
00000679  keypad_init                   
00000749  leds_off                      
00000800  __SYSMEM_SIZE                 
00000819  lcd1602_init                  
000008dd  lcd1602_write                 
0000099d  I2C_init                      
00000a59  read_keyrow_data              
00000b05  led_init                      
00000bad  I2C_send1                     
00000c41  keypad_input                  
00000cd5  GROUP1_IRQHandler             
00000d61  keypad_scan                   
00000de9  __TI_decompress_lzss          
00000e65  seg7_off                      
00000f35  string_to_uint16              
00000f89  dipsw_init                    
00000fd5  __aeabi_d2uiz                 
00000fd5  __fixunsdfsi                  
00001019  __aeabi_uidiv                 
00001019  __aeabi_uidivmod              
00001059  hex_to_ascii                  
00001097  main                          
000010d5  __TI_auto_init_nobinit_nopinit
00001111  launchpad_gpio_init           
00001149  padPress                      
00001181  msec_delay                    
000011b5  _c_int00_noargs               
000011dd  __aeabi_ui2d                  
000011dd  __floatunsidf                 
00001201  lcd_set_ddram_addr            
00001221  lcd_set_display_on            
00001241  wait_no_key_pressed           
0000125f  hex_to_lcd                    
00001279  lcd_write_char                
00001291  TI_memcpy_small               
000012a3  __TI_decompress_none          
000012b5  clock_delay                   
000012c5  lcd_clear                     
000012d5  get_bus_clock_freq            
000012e1  __aeabi_memcpy                
000012e1  __aeabi_memcpy4               
000012e1  __aeabi_memcpy8               
000012e9  ADC0_IRQHandler               
000012e9  ADC1_IRQHandler               
000012e9  AES_IRQHandler                
000012e9  CANFD0_IRQHandler             
000012e9  DAC0_IRQHandler               
000012e9  DMA_IRQHandler                
000012e9  Default_Handler               
000012e9  GROUP0_IRQHandler             
000012e9  I2C0_IRQHandler               
000012e9  I2C1_IRQHandler               
000012e9  NMI_Handler                   
000012e9  PendSV_Handler                
000012e9  RTC_IRQHandler                
000012e9  SPI0_IRQHandler               
000012e9  SPI1_IRQHandler               
000012e9  SVC_Handler                   
000012e9  SysTick_Handler               
000012e9  TIMA0_IRQHandler              
000012e9  TIMA1_IRQHandler              
000012e9  TIMG0_IRQHandler              
000012e9  TIMG12_IRQHandler             
000012e9  TIMG6_IRQHandler              
000012e9  TIMG7_IRQHandler              
000012e9  TIMG8_IRQHandler              
000012e9  UART0_IRQHandler              
000012e9  UART1_IRQHandler              
000012e9  UART2_IRQHandler              
000012e9  UART3_IRQHandler              
000012ed  HardFault_Handler             
000012f1  Reset_Handler                 
000012f5  _system_pre_init              
000012f8  C$$EXIT                       
000012f9  abort                         
00001300  led_config_data               
00001360  enable_controls               
0000139c  dip_switch_config_data        
000013cc  kp_col_config_data            
000013fc  kp_row_config_data            
0000142c  iic_config_data               
00001468  __TI_Handler_Table_Base       
00001470  __TI_CINIT_Base               
00001470  __TI_Handler_Table_Limit      
00001478  __TI_CINIT_Limit              
00001478  __TI_CINIT_Warm               
20200000  __start___llvm_prf_bits       
20200000  __start___llvm_prf_cnts       
20200000  __stop___llvm_prf_bits        
20200000  __stop___llvm_prf_cnts        
20200000  _sys_memory                   
20200800  keycodes                      
20200810  g_bus_clock_freq              
20200815  g_pb1_pressed                 
20200816  g_pb2_pressed                 
20207e00  __stack                       
20208000  __STACK_END                   
ffffffff  __TI_pprof_out_hndl           
ffffffff  __TI_prof_data_size           
ffffffff  __TI_prof_data_start          
ffffffff  __binit__                     
ffffffff  binit                         
UNDEFED   __mpu_init                    
UNDEFED   _system_post_cinit            

[125 symbols]
