******************************************************************************
            TI ARM Clang Linker Unix v4.0.0                    
******************************************************************************
>> Linked Wed May  7 17:32:10 2025

OUTPUT FILE NAME:   <mainprogram.out>
ENTRY POINT SYMBOL: "_c_int00_noargs"  address: 00003331


MEMORY CONFIGURATION

         name            origin    length      used     unused   attr    fill
----------------------  --------  ---------  --------  --------  ----  --------
  FLASH                 00000000   00020000  000039d8  0001c628  R  X
  SRAM                  20200000   00008000  00000ab9  00007547  RW X
  BCR_CONFIG            41c00000   00000080  00000000  00000080  R   
  BSL_CONFIG            41c00100   00000080  00000000  00000080  R   


SEGMENT ALLOCATION MAP

run origin  load origin   length   init length attrs members
----------  ----------- ---------- ----------- ----- -------
00000000    00000000    00003618   00003618    r-x
  00000000    00000000    000000c0   000000c0    r-- .intvecs
  000000c0    000000c0    00003558   00003558    r-x .text
00003620    00003620    000003c0   000003c0    r--
  00003620    00003620    000002f0   000002f0    r-- .rodata
  00003910    00003910    000000d0   000000d0    r-- .cinit
20200000    20200000    000008bc   00000000    rw-
  20200000    20200000    00000800   00000000    rw- .sysmem
  20200800    20200800    000000b5   00000000    rw- .data
  202008b8    202008b8    00000004   00000000    rw- .bss
20207e00    20207e00    00000200   00000000    rw-
  20207e00    20207e00    00000200   00000000    rw- .stack


SECTION ALLOCATION MAP

 output                                  attributes/
section   page    origin      length       input sections
--------  ----  ----------  ----------   ----------------
.intvecs   0    00000000    000000c0     
                  00000000    000000c0     startup_mspm0g3507_ticlang.o (.intvecs)

.text      0    000000c0    00003558     
                  000000c0    000009d0     libc.a : _printfi.c.obj (.text:__TI_printfi)
                  00000a90    00000220            : _printfi.c.obj (.text._pconv_a)
                  00000cb0    000001dc            : _printfi.c.obj (.text._pconv_g)
                  00000e8c    000001c8     main.o (.text.main)
                  00001054    00000192     libclang_rt.builtins.a : adddf3.S.obj (.text.adddf3_subdf3)
                  000011e6    00000002                            : aeabi_div0.c.obj (.text.__aeabi_idiv0)
                  000011e8    00000168     clock.o (.text.clock_init_40mhz)
                  00001350    0000013c     libc.a : _printfi.c.obj (.text.fcvt)
                  0000148c    00000130     main.o (.text.floor_picker)
                  000015bc    00000120     libc.a : _printfi.c.obj (.text._pconv_e)
                  000016dc    00000114            : memory.c.obj (.text.aligned_alloc)
                  000017f0    0000010c     libclang_rt.builtins.a : divdf3.S.obj (.text.__divdf3)
                  000018fc    0000010c     LaunchPad.o (.text.seg7_init)
                  00001a08    000000e4     libclang_rt.builtins.a : muldf3.S.obj (.text.__muldf3)
                  00001aec    000000dc     LaunchPad.o (.text.write_keycol_data)
                  00001bc8    000000d8     libc.a : s_scalbn.c.obj (.text.scalbn)
                  00001ca0    000000d4     adc.o (.text.ADC0_init)
                  00001d74    000000d4     uart.o (.text.UART_init)
                  00001e48    000000d0     LaunchPad.o (.text.keypad_init)
                  00001f18    000000d0     LaunchPad.o (.text.leds_off)
                  00001fe8    000000c8     main.o (.text.GROUP1_IRQHandler)
                  000020b0    000000c4     lcd1602.o (.text.lcd1602_init)
                  00002174    000000c0     lcd1602.o (.text.lcd1602_write)
                  00002234    000000bc     LaunchPad.o (.text.I2C_init)
                  000022f0    000000ac     LaunchPad.o (.text.read_keyrow_data)
                  0000239c    000000a8     LaunchPad.o (.text.led_init)
                  00002444    000000a2     libclang_rt.builtins.a : udivmoddi4.S.obj (.text)
                  000024e6    00000002                            : aeabi_div0.c.obj (.text.__aeabi_ldiv0)
                  000024e8    00000094     LaunchPad.o (.text.I2C_send1)
                  0000257c    00000090     main.o (.text.keypad_input)
                  0000260c    00000088     LaunchPad.o (.text.keypad_scan)
                  00002694    00000084     main.o (.text.__NVIC_SetPriority)
                  00002718    0000007c     lcd1602.o (.text.byte_to_ascii)
                  00002794    0000007c     main.o (.text.checkIfValid)
                  00002810    0000007c     libc.a : copy_decompress_lzss.c.obj (.text:decompress:lzss)
                  0000288c    00000074     libclang_rt.builtins.a : comparedf2.c.obj (.text.__gedf2)
                  00002900    00000074     LaunchPad.o (.text.seg7_off)
                  00002974    00000068     adc.o (.text.ADC0_in)
                  000029dc    00000068     libclang_rt.builtins.a : comparedf2.c.obj (.text.__ledf2)
                  00002a44    00000066     libc.a : _printfi.c.obj (.text._mcpy)
                  00002aaa    00000002            : _lock.c.obj (.text._nop)
                  00002aac    00000064            : memory.c.obj (.text.split)
                  00002b10    00000062     libclang_rt.builtins.a : aeabi_dcmp.S.obj (.text.__aeabi_dcmp)
                  00002b72    00000002     --HOLE-- [fill = 0]
                  00002b74    0000005c     LaunchPad.o (.text.I2C_fill_tx_fifo)
                  00002bd0    0000005c     libc.a : s_frexp.c.obj (.text.frexp)
                  00002c2c    00000058            : _ltoa.c.obj (.text.__TI_ltoa)
                  00002c84    00000058            : _printfi.c.obj (.text._pconv_f)
                  00002cdc    00000056     libclang_rt.builtins.a : aeabi_idivmod.S.obj (.text.__aeabi_idivmod)
                  00002d32    00000002     --HOLE-- [fill = 0]
                  00002d34    00000054     main.o (.text.admin)
                  00002d88    00000054     main.o (.text.string_to_uint16)
                  00002ddc    00000052     libc.a : _printfi.c.obj (.text._ecpy)
                  00002e2e    00000002     --HOLE-- [fill = 0]
                  00002e30    0000004c     LaunchPad.o (.text.dipsw_init)
                  00002e7c    0000004a     libclang_rt.builtins.a : fixdfsi.S.obj (.text.__fixdfsi)
                  00002ec6    00000002     --HOLE-- [fill = 0]
                  00002ec8    00000042                            : fixunsdfsi.S.obj (.text.__fixunsdfsi)
                  00002f0a    00000002     --HOLE-- [fill = 0]
                  00002f0c    00000040                            : aeabi_uidivmod.S.obj (.text.__aeabi_uidivmod)
                  00002f4c    00000040     libc.a : atoi.c.obj (.text.atoi)
                  00002f8c    0000003e     lcd1602.o (.text.hex_to_ascii)
                  00002fca    0000003c     main.o (.text.msp_printf)
                  00003006    00000002     --HOLE-- [fill = 0]
                  00003008    0000003c     libc.a : autoinit.c.obj (.text:__TI_auto_init_nobinit_nopinit)
                  00003044    0000003a     libclang_rt.builtins.a : muldsi3.S.obj (.text.__muldsi3)
                  0000307e    00000002     --HOLE-- [fill = 0]
                  00003080    00000038     LaunchPad.o (.text.launchpad_gpio_init)
                  000030b8    00000038     libc.a : sprintf.c.obj (.text.sprintf)
                  000030f0    00000036     main.o (.text.padPress)
                  00003126    00000002     --HOLE-- [fill = 0]
                  00003128    00000034     main.o (.text.config_down_interrupt)
                  0000315c    00000034     main.o (.text.config_pb1_interrupt)
                  00003190    00000034     main.o (.text.config_pb2_interrupt)
                  000031c4    00000034     main.o (.text.config_up_interrupt)
                  000031f8    00000034     clock.o (.text.msec_delay)
                  0000322c    00000030     libc.a : _printfi.c.obj (.text._fcpy)
                  0000325c    0000002c     uart.o (.text.UART_out_char)
                  00003288    0000002c     main.o (.text.__NVIC_EnableIRQ)
                  000032b4    0000002c     libclang_rt.builtins.a : floatsidf.S.obj (.text.__floatsidf)
                  000032e0    00000028     libc.a : memory.c.obj (.text.free_list_insert)
                  00003308    00000028     lcd1602.o (.text.lcd_write_byte)
                  00003330    00000028     libc.a : boot_cortex_m.c.obj (.text:_c_int00_noargs)
                  00003358    00000024     libclang_rt.builtins.a : floatunsidf.S.obj (.text.__floatunsidf)
                  0000337c    00000024                            : muldi3.S.obj (.text.__muldi3)
                  000033a0    00000024     lcd1602.o (.text.lcd_write_string)
                  000033c4    00000024     LaunchPad.o (.text.pushButton_init)
                  000033e8    00000022     libc.a : memccpy.c.obj (.text.memccpy)
                  0000340a    00000020     lcd1602.o (.text.lcd_set_ddram_addr)
                  0000342a    00000002     --HOLE-- [fill = 0]
                  0000342c    00000020     lcd1602.o (.text.lcd_set_display_on)
                  0000344c    0000001e     libclang_rt.builtins.a : ashldi3.S.obj (.text.__ashldi3)
                  0000346a    0000001e     LaunchPad.o (.text.wait_no_key_pressed)
                  00003488    0000001c     libc.a : memory.c.obj (.text.free_list_remove)
                  000034a4    0000001a     lcd1602.o (.text.hex_to_lcd)
                  000034be    00000018     libc.a : sprintf.c.obj (.text._outs)
                  000034d6    00000018     lcd1602.o (.text.lcd_write_char)
                  000034ee    00000016     libc.a : copy_zero_init.c.obj (.text:decompress:ZI:__TI_zero_init_nomemset)
                  00003504    00000014     libclang_rt.builtins.a : aeabi_uldivmod.S.obj (.text.__aeabi_uldivmod)
                  00003518    00000014     libc.a : _printfi.c.obj (.text.strchr)
                  0000352c    00000012            : memcpy16.S.obj (.text:TI_memcpy_small)
                  0000353e    00000012            : copy_decompress_none.c.obj (.text:decompress:none)
                  00003550    00000010     clock.o (.text.clock_delay)
                  00003560    00000010     libc.a : wcslen.c.obj (.text.wcslen)
                  00003570    0000000e     libclang_rt.builtins.a : aeabi_memset.S.obj (.text.__aeabi_memset)
                  0000357e    0000000e     lcd1602.o (.text.lcd_clear)
                  0000358c    0000000e     libc.a : _printfi.c.obj (.text.strlen)
                  0000359a    0000000e            : memset16.S.obj (.text:TI_memset_small)
                  000035a8    0000000c     clock.o (.text.get_bus_clock_freq)
                  000035b4    0000000c     libc.a : memory.c.obj (.text.malloc)
                  000035c0    0000000a            : _printfi.c.obj (.text.OUTLINED_FUNCTION_0)
                  000035ca    00000002     --HOLE-- [fill = 0]
                  000035cc    00000010     libclang_rt.builtins.a : adddf3.S.obj (.tramp.__aeabi_dsub.1)
                  000035dc    0000000a     libc.a : _printfi.c.obj (.text.OUTLINED_FUNCTION_1)
                  000035e6    0000000a            : sprintf.c.obj (.text._outc)
                  000035f0    00000008            : aeabi_portable.c.obj (.text.__aeabi_errno_addr)
                  000035f8    00000008     libclang_rt.builtins.a : aeabi_memcpy.S.obj (.text.__aeabi_memcpy)
                  00003600    00000004     startup_mspm0g3507_ticlang.o (.text.Default_Handler)
                  00003604    00000004     startup_mspm0g3507_ticlang.o (.text.HardFault_Handler)
                  00003608    00000004     startup_mspm0g3507_ticlang.o (.text.Reset_Handler)
                  0000360c    00000004     libc.a : pre_init.c.obj (.text._system_pre_init)
                  00003610    00000004            : exit.c.obj (.text:abort)
                  00003614    00000004     --HOLE-- [fill = 0]

.cinit     0    00003910    000000d0     
                  00003910    000000a8     (.cinit..data.load) [load image, compression = lzss]
                  000039b8    0000000c     (__TI_handler_table)
                  000039c4    00000008     (.cinit..bss.load) [load image, compression = zero_init]
                  000039cc    00000010     (__TI_cinit_table)
                  000039dc    00000004     --HOLE-- [fill = 0]

.rodata    0    00003620    000002f0     
                  00003620    00000101     libc.a : aeabi_ctype.S.obj (.rodata:__aeabi_ctype_table_)
                  00003721    00000002     main.o (.rodata.str1.102198819253266672751)
                  00003723    00000001     --HOLE-- [fill = 0]
                  00003724    00000060     LaunchPad.o (.rodata.led_config_data)
                  00003784    0000003c     LaunchPad.o (.rodata.enable_controls)
                  000037c0    00000030     LaunchPad.o (.rodata.dip_switch_config_data)
                  000037f0    00000030     LaunchPad.o (.rodata.kp_col_config_data)
                  00003820    00000030     LaunchPad.o (.rodata.kp_row_config_data)
                  00003850    00000018     LaunchPad.o (.rodata.iic_config_data)
                  00003868    00000011     libc.a : _printfi.c.obj (.rodata.str1.103488685894817597201)
                  00003879    00000011     main.o (.rodata.str1.128962870563899395191)
                  0000388a    00000011     libc.a : _printfi.c.obj (.rodata.str1.153638888446227384661)
                  0000389b    00000010     main.o (.rodata.str1.140962207062303880201)
                  000038ab    00000010     main.o (.rodata.str1.182731374899196392841)
                  000038bb    0000000d     main.o (.rodata.str1.157592557656998809351)
                  000038c8    0000000c     main.o (.rodata.str1.42835430280232758001)
                  000038d4    0000000c     main.o (.rodata.str1.58265674741439123291)
                  000038e0    0000000a     main.o (.rodata.str1.164552152177587026401)
                  000038ea    00000009     main.o (.rodata.str1.115890148426537372251)
                  000038f3    00000009     main.o (.rodata.str1.30235616187663446621)
                  000038fc    00000008     main.o (.rodata.str1.54842681482495761191)
                  00003904    00000005     main.o (.rodata.str1.181369900268917052751)
                  00003909    00000007     --HOLE-- [fill = 0]

.init_array 
*          0    00000000    00000000     UNINITIALIZED

.binit     0    00000000    00000000     

.sysmem    0    20200000    00000800     UNINITIALIZED
                  20200000    00000010     libc.a : memory.c.obj (.sysmem)
                  20200010    000007f0     --HOLE--

.data      0    20200800    000000b5     UNINITIALIZED
                  20200800    00000070     main.o (.data.EMPLOYEE_NAMES)
                  20200870    0000001c     main.o (.data.VALIDCODES)
                  2020088c    00000010     LaunchPad.o (.data.keycodes)
                  2020089c    00000004     libc.a : aeabi_portable.c.obj (.data.__aeabi_errno)
                  202008a0    00000004            : _lock.c.obj (.data._lock)
                  202008a4    00000004            : _lock.c.obj (.data._unlock)
                  202008a8    00000004     clock.o (.data.g_bus_clock_freq)
                  202008ac    00000001     main.o (.data.g_down_pressed)
                  202008ad    00000001     lcd1602.o (.data.g_lcd_backlight_mode)
                  202008ae    00000001     main.o (.data.g_pb1_pressed)
                  202008af    00000001     main.o (.data.g_pb2_pressed)
                  202008b0    00000001     main.o (.data.g_up_pressed)
                  202008b1    00000003     --HOLE--
                  202008b4    00000001     libc.a : memory.c.obj (.data.memory_is_initialized)

.bss       0    202008b8    00000004     UNINITIALIZED
                  202008b8    00000004     libc.a : memory.c.obj (.bss.sys_free)

.stack     0    20207e00    00000200     UNINITIALIZED
                  20207e00    00000004     libc.a : boot_cortex_m.c.obj (.stack)
                  20207e04    000001fc     --HOLE--

__llvm_prf_cnts 
*          0    20200000    00000000     UNINITIALIZED

__llvm_prf_bits 
*          0    20200000    00000000     UNINITIALIZED

MODULE SUMMARY

       Module                         code    ro data   rw data
       ------                         ----    -------   -------
    ./
       LaunchPad.o                    2122    324       16     
       main.o                         1894    129       144    
       lcd1602.o                      778     0         1      
       clock.o                        440     0         4      
       adc.o                          316     0         0      
       uart.o                         256     0         0      
    +--+------------------------------+-------+---------+---------+
       Total:                         5806    453       165    
                                                               
    ./ticlang/
       startup_mspm0g3507_ticlang.o   12      192       0      
    +--+------------------------------+-------+---------+---------+
       Total:                         12      192       0      
                                                               
    /home/sofa/ti/ccstheia151/ccs/tools/compiler/ti-cgt-armllvm_4.0.0.LTS/lib/armv6m-ti-none-eabi/c/libc.a
       _printfi.c.obj                 4510    34        0      
       memory.c.obj                   456     0         5      
       aeabi_ctype.S.obj              0       257       0      
       s_scalbn.c.obj                 216     0         0      
       copy_decompress_lzss.c.obj     124     0         0      
       s_frexp.c.obj                  92      0         0      
       sprintf.c.obj                  90      0         0      
       _ltoa.c.obj                    88      0         0      
       atoi.c.obj                     64      0         0      
       autoinit.c.obj                 60      0         0      
       boot_cortex_m.c.obj            40      0         0      
       memccpy.c.obj                  34      0         0      
       copy_zero_init.c.obj           22      0         0      
       copy_decompress_none.c.obj     18      0         0      
       memcpy16.S.obj                 18      0         0      
       wcslen.c.obj                   16      0         0      
       memset16.S.obj                 14      0         0      
       aeabi_portable.c.obj           8       0         4      
       _lock.c.obj                    2       0         8      
       exit.c.obj                     4       0         0      
       pre_init.c.obj                 4       0         0      
    +--+------------------------------+-------+---------+---------+
       Total:                         5880    291       17     
                                                               
    /home/sofa/ti/ccstheia151/ccs/tools/compiler/ti-cgt-armllvm_4.0.0.LTS/lib/armv6m-ti-none-eabi/libclang_rt.builtins.a
       adddf3.S.obj                   418     0         0      
       divdf3.S.obj                   268     0         0      
       muldf3.S.obj                   228     0         0      
       comparedf2.c.obj               220     0         0      
       udivmoddi4.S.obj               162     0         0      
       aeabi_dcmp.S.obj               98      0         0      
       aeabi_idivmod.S.obj            86      0         0      
       fixdfsi.S.obj                  74      0         0      
       fixunsdfsi.S.obj               66      0         0      
       aeabi_uidivmod.S.obj           64      0         0      
       muldsi3.S.obj                  58      0         0      
       floatsidf.S.obj                44      0         0      
       floatunsidf.S.obj              36      0         0      
       muldi3.S.obj                   36      0         0      
       ashldi3.S.obj                  30      0         0      
       aeabi_uldivmod.S.obj           20      0         0      
       aeabi_memset.S.obj             14      0         0      
       aeabi_memcpy.S.obj             8       0         0      
       aeabi_div0.c.obj               4       0         0      
    +--+------------------------------+-------+---------+---------+
       Total:                         1934    0         0      
                                                               
       Heap:                          0       0         2048   
       Stack:                         0       0         512    
       Linker Generated:              0       204       0      
    +--+------------------------------+-------+---------+---------+
       Grand Total:                   13632   1140      2742   


LINKER GENERATED COPY TABLES

__TI_cinit_table @ 000039cc records: 2, size/record: 8, table size: 16
	.data: load addr=00003910, load size=000000a8 bytes, run addr=20200800, run size=000000b5 bytes, compression=lzss
	.bss: load addr=000039c4, load size=00000008 bytes, run addr=202008b8, run size=00000004 bytes, compression=zero_init


LINKER GENERATED HANDLER TABLE

__TI_handler_table @ 000039b8 records: 3, size/record: 4, table size: 12
	index: 0, handler: __TI_decompress_lzss
	index: 1, handler: __TI_decompress_none
	index: 2, handler: __TI_zero_init


FAR CALL TRAMPOLINES

callee name               trampoline name
   callee addr  tramp addr   call addr  call info
--------------  -----------  ---------  ----------------
__aeabi_dsub              $Tramp$TT$L$PI$$__aeabi_dsub
   00001055     000035cc     000035c8   libc.a : _printfi.c.obj (.text.OUTLINED_FUNCTION_0)

[1 trampolines]
[1 trampoline calls]


GLOBAL SYMBOLS: SORTED ALPHABETICALLY BY Name 

address   name                          
-------   ----                          
00003601  ADC0_IRQHandler               
00002975  ADC0_in                       
00001ca1  ADC0_init                     
00003601  ADC1_IRQHandler               
00003601  AES_IRQHandler                
00003610  C$$EXIT                       
00003601  CANFD0_IRQHandler             
00003601  DAC0_IRQHandler               
00003601  DMA_IRQHandler                
00003601  Default_Handler               
20200800  EMPLOYEE_NAMES                
00003601  GROUP0_IRQHandler             
00001fe9  GROUP1_IRQHandler             
00003605  HardFault_Handler             
00003601  I2C0_IRQHandler               
00003601  I2C1_IRQHandler               
00002235  I2C_init                      
000024e9  I2C_send1                     
00003601  NMI_Handler                   
00003601  PendSV_Handler                
00003601  RTC_IRQHandler                
00003609  Reset_Handler                 
00003601  SPI0_IRQHandler               
00003601  SPI1_IRQHandler               
00003601  SVC_Handler                   
00003601  SysTick_Handler               
00003601  TIMA0_IRQHandler              
00003601  TIMA1_IRQHandler              
00003601  TIMG0_IRQHandler              
00003601  TIMG12_IRQHandler             
00003601  TIMG6_IRQHandler              
00003601  TIMG7_IRQHandler              
00003601  TIMG8_IRQHandler              
0000352d  TI_memcpy_small               
0000359b  TI_memset_small               
00003601  UART0_IRQHandler              
00003601  UART1_IRQHandler              
00003601  UART2_IRQHandler              
00003601  UART3_IRQHandler              
00001d75  UART_init                     
0000325d  UART_out_char                 
20200870  VALIDCODES                    
20208000  __STACK_END                   
00000200  __STACK_SIZE                  
00000800  __SYSMEM_SIZE                 
00000000  __TI_ATRegion0_region_sz      
00000000  __TI_ATRegion0_src_addr       
00000000  __TI_ATRegion0_trg_addr       
00000000  __TI_ATRegion1_region_sz      
00000000  __TI_ATRegion1_src_addr       
00000000  __TI_ATRegion1_trg_addr       
00000000  __TI_ATRegion2_region_sz      
00000000  __TI_ATRegion2_src_addr       
00000000  __TI_ATRegion2_trg_addr       
000039cc  __TI_CINIT_Base               
000039dc  __TI_CINIT_Limit              
000039dc  __TI_CINIT_Warm               
000039b8  __TI_Handler_Table_Base       
000039c4  __TI_Handler_Table_Limit      
00003009  __TI_auto_init_nobinit_nopinit
00002811  __TI_decompress_lzss          
0000353f  __TI_decompress_none          
00002c2d  __TI_ltoa                     
ffffffff  __TI_pprof_out_hndl           
000000c1  __TI_printfi                  
ffffffff  __TI_prof_data_size           
ffffffff  __TI_prof_data_start          
00000000  __TI_static_base__            
000034ef  __TI_zero_init_nomemset       
0000105f  __adddf3                      
00003620  __aeabi_ctype_table_          
00003620  __aeabi_ctype_table_C         
00002e7d  __aeabi_d2iz                  
00002ec9  __aeabi_d2uiz                 
0000105f  __aeabi_dadd                  
00002b11  __aeabi_dcmpeq                
00002b4d  __aeabi_dcmpge                
00002b61  __aeabi_dcmpgt                
00002b39  __aeabi_dcmple                
00002b25  __aeabi_dcmplt                
000017f1  __aeabi_ddiv                  
00001a09  __aeabi_dmul                  
00001055  __aeabi_dsub                  
2020089c  __aeabi_errno                 
000035f1  __aeabi_errno_addr            
000032b5  __aeabi_i2d                   
00002cdd  __aeabi_idiv                  
000011e7  __aeabi_idiv0                 
00002cdd  __aeabi_idivmod               
000024e7  __aeabi_ldiv0                 
0000344d  __aeabi_llsl                  
0000337d  __aeabi_lmul                  
000035f9  __aeabi_memcpy                
000035f9  __aeabi_memcpy4               
000035f9  __aeabi_memcpy8               
00003571  __aeabi_memset                
00003571  __aeabi_memset4               
00003571  __aeabi_memset8               
00003359  __aeabi_ui2d                  
00002f0d  __aeabi_uidiv                 
00002f0d  __aeabi_uidivmod              
00003505  __aeabi_uldivmod              
0000344d  __ashldi3                     
ffffffff  __binit__                     
000029dd  __cmpdf2                      
000017f1  __divdf3                      
000029dd  __eqdf2                       
00002e7d  __fixdfsi                     
00002ec9  __fixunsdfsi                  
000032b5  __floatsidf                   
00003359  __floatunsidf                 
0000288d  __gedf2                       
0000288d  __gtdf2                       
000029dd  __ledf2                       
000029dd  __ltdf2                       
UNDEFED   __mpu_init                    
00001a09  __muldf3                      
0000337d  __muldi3                      
00003045  __muldsi3                     
000029dd  __nedf2                       
20207e00  __stack                       
20200000  __start___llvm_prf_bits       
20200000  __start___llvm_prf_cnts       
20200000  __stop___llvm_prf_bits        
20200000  __stop___llvm_prf_cnts        
00001055  __subdf3                      
00002445  __udivmoddi4                  
00003331  _c_int00_noargs               
202008a0  _lock                         
00002aab  _nop                          
20200000  _sys_memory                   
UNDEFED   _system_post_cinit            
0000360d  _system_pre_init              
202008a4  _unlock                       
00003611  abort                         
00002d35  admin                         
000016dd  aligned_alloc                 
00002f4d  atoi                          
ffffffff  binit                         
00002719  byte_to_ascii                 
00002795  checkIfValid                  
00003551  clock_delay                   
000011e9  clock_init_40mhz              
00003129  config_down_interrupt         
0000315d  config_pb1_interrupt          
00003191  config_pb2_interrupt          
000031c5  config_up_interrupt           
000037c0  dip_switch_config_data        
00002e31  dipsw_init                    
00003784  enable_controls               
0000148d  floor_picker                  
00002bd1  frexp                         
00002bd1  frexpl                        
202008a8  g_bus_clock_freq              
202008ac  g_down_pressed                
202008ae  g_pb1_pressed                 
202008af  g_pb2_pressed                 
202008b0  g_up_pressed                  
000035a9  get_bus_clock_freq            
00002f8d  hex_to_ascii                  
000034a5  hex_to_lcd                    
00003850  iic_config_data               
00000000  interruptVectors              
2020088c  keycodes                      
00001e49  keypad_init                   
0000257d  keypad_input                  
0000260d  keypad_scan                   
000037f0  kp_col_config_data            
00003820  kp_row_config_data            
00003081  launchpad_gpio_init           
000020b1  lcd1602_init                  
00002175  lcd1602_write                 
0000357f  lcd_clear                     
0000340b  lcd_set_ddram_addr            
0000342d  lcd_set_display_on            
00003309  lcd_write_byte                
000034d7  lcd_write_char                
000033a1  lcd_write_string              
00001bc9  ldexp                         
00001bc9  ldexpl                        
00003724  led_config_data               
0000239d  led_init                      
00001f19  leds_off                      
00000e8d  main                          
000035b5  malloc                        
000016dd  memalign                      
000033e9  memccpy                       
000031f9  msec_delay                    
00002fcb  msp_printf                    
000030f1  padPress                      
000033c5  pushButton_init               
000022f1  read_keyrow_data              
00001bc9  scalbn                        
00001bc9  scalbnl                       
000018fd  seg7_init                     
00002901  seg7_off                      
000030b9  sprintf                       
00002d89  string_to_uint16              
0000346b  wait_no_key_pressed           
00003561  wcslen                        
00001aed  write_keycol_data             


GLOBAL SYMBOLS: SORTED BY Symbol Address 

address   name                          
-------   ----                          
00000000  __TI_ATRegion0_region_sz      
00000000  __TI_ATRegion0_src_addr       
00000000  __TI_ATRegion0_trg_addr       
00000000  __TI_ATRegion1_region_sz      
00000000  __TI_ATRegion1_src_addr       
00000000  __TI_ATRegion1_trg_addr       
00000000  __TI_ATRegion2_region_sz      
00000000  __TI_ATRegion2_src_addr       
00000000  __TI_ATRegion2_trg_addr       
00000000  __TI_static_base__            
00000000  interruptVectors              
000000c1  __TI_printfi                  
00000200  __STACK_SIZE                  
00000800  __SYSMEM_SIZE                 
00000e8d  main                          
00001055  __aeabi_dsub                  
00001055  __subdf3                      
0000105f  __adddf3                      
0000105f  __aeabi_dadd                  
000011e7  __aeabi_idiv0                 
000011e9  clock_init_40mhz              
0000148d  floor_picker                  
000016dd  aligned_alloc                 
000016dd  memalign                      
000017f1  __aeabi_ddiv                  
000017f1  __divdf3                      
000018fd  seg7_init                     
00001a09  __aeabi_dmul                  
00001a09  __muldf3                      
00001aed  write_keycol_data             
00001bc9  ldexp                         
00001bc9  ldexpl                        
00001bc9  scalbn                        
00001bc9  scalbnl                       
00001ca1  ADC0_init                     
00001d75  UART_init                     
00001e49  keypad_init                   
00001f19  leds_off                      
00001fe9  GROUP1_IRQHandler             
000020b1  lcd1602_init                  
00002175  lcd1602_write                 
00002235  I2C_init                      
000022f1  read_keyrow_data              
0000239d  led_init                      
00002445  __udivmoddi4                  
000024e7  __aeabi_ldiv0                 
000024e9  I2C_send1                     
0000257d  keypad_input                  
0000260d  keypad_scan                   
00002719  byte_to_ascii                 
00002795  checkIfValid                  
00002811  __TI_decompress_lzss          
0000288d  __gedf2                       
0000288d  __gtdf2                       
00002901  seg7_off                      
00002975  ADC0_in                       
000029dd  __cmpdf2                      
000029dd  __eqdf2                       
000029dd  __ledf2                       
000029dd  __ltdf2                       
000029dd  __nedf2                       
00002aab  _nop                          
00002b11  __aeabi_dcmpeq                
00002b25  __aeabi_dcmplt                
00002b39  __aeabi_dcmple                
00002b4d  __aeabi_dcmpge                
00002b61  __aeabi_dcmpgt                
00002bd1  frexp                         
00002bd1  frexpl                        
00002c2d  __TI_ltoa                     
00002cdd  __aeabi_idiv                  
00002cdd  __aeabi_idivmod               
00002d35  admin                         
00002d89  string_to_uint16              
00002e31  dipsw_init                    
00002e7d  __aeabi_d2iz                  
00002e7d  __fixdfsi                     
00002ec9  __aeabi_d2uiz                 
00002ec9  __fixunsdfsi                  
00002f0d  __aeabi_uidiv                 
00002f0d  __aeabi_uidivmod              
00002f4d  atoi                          
00002f8d  hex_to_ascii                  
00002fcb  msp_printf                    
00003009  __TI_auto_init_nobinit_nopinit
00003045  __muldsi3                     
00003081  launchpad_gpio_init           
000030b9  sprintf                       
000030f1  padPress                      
00003129  config_down_interrupt         
0000315d  config_pb1_interrupt          
00003191  config_pb2_interrupt          
000031c5  config_up_interrupt           
000031f9  msec_delay                    
0000325d  UART_out_char                 
000032b5  __aeabi_i2d                   
000032b5  __floatsidf                   
00003309  lcd_write_byte                
00003331  _c_int00_noargs               
00003359  __aeabi_ui2d                  
00003359  __floatunsidf                 
0000337d  __aeabi_lmul                  
0000337d  __muldi3                      
000033a1  lcd_write_string              
000033c5  pushButton_init               
000033e9  memccpy                       
0000340b  lcd_set_ddram_addr            
0000342d  lcd_set_display_on            
0000344d  __aeabi_llsl                  
0000344d  __ashldi3                     
0000346b  wait_no_key_pressed           
000034a5  hex_to_lcd                    
000034d7  lcd_write_char                
000034ef  __TI_zero_init_nomemset       
00003505  __aeabi_uldivmod              
0000352d  TI_memcpy_small               
0000353f  __TI_decompress_none          
00003551  clock_delay                   
00003561  wcslen                        
00003571  __aeabi_memset                
00003571  __aeabi_memset4               
00003571  __aeabi_memset8               
0000357f  lcd_clear                     
0000359b  TI_memset_small               
000035a9  get_bus_clock_freq            
000035b5  malloc                        
000035f1  __aeabi_errno_addr            
000035f9  __aeabi_memcpy                
000035f9  __aeabi_memcpy4               
000035f9  __aeabi_memcpy8               
00003601  ADC0_IRQHandler               
00003601  ADC1_IRQHandler               
00003601  AES_IRQHandler                
00003601  CANFD0_IRQHandler             
00003601  DAC0_IRQHandler               
00003601  DMA_IRQHandler                
00003601  Default_Handler               
00003601  GROUP0_IRQHandler             
00003601  I2C0_IRQHandler               
00003601  I2C1_IRQHandler               
00003601  NMI_Handler                   
00003601  PendSV_Handler                
00003601  RTC_IRQHandler                
00003601  SPI0_IRQHandler               
00003601  SPI1_IRQHandler               
00003601  SVC_Handler                   
00003601  SysTick_Handler               
00003601  TIMA0_IRQHandler              
00003601  TIMA1_IRQHandler              
00003601  TIMG0_IRQHandler              
00003601  TIMG12_IRQHandler             
00003601  TIMG6_IRQHandler              
00003601  TIMG7_IRQHandler              
00003601  TIMG8_IRQHandler              
00003601  UART0_IRQHandler              
00003601  UART1_IRQHandler              
00003601  UART2_IRQHandler              
00003601  UART3_IRQHandler              
00003605  HardFault_Handler             
00003609  Reset_Handler                 
0000360d  _system_pre_init              
00003610  C$$EXIT                       
00003611  abort                         
00003620  __aeabi_ctype_table_          
00003620  __aeabi_ctype_table_C         
00003724  led_config_data               
00003784  enable_controls               
000037c0  dip_switch_config_data        
000037f0  kp_col_config_data            
00003820  kp_row_config_data            
00003850  iic_config_data               
000039b8  __TI_Handler_Table_Base       
000039c4  __TI_Handler_Table_Limit      
000039cc  __TI_CINIT_Base               
000039dc  __TI_CINIT_Limit              
000039dc  __TI_CINIT_Warm               
20200000  __start___llvm_prf_bits       
20200000  __start___llvm_prf_cnts       
20200000  __stop___llvm_prf_bits        
20200000  __stop___llvm_prf_cnts        
20200000  _sys_memory                   
20200800  EMPLOYEE_NAMES                
20200870  VALIDCODES                    
2020088c  keycodes                      
2020089c  __aeabi_errno                 
202008a0  _lock                         
202008a4  _unlock                       
202008a8  g_bus_clock_freq              
202008ac  g_down_pressed                
202008ae  g_pb1_pressed                 
202008af  g_pb2_pressed                 
202008b0  g_up_pressed                  
20207e00  __stack                       
20208000  __STACK_END                   
ffffffff  __TI_pprof_out_hndl           
ffffffff  __TI_prof_data_size           
ffffffff  __TI_prof_data_start          
ffffffff  __binit__                     
ffffffff  binit                         
UNDEFED   __mpu_init                    
UNDEFED   _system_post_cinit            

[201 symbols]
