******************************************************************************
            TI ARM Clang Linker Unix v4.0.0                    
******************************************************************************
>> Linked Wed May  7 00:42:19 2025

OUTPUT FILE NAME:   <mainprogram.out>
ENTRY POINT SYMBOL: "_c_int00_noargs"  address: 00001565


MEMORY CONFIGURATION

         name            origin    length      used     unused   attr    fill
----------------------  --------  ---------  --------  --------  ----  --------
  FLASH                 00000000   00020000  00001988  0001e678  R  X
  SRAM                  20200000   00008000  00000ab1  0000754f  RW X
  BCR_CONFIG            41c00000   00000080  00000000  00000080  R   
  BSL_CONFIG            41c00100   00000080  00000000  00000080  R   


SEGMENT ALLOCATION MAP

run origin  load origin   length   init length attrs members
----------  ----------- ---------- ----------- ----- -------
00000000    00000000    00001988   00001988    r-x
  00000000    00000000    000000c0   000000c0    r-- .intvecs
  000000c0    000000c0    00001670   00001670    r-x .text
  00001730    00001730    00000190   00000190    r-- .rodata
  000018c0    000018c0    000000c8   000000c8    r-- .cinit
20200000    20200000    000008b4   00000000    rw-
  20200000    20200000    00000800   00000000    rw- .sysmem
  20200800    20200800    000000ad   00000000    rw- .data
  202008b0    202008b0    00000004   00000000    rw- .bss
20207e00    20207e00    00000200   00000000    rw-
  20207e00    20207e00    00000200   00000000    rw- .stack


SECTION ALLOCATION MAP

 output                                  attributes/
section   page    origin      length       input sections
--------  ----  ----------  ----------   ----------------
.intvecs   0    00000000    000000c0     
                  00000000    000000c0     startup_mspm0g3507_ticlang.o (.intvecs)

.text      0    000000c0    00001670     
                  000000c0    00000192     libclang_rt.builtins.a : adddf3.S.obj (.text.adddf3_subdf3)
                  00000252    00000002                            : aeabi_div0.c.obj (.text.__aeabi_idiv0)
                  00000254    00000180     main.o (.text.main)
                  000003d4    00000168     clock.o (.text.clock_init_40mhz)
                  0000053c    00000114     libc.a : memory.c.obj (.text.aligned_alloc)
                  00000650    0000010c     LaunchPad.o (.text.seg7_init)
                  0000075c    000000dc     LaunchPad.o (.text.write_keycol_data)
                  00000838    000000d4     uart.o (.text.UART_init)
                  0000090c    000000d0     LaunchPad.o (.text.keypad_init)
                  000009dc    000000d0     LaunchPad.o (.text.leds_off)
                  00000aac    000000c4     lcd1602.o (.text.lcd1602_init)
                  00000b70    000000c0     lcd1602.o (.text.lcd1602_write)
                  00000c30    000000bc     LaunchPad.o (.text.I2C_init)
                  00000cec    000000ac     LaunchPad.o (.text.read_keyrow_data)
                  00000d98    000000a8     LaunchPad.o (.text.led_init)
                  00000e40    00000094     LaunchPad.o (.text.I2C_send1)
                  00000ed4    00000090     main.o (.text.keypad_input)
                  00000f64    0000008c     main.o (.text.GROUP1_IRQHandler)
                  00000ff0    00000088     LaunchPad.o (.text.keypad_scan)
                  00001078    0000007c     main.o (.text.checkIfValid)
                  000010f4    0000007c     libc.a : copy_decompress_lzss.c.obj (.text:decompress:lzss)
                  00001170    00000074     LaunchPad.o (.text.seg7_off)
                  000011e4    00000064     libc.a : memory.c.obj (.text.split)
                  00001248    0000005c     LaunchPad.o (.text.I2C_fill_tx_fifo)
                  000012a4    00000054     main.o (.text.admin)
                  000012f8    00000054     main.o (.text.string_to_uint16)
                  0000134c    0000004c     LaunchPad.o (.text.dipsw_init)
                  00001398    00000042     libclang_rt.builtins.a : fixunsdfsi.S.obj (.text.__fixunsdfsi)
                  000013da    00000002     libc.a : _lock.c.obj (.text._nop)
                  000013dc    00000040     libclang_rt.builtins.a : aeabi_uidivmod.S.obj (.text.__aeabi_uidivmod)
                  0000141c    0000003e     lcd1602.o (.text.hex_to_ascii)
                  0000145a    00000002     --HOLE-- [fill = 0]
                  0000145c    0000003c     libc.a : autoinit.c.obj (.text:__TI_auto_init_nobinit_nopinit)
                  00001498    00000038     LaunchPad.o (.text.launchpad_gpio_init)
                  000014d0    00000036     main.o (.text.padPress)
                  00001506    00000002     --HOLE-- [fill = 0]
                  00001508    00000034     clock.o (.text.msec_delay)
                  0000153c    00000028     libc.a : memory.c.obj (.text.free_list_insert)
                  00001564    00000028            : boot_cortex_m.c.obj (.text:_c_int00_noargs)
                  0000158c    00000024     libclang_rt.builtins.a : floatunsidf.S.obj (.text.__floatunsidf)
                  000015b0    00000024     lcd1602.o (.text.lcd_write_string)
                  000015d4    00000020     lcd1602.o (.text.lcd_set_ddram_addr)
                  000015f4    00000020     lcd1602.o (.text.lcd_set_display_on)
                  00001614    0000001e     LaunchPad.o (.text.wait_no_key_pressed)
                  00001632    00000002     --HOLE-- [fill = 0]
                  00001634    0000001c     LaunchPad.o (.text.dipsw_read_pos1)
                  00001650    0000001c     libc.a : memory.c.obj (.text.free_list_remove)
                  0000166c    0000001a     lcd1602.o (.text.hex_to_lcd)
                  00001686    00000018     lcd1602.o (.text.lcd_write_char)
                  0000169e    00000016     libc.a : copy_zero_init.c.obj (.text:decompress:ZI:__TI_zero_init_nomemset)
                  000016b4    00000012            : memcpy16.S.obj (.text:TI_memcpy_small)
                  000016c6    00000012            : copy_decompress_none.c.obj (.text:decompress:none)
                  000016d8    00000010     clock.o (.text.clock_delay)
                  000016e8    0000000e     lcd1602.o (.text.lcd_clear)
                  000016f6    00000002     --HOLE-- [fill = 0]
                  000016f8    0000000c     clock.o (.text.get_bus_clock_freq)
                  00001704    0000000c     libc.a : memory.c.obj (.text.malloc)
                  00001710    00000008     libclang_rt.builtins.a : aeabi_memcpy.S.obj (.text.__aeabi_memcpy)
                  00001718    00000004     startup_mspm0g3507_ticlang.o (.text.Default_Handler)
                  0000171c    00000004     startup_mspm0g3507_ticlang.o (.text.HardFault_Handler)
                  00001720    00000004     startup_mspm0g3507_ticlang.o (.text.Reset_Handler)
                  00001724    00000004     libc.a : pre_init.c.obj (.text._system_pre_init)
                  00001728    00000004            : exit.c.obj (.text:abort)
                  0000172c    00000004     --HOLE-- [fill = 0]

.cinit     0    000018c0    000000c8     
                  000018c0    000000a2     (.cinit..data.load) [load image, compression = lzss]
                  00001962    00000002     --HOLE-- [fill = 0]
                  00001964    0000000c     (__TI_handler_table)
                  00001970    00000008     (.cinit..bss.load) [load image, compression = zero_init]
                  00001978    00000010     (__TI_cinit_table)

.rodata    0    00001730    00000190     
                  00001730    00000060     LaunchPad.o (.rodata.led_config_data)
                  00001790    0000003c     LaunchPad.o (.rodata.enable_controls)
                  000017cc    00000030     LaunchPad.o (.rodata.dip_switch_config_data)
                  000017fc    00000030     LaunchPad.o (.rodata.kp_col_config_data)
                  0000182c    00000030     LaunchPad.o (.rodata.kp_row_config_data)
                  0000185c    00000018     LaunchPad.o (.rodata.iic_config_data)
                  00001874    00000011     main.o (.rodata.str1.181369900268917052751)
                  00001885    00000010     main.o (.rodata.str1.182731374899196392841)
                  00001895    0000000c     main.o (.rodata.str1.128962870563899395191)
                  000018a1    0000000c     main.o (.rodata.str1.30235616187663446621)
                  000018ad    0000000a     main.o (.rodata.str1.58265674741439123291)
                  000018b7    00000009     main.o (.rodata.str1.164552152177587026401)

.init_array 
*          0    00000000    00000000     UNINITIALIZED

.binit     0    00000000    00000000     

.sysmem    0    20200000    00000800     UNINITIALIZED
                  20200000    00000010     libc.a : memory.c.obj (.sysmem)
                  20200010    000007f0     --HOLE--

.data      0    20200800    000000ad     UNINITIALIZED
                  20200800    00000070     main.o (.data.EMPLOYEE_NAMES)
                  20200870    0000001c     main.o (.data.VALIDCODES)
                  2020088c    00000010     LaunchPad.o (.data.keycodes)
                  2020089c    00000004     libc.a : _lock.c.obj (.data._lock)
                  202008a0    00000004            : _lock.c.obj (.data._unlock)
                  202008a4    00000004     clock.o (.data.g_bus_clock_freq)
                  202008a8    00000001     lcd1602.o (.data.g_lcd_backlight_mode)
                  202008a9    00000001     main.o (.data.g_pb1_pressed)
                  202008aa    00000001     main.o (.data.g_pb2_pressed)
                  202008ab    00000001     --HOLE--
                  202008ac    00000001     libc.a : memory.c.obj (.data.memory_is_initialized)

.bss       0    202008b0    00000004     UNINITIALIZED
                  202008b0    00000004     libc.a : memory.c.obj (.bss.sys_free)

.stack     0    20207e00    00000200     UNINITIALIZED
                  20207e00    00000004     libc.a : boot_cortex_m.c.obj (.stack)
                  20207e04    000001fc     --HOLE--

__llvm_prf_cnts 
*          0    20200000    00000000     UNINITIALIZED

__llvm_prf_bits 
*          0    20200000    00000000     UNINITIALIZED

MODULE SUMMARY

       Module                         code   ro data   rw data
       ------                         ----   -------   -------
    ./
       LaunchPad.o                    2114   324       16     
       main.o                         1014   76        142    
       lcd1602.o                      614    0         1      
       clock.o                        440    0         4      
       uart.o                         212    0         0      
    +--+------------------------------+------+---------+---------+
       Total:                         4394   400       163    
                                                              
    ./ticlang/
       startup_mspm0g3507_ticlang.o   12     192       0      
    +--+------------------------------+------+---------+---------+
       Total:                         12     192       0      
                                                              
    /home/sofa/ti/ccstheia151/ccs/tools/compiler/ti-cgt-armllvm_4.0.0.LTS/lib/armv6m-ti-none-eabi/c/libc.a
       memory.c.obj                   456    0         5      
       copy_decompress_lzss.c.obj     124    0         0      
       autoinit.c.obj                 60     0         0      
       boot_cortex_m.c.obj            40     0         0      
       copy_zero_init.c.obj           22     0         0      
       copy_decompress_none.c.obj     18     0         0      
       memcpy16.S.obj                 18     0         0      
       _lock.c.obj                    2      0         8      
       exit.c.obj                     4      0         0      
       pre_init.c.obj                 4      0         0      
    +--+------------------------------+------+---------+---------+
       Total:                         748    0         13     
                                                              
    /home/sofa/ti/ccstheia151/ccs/tools/compiler/ti-cgt-armllvm_4.0.0.LTS/lib/armv6m-ti-none-eabi/libclang_rt.builtins.a
       adddf3.S.obj                   402    0         0      
       fixunsdfsi.S.obj               66     0         0      
       aeabi_uidivmod.S.obj           64     0         0      
       floatunsidf.S.obj              36     0         0      
       aeabi_memcpy.S.obj             8      0         0      
       aeabi_div0.c.obj               2      0         0      
    +--+------------------------------+------+---------+---------+
       Total:                         578    0         0      
                                                              
       Heap:                          0      0         2048   
       Stack:                         0      0         512    
       Linker Generated:              0      198       0      
    +--+------------------------------+------+---------+---------+
       Grand Total:                   5732   790       2736   


LINKER GENERATED COPY TABLES

__TI_cinit_table @ 00001978 records: 2, size/record: 8, table size: 16
	.data: load addr=000018c0, load size=000000a2 bytes, run addr=20200800, run size=000000ad bytes, compression=lzss
	.bss: load addr=00001970, load size=00000008 bytes, run addr=202008b0, run size=00000004 bytes, compression=zero_init


LINKER GENERATED HANDLER TABLE

__TI_handler_table @ 00001964 records: 3, size/record: 4, table size: 12
	index: 0, handler: __TI_decompress_lzss
	index: 1, handler: __TI_decompress_none
	index: 2, handler: __TI_zero_init


GLOBAL SYMBOLS: SORTED ALPHABETICALLY BY Name 

address   name                          
-------   ----                          
00001719  ADC0_IRQHandler               
00001719  ADC1_IRQHandler               
00001719  AES_IRQHandler                
00001728  C$$EXIT                       
00001719  CANFD0_IRQHandler             
00001719  DAC0_IRQHandler               
00001719  DMA_IRQHandler                
00001719  Default_Handler               
20200800  EMPLOYEE_NAMES                
00001719  GROUP0_IRQHandler             
00000f65  GROUP1_IRQHandler             
0000171d  HardFault_Handler             
00001719  I2C0_IRQHandler               
00001719  I2C1_IRQHandler               
00000c31  I2C_init                      
00000e41  I2C_send1                     
00001719  NMI_Handler                   
00001719  PendSV_Handler                
00001719  RTC_IRQHandler                
00001721  Reset_Handler                 
00001719  SPI0_IRQHandler               
00001719  SPI1_IRQHandler               
00001719  SVC_Handler                   
00001719  SysTick_Handler               
00001719  TIMA0_IRQHandler              
00001719  TIMA1_IRQHandler              
00001719  TIMG0_IRQHandler              
00001719  TIMG12_IRQHandler             
00001719  TIMG6_IRQHandler              
00001719  TIMG7_IRQHandler              
00001719  TIMG8_IRQHandler              
000016b5  TI_memcpy_small               
00001719  UART0_IRQHandler              
00001719  UART1_IRQHandler              
00001719  UART2_IRQHandler              
00001719  UART3_IRQHandler              
00000839  UART_init                     
20200870  VALIDCODES                    
20208000  __STACK_END                   
00000200  __STACK_SIZE                  
00000800  __SYSMEM_SIZE                 
00000000  __TI_ATRegion0_region_sz      
00000000  __TI_ATRegion0_src_addr       
00000000  __TI_ATRegion0_trg_addr       
00000000  __TI_ATRegion1_region_sz      
00000000  __TI_ATRegion1_src_addr       
00000000  __TI_ATRegion1_trg_addr       
00000000  __TI_ATRegion2_region_sz      
00000000  __TI_ATRegion2_src_addr       
00000000  __TI_ATRegion2_trg_addr       
00001978  __TI_CINIT_Base               
00001988  __TI_CINIT_Limit              
00001988  __TI_CINIT_Warm               
00001964  __TI_Handler_Table_Base       
00001970  __TI_Handler_Table_Limit      
0000145d  __TI_auto_init_nobinit_nopinit
000010f5  __TI_decompress_lzss          
000016c7  __TI_decompress_none          
ffffffff  __TI_pprof_out_hndl           
ffffffff  __TI_prof_data_size           
ffffffff  __TI_prof_data_start          
00000000  __TI_static_base__            
0000169f  __TI_zero_init_nomemset       
000000cb  __adddf3                      
00001399  __aeabi_d2uiz                 
000000cb  __aeabi_dadd                  
000000c1  __aeabi_dsub                  
00000253  __aeabi_idiv0                 
00001711  __aeabi_memcpy                
00001711  __aeabi_memcpy4               
00001711  __aeabi_memcpy8               
0000158d  __aeabi_ui2d                  
000013dd  __aeabi_uidiv                 
000013dd  __aeabi_uidivmod              
ffffffff  __binit__                     
00001399  __fixunsdfsi                  
0000158d  __floatunsidf                 
UNDEFED   __mpu_init                    
20207e00  __stack                       
20200000  __start___llvm_prf_bits       
20200000  __start___llvm_prf_cnts       
20200000  __stop___llvm_prf_bits        
20200000  __stop___llvm_prf_cnts        
000000c1  __subdf3                      
00001565  _c_int00_noargs               
2020089c  _lock                         
000013db  _nop                          
20200000  _sys_memory                   
UNDEFED   _system_post_cinit            
00001725  _system_pre_init              
202008a0  _unlock                       
00001729  abort                         
000012a5  admin                         
0000053d  aligned_alloc                 
ffffffff  binit                         
00001079  checkIfValid                  
000016d9  clock_delay                   
000003d5  clock_init_40mhz              
000017cc  dip_switch_config_data        
0000134d  dipsw_init                    
00001635  dipsw_read_pos1               
00001790  enable_controls               
202008a4  g_bus_clock_freq              
202008a9  g_pb1_pressed                 
202008aa  g_pb2_pressed                 
000016f9  get_bus_clock_freq            
0000141d  hex_to_ascii                  
0000166d  hex_to_lcd                    
0000185c  iic_config_data               
00000000  interruptVectors              
2020088c  keycodes                      
0000090d  keypad_init                   
00000ed5  keypad_input                  
00000ff1  keypad_scan                   
000017fc  kp_col_config_data            
0000182c  kp_row_config_data            
00001499  launchpad_gpio_init           
00000aad  lcd1602_init                  
00000b71  lcd1602_write                 
000016e9  lcd_clear                     
000015d5  lcd_set_ddram_addr            
000015f5  lcd_set_display_on            
00001687  lcd_write_char                
000015b1  lcd_write_string              
00001730  led_config_data               
00000d99  led_init                      
000009dd  leds_off                      
00000255  main                          
00001705  malloc                        
0000053d  memalign                      
00001509  msec_delay                    
000014d1  padPress                      
00000ced  read_keyrow_data              
00000651  seg7_init                     
00001171  seg7_off                      
000012f9  string_to_uint16              
00001615  wait_no_key_pressed           
0000075d  write_keycol_data             


GLOBAL SYMBOLS: SORTED BY Symbol Address 

address   name                          
-------   ----                          
00000000  __TI_ATRegion0_region_sz      
00000000  __TI_ATRegion0_src_addr       
00000000  __TI_ATRegion0_trg_addr       
00000000  __TI_ATRegion1_region_sz      
00000000  __TI_ATRegion1_src_addr       
00000000  __TI_ATRegion1_trg_addr       
00000000  __TI_ATRegion2_region_sz      
00000000  __TI_ATRegion2_src_addr       
00000000  __TI_ATRegion2_trg_addr       
00000000  __TI_static_base__            
00000000  interruptVectors              
000000c1  __aeabi_dsub                  
000000c1  __subdf3                      
000000cb  __adddf3                      
000000cb  __aeabi_dadd                  
00000200  __STACK_SIZE                  
00000253  __aeabi_idiv0                 
00000255  main                          
000003d5  clock_init_40mhz              
0000053d  aligned_alloc                 
0000053d  memalign                      
00000651  seg7_init                     
0000075d  write_keycol_data             
00000800  __SYSMEM_SIZE                 
00000839  UART_init                     
0000090d  keypad_init                   
000009dd  leds_off                      
00000aad  lcd1602_init                  
00000b71  lcd1602_write                 
00000c31  I2C_init                      
00000ced  read_keyrow_data              
00000d99  led_init                      
00000e41  I2C_send1                     
00000ed5  keypad_input                  
00000f65  GROUP1_IRQHandler             
00000ff1  keypad_scan                   
00001079  checkIfValid                  
000010f5  __TI_decompress_lzss          
00001171  seg7_off                      
000012a5  admin                         
000012f9  string_to_uint16              
0000134d  dipsw_init                    
00001399  __aeabi_d2uiz                 
00001399  __fixunsdfsi                  
000013db  _nop                          
000013dd  __aeabi_uidiv                 
000013dd  __aeabi_uidivmod              
0000141d  hex_to_ascii                  
0000145d  __TI_auto_init_nobinit_nopinit
00001499  launchpad_gpio_init           
000014d1  padPress                      
00001509  msec_delay                    
00001565  _c_int00_noargs               
0000158d  __aeabi_ui2d                  
0000158d  __floatunsidf                 
000015b1  lcd_write_string              
000015d5  lcd_set_ddram_addr            
000015f5  lcd_set_display_on            
00001615  wait_no_key_pressed           
00001635  dipsw_read_pos1               
0000166d  hex_to_lcd                    
00001687  lcd_write_char                
0000169f  __TI_zero_init_nomemset       
000016b5  TI_memcpy_small               
000016c7  __TI_decompress_none          
000016d9  clock_delay                   
000016e9  lcd_clear                     
000016f9  get_bus_clock_freq            
00001705  malloc                        
00001711  __aeabi_memcpy                
00001711  __aeabi_memcpy4               
00001711  __aeabi_memcpy8               
00001719  ADC0_IRQHandler               
00001719  ADC1_IRQHandler               
00001719  AES_IRQHandler                
00001719  CANFD0_IRQHandler             
00001719  DAC0_IRQHandler               
00001719  DMA_IRQHandler                
00001719  Default_Handler               
00001719  GROUP0_IRQHandler             
00001719  I2C0_IRQHandler               
00001719  I2C1_IRQHandler               
00001719  NMI_Handler                   
00001719  PendSV_Handler                
00001719  RTC_IRQHandler                
00001719  SPI0_IRQHandler               
00001719  SPI1_IRQHandler               
00001719  SVC_Handler                   
00001719  SysTick_Handler               
00001719  TIMA0_IRQHandler              
00001719  TIMA1_IRQHandler              
00001719  TIMG0_IRQHandler              
00001719  TIMG12_IRQHandler             
00001719  TIMG6_IRQHandler              
00001719  TIMG7_IRQHandler              
00001719  TIMG8_IRQHandler              
00001719  UART0_IRQHandler              
00001719  UART1_IRQHandler              
00001719  UART2_IRQHandler              
00001719  UART3_IRQHandler              
0000171d  HardFault_Handler             
00001721  Reset_Handler                 
00001725  _system_pre_init              
00001728  C$$EXIT                       
00001729  abort                         
00001730  led_config_data               
00001790  enable_controls               
000017cc  dip_switch_config_data        
000017fc  kp_col_config_data            
0000182c  kp_row_config_data            
0000185c  iic_config_data               
00001964  __TI_Handler_Table_Base       
00001970  __TI_Handler_Table_Limit      
00001978  __TI_CINIT_Base               
00001988  __TI_CINIT_Limit              
00001988  __TI_CINIT_Warm               
20200000  __start___llvm_prf_bits       
20200000  __start___llvm_prf_cnts       
20200000  __stop___llvm_prf_bits        
20200000  __stop___llvm_prf_cnts        
20200000  _sys_memory                   
20200800  EMPLOYEE_NAMES                
20200870  VALIDCODES                    
2020088c  keycodes                      
2020089c  _lock                         
202008a0  _unlock                       
202008a4  g_bus_clock_freq              
202008a9  g_pb1_pressed                 
202008aa  g_pb2_pressed                 
20207e00  __stack                       
20208000  __STACK_END                   
ffffffff  __TI_pprof_out_hndl           
ffffffff  __TI_prof_data_size           
ffffffff  __TI_prof_data_start          
ffffffff  __binit__                     
ffffffff  binit                         
UNDEFED   __mpu_init                    
UNDEFED   _system_post_cinit            

[138 symbols]
