******************************************************************************
            TI ARM Clang Linker Unix v4.0.0                    
******************************************************************************
>> Linked Wed May  7 16:35:42 2025

OUTPUT FILE NAME:   <mainprogram.out>
ENTRY POINT SYMBOL: "_c_int00_noargs"  address: 00002f39


MEMORY CONFIGURATION

         name            origin    length      used     unused   attr    fill
----------------------  --------  ---------  --------  --------  ----  --------
  FLASH                 00000000   00020000  000035a8  0001ca58  R  X
  SRAM                  20200000   00008000  00000ab5  0000754b  RW X
  BCR_CONFIG            41c00000   00000080  00000000  00000080  R   
  BSL_CONFIG            41c00100   00000080  00000000  00000080  R   


SEGMENT ALLOCATION MAP

run origin  load origin   length   init length attrs members
----------  ----------- ---------- ----------- ----- -------
00000000    00000000    00003218   00003218    r-x
  00000000    00000000    000000c0   000000c0    r-- .intvecs
  000000c0    000000c0    00003158   00003158    r-x .text
00003220    00003220    00000390   00000390    r--
  00003220    00003220    000002c0   000002c0    r-- .rodata
  000034e0    000034e0    000000d0   000000d0    r-- .cinit
20200000    20200000    000008b8   00000000    rw-
  20200000    20200000    00000800   00000000    rw- .sysmem
  20200800    20200800    000000b1   00000000    rw- .data
  202008b4    202008b4    00000004   00000000    rw- .bss
20207e00    20207e00    00000200   00000000    rw-
  20207e00    20207e00    00000200   00000000    rw- .stack


SECTION ALLOCATION MAP

 output                                  attributes/
section   page    origin      length       input sections
--------  ----  ----------  ----------   ----------------
.intvecs   0    00000000    000000c0     
                  00000000    000000c0     startup_mspm0g3507_ticlang.o (.intvecs)

.text      0    000000c0    00003158     
                  000000c0    000009d0     libc.a : _printfi.c.obj (.text:__TI_printfi)
                  00000a90    00000220            : _printfi.c.obj (.text._pconv_a)
                  00000cb0    000001dc            : _printfi.c.obj (.text._pconv_g)
                  00000e8c    00000198     main.o (.text.main)
                  00001024    00000192     libclang_rt.builtins.a : adddf3.S.obj (.text.adddf3_subdf3)
                  000011b6    00000002                            : aeabi_div0.c.obj (.text.__aeabi_idiv0)
                  000011b8    00000168     clock.o (.text.clock_init_40mhz)
                  00001320    0000013c     libc.a : _printfi.c.obj (.text.fcvt)
                  0000145c    00000120            : _printfi.c.obj (.text._pconv_e)
                  0000157c    00000114            : memory.c.obj (.text.aligned_alloc)
                  00001690    0000010c     libclang_rt.builtins.a : divdf3.S.obj (.text.__divdf3)
                  0000179c    0000010c     LaunchPad.o (.text.seg7_init)
                  000018a8    000000e4     libclang_rt.builtins.a : muldf3.S.obj (.text.__muldf3)
                  0000198c    000000dc     LaunchPad.o (.text.write_keycol_data)
                  00001a68    000000d8     libc.a : s_scalbn.c.obj (.text.scalbn)
                  00001b40    000000d4     uart.o (.text.UART_init)
                  00001c14    000000d0     LaunchPad.o (.text.keypad_init)
                  00001ce4    000000d0     LaunchPad.o (.text.leds_off)
                  00001db4    000000c4     lcd1602.o (.text.lcd1602_init)
                  00001e78    000000c0     lcd1602.o (.text.lcd1602_write)
                  00001f38    000000bc     LaunchPad.o (.text.I2C_init)
                  00001ff4    000000ac     main.o (.text.GROUP1_IRQHandler)
                  000020a0    000000ac     LaunchPad.o (.text.read_keyrow_data)
                  0000214c    000000a8     LaunchPad.o (.text.led_init)
                  000021f4    000000a2     libclang_rt.builtins.a : udivmoddi4.S.obj (.text)
                  00002296    00000002                            : aeabi_div0.c.obj (.text.__aeabi_ldiv0)
                  00002298    00000094     LaunchPad.o (.text.I2C_send1)
                  0000232c    00000090     main.o (.text.keypad_input)
                  000023bc    00000088     LaunchPad.o (.text.keypad_scan)
                  00002444    00000084     main.o (.text.__NVIC_SetPriority)
                  000024c8    0000007c     main.o (.text.checkIfValid)
                  00002544    0000007c     libc.a : copy_decompress_lzss.c.obj (.text:decompress:lzss)
                  000025c0    00000074     libclang_rt.builtins.a : comparedf2.c.obj (.text.__gedf2)
                  00002634    00000074     LaunchPad.o (.text.seg7_off)
                  000026a8    00000068     libclang_rt.builtins.a : comparedf2.c.obj (.text.__ledf2)
                  00002710    00000066     libc.a : _printfi.c.obj (.text._mcpy)
                  00002776    00000002            : _lock.c.obj (.text._nop)
                  00002778    00000064            : memory.c.obj (.text.split)
                  000027dc    00000062     libclang_rt.builtins.a : aeabi_dcmp.S.obj (.text.__aeabi_dcmp)
                  0000283e    00000002     --HOLE-- [fill = 0]
                  00002840    0000005c     LaunchPad.o (.text.I2C_fill_tx_fifo)
                  0000289c    0000005c     libc.a : s_frexp.c.obj (.text.frexp)
                  000028f8    00000058            : _ltoa.c.obj (.text.__TI_ltoa)
                  00002950    00000058            : _printfi.c.obj (.text._pconv_f)
                  000029a8    00000056     libclang_rt.builtins.a : aeabi_idivmod.S.obj (.text.__aeabi_idivmod)
                  000029fe    00000002     --HOLE-- [fill = 0]
                  00002a00    00000054     main.o (.text.admin)
                  00002a54    00000054     main.o (.text.string_to_uint16)
                  00002aa8    00000052     libc.a : _printfi.c.obj (.text._ecpy)
                  00002afa    00000002     --HOLE-- [fill = 0]
                  00002afc    0000004c     LaunchPad.o (.text.dipsw_init)
                  00002b48    0000004a     libclang_rt.builtins.a : fixdfsi.S.obj (.text.__fixdfsi)
                  00002b92    00000002     --HOLE-- [fill = 0]
                  00002b94    00000042                            : fixunsdfsi.S.obj (.text.__fixunsdfsi)
                  00002bd6    00000002     --HOLE-- [fill = 0]
                  00002bd8    00000040                            : aeabi_uidivmod.S.obj (.text.__aeabi_uidivmod)
                  00002c18    00000040     libc.a : atoi.c.obj (.text.atoi)
                  00002c58    0000003e     lcd1602.o (.text.hex_to_ascii)
                  00002c96    0000003c     main.o (.text.msp_printf)
                  00002cd2    00000002     --HOLE-- [fill = 0]
                  00002cd4    0000003c     libc.a : autoinit.c.obj (.text:__TI_auto_init_nobinit_nopinit)
                  00002d10    0000003a     libclang_rt.builtins.a : muldsi3.S.obj (.text.__muldsi3)
                  00002d4a    00000002     --HOLE-- [fill = 0]
                  00002d4c    00000038     LaunchPad.o (.text.launchpad_gpio_init)
                  00002d84    00000038     libc.a : sprintf.c.obj (.text.sprintf)
                  00002dbc    00000036     main.o (.text.padPress)
                  00002df2    00000002     --HOLE-- [fill = 0]
                  00002df4    00000034     main.o (.text.config_up_interrupt)
                  00002e28    00000034     clock.o (.text.msec_delay)
                  00002e5c    00000030     libc.a : _printfi.c.obj (.text._fcpy)
                  00002e8c    0000002c     uart.o (.text.UART_out_char)
                  00002eb8    0000002c     main.o (.text.__NVIC_EnableIRQ)
                  00002ee4    0000002c     libclang_rt.builtins.a : floatsidf.S.obj (.text.__floatsidf)
                  00002f10    00000028     libc.a : memory.c.obj (.text.free_list_insert)
                  00002f38    00000028            : boot_cortex_m.c.obj (.text:_c_int00_noargs)
                  00002f60    00000024     libclang_rt.builtins.a : floatunsidf.S.obj (.text.__floatunsidf)
                  00002f84    00000024                            : muldi3.S.obj (.text.__muldi3)
                  00002fa8    00000024     lcd1602.o (.text.lcd_write_string)
                  00002fcc    00000022     libc.a : memccpy.c.obj (.text.memccpy)
                  00002fee    00000020     lcd1602.o (.text.lcd_set_ddram_addr)
                  0000300e    00000002     --HOLE-- [fill = 0]
                  00003010    00000020     lcd1602.o (.text.lcd_set_display_on)
                  00003030    0000001e     libclang_rt.builtins.a : ashldi3.S.obj (.text.__ashldi3)
                  0000304e    0000001e     LaunchPad.o (.text.wait_no_key_pressed)
                  0000306c    0000001c     libc.a : memory.c.obj (.text.free_list_remove)
                  00003088    0000001a     lcd1602.o (.text.hex_to_lcd)
                  000030a2    00000018     libc.a : sprintf.c.obj (.text._outs)
                  000030ba    00000018     lcd1602.o (.text.lcd_write_char)
                  000030d2    00000002     --HOLE-- [fill = 0]
                  000030d4    00000018     LaunchPad.o (.text.pushButton_init)
                  000030ec    00000016     libc.a : copy_zero_init.c.obj (.text:decompress:ZI:__TI_zero_init_nomemset)
                  00003102    00000002     --HOLE-- [fill = 0]
                  00003104    00000014     libclang_rt.builtins.a : aeabi_uldivmod.S.obj (.text.__aeabi_uldivmod)
                  00003118    00000014     libc.a : _printfi.c.obj (.text.strchr)
                  0000312c    00000012            : memcpy16.S.obj (.text:TI_memcpy_small)
                  0000313e    00000012            : copy_decompress_none.c.obj (.text:decompress:none)
                  00003150    00000010     clock.o (.text.clock_delay)
                  00003160    00000010     libc.a : wcslen.c.obj (.text.wcslen)
                  00003170    0000000e     libclang_rt.builtins.a : aeabi_memset.S.obj (.text.__aeabi_memset)
                  0000317e    0000000e     lcd1602.o (.text.lcd_clear)
                  0000318c    0000000e     libc.a : _printfi.c.obj (.text.strlen)
                  0000319a    0000000e            : memset16.S.obj (.text:TI_memset_small)
                  000031a8    0000000c     clock.o (.text.get_bus_clock_freq)
                  000031b4    0000000c     libc.a : memory.c.obj (.text.malloc)
                  000031c0    0000000a            : _printfi.c.obj (.text.OUTLINED_FUNCTION_0)
                  000031ca    00000002     --HOLE-- [fill = 0]
                  000031cc    00000010     libclang_rt.builtins.a : adddf3.S.obj (.tramp.__aeabi_dsub.1)
                  000031dc    0000000a     libc.a : _printfi.c.obj (.text.OUTLINED_FUNCTION_1)
                  000031e6    0000000a            : sprintf.c.obj (.text._outc)
                  000031f0    00000008            : aeabi_portable.c.obj (.text.__aeabi_errno_addr)
                  000031f8    00000008     libclang_rt.builtins.a : aeabi_memcpy.S.obj (.text.__aeabi_memcpy)
                  00003200    00000004     startup_mspm0g3507_ticlang.o (.text.Default_Handler)
                  00003204    00000004     startup_mspm0g3507_ticlang.o (.text.HardFault_Handler)
                  00003208    00000004     startup_mspm0g3507_ticlang.o (.text.Reset_Handler)
                  0000320c    00000004     libc.a : pre_init.c.obj (.text._system_pre_init)
                  00003210    00000004            : exit.c.obj (.text:abort)
                  00003214    00000004     --HOLE-- [fill = 0]

.cinit     0    000034e0    000000d0     
                  000034e0    000000a8     (.cinit..data.load) [load image, compression = lzss]
                  00003588    0000000c     (__TI_handler_table)
                  00003594    00000008     (.cinit..bss.load) [load image, compression = zero_init]
                  0000359c    00000010     (__TI_cinit_table)
                  000035ac    00000004     --HOLE-- [fill = 0]

.rodata    0    00003220    000002c0     
                  00003220    00000101     libc.a : aeabi_ctype.S.obj (.rodata:__aeabi_ctype_table_)
                  00003321    00000003     --HOLE-- [fill = 0]
                  00003324    00000060     LaunchPad.o (.rodata.led_config_data)
                  00003384    0000003c     LaunchPad.o (.rodata.enable_controls)
                  000033c0    00000030     LaunchPad.o (.rodata.dip_switch_config_data)
                  000033f0    00000030     LaunchPad.o (.rodata.kp_col_config_data)
                  00003420    00000030     LaunchPad.o (.rodata.kp_row_config_data)
                  00003450    00000018     LaunchPad.o (.rodata.iic_config_data)
                  00003468    00000011     libc.a : _printfi.c.obj (.rodata.str1.103488685894817597201)
                  00003479    00000011     main.o (.rodata.str1.128962870563899395191)
                  0000348a    00000011     libc.a : _printfi.c.obj (.rodata.str1.153638888446227384661)
                  0000349b    00000010     main.o (.rodata.str1.157592557656998809351)
                  000034ab    0000000c     main.o (.rodata.str1.182731374899196392841)
                  000034b7    0000000c     main.o (.rodata.str1.58265674741439123291)
                  000034c3    0000000a     main.o (.rodata.str1.164552152177587026401)
                  000034cd    00000009     main.o (.rodata.str1.30235616187663446621)
                  000034d6    00000005     main.o (.rodata.str1.181369900268917052751)
                  000034db    00000005     --HOLE-- [fill = 0]

.init_array 
*          0    00000000    00000000     UNINITIALIZED

.binit     0    00000000    00000000     

.sysmem    0    20200000    00000800     UNINITIALIZED
                  20200000    00000010     libc.a : memory.c.obj (.sysmem)
                  20200010    000007f0     --HOLE--

.data      0    20200800    000000b1     UNINITIALIZED
                  20200800    00000070     main.o (.data.EMPLOYEE_NAMES)
                  20200870    0000001c     main.o (.data.VALIDCODES)
                  2020088c    00000010     LaunchPad.o (.data.keycodes)
                  2020089c    00000004     libc.a : aeabi_portable.c.obj (.data.__aeabi_errno)
                  202008a0    00000004            : _lock.c.obj (.data._lock)
                  202008a4    00000004            : _lock.c.obj (.data._unlock)
                  202008a8    00000004     clock.o (.data.g_bus_clock_freq)
                  202008ac    00000001     lcd1602.o (.data.g_lcd_backlight_mode)
                  202008ad    00000001     main.o (.data.g_pb1_pressed)
                  202008ae    00000001     main.o (.data.g_pb2_pressed)
                  202008af    00000001     main.o (.data.g_up_pressed)
                  202008b0    00000001     libc.a : memory.c.obj (.data.memory_is_initialized)

.bss       0    202008b4    00000004     UNINITIALIZED
                  202008b4    00000004     libc.a : memory.c.obj (.bss.sys_free)

.stack     0    20207e00    00000200     UNINITIALIZED
                  20207e00    00000004     libc.a : boot_cortex_m.c.obj (.stack)
                  20207e04    000001fc     --HOLE--

__llvm_prf_cnts 
*          0    20200000    00000000     UNINITIALIZED

__llvm_prf_bits 
*          0    20200000    00000000     UNINITIALIZED

MODULE SUMMARY

       Module                         code    ro data   rw data
       ------                         ----    -------   -------
    ./
       LaunchPad.o                    2110    324       16     
       main.o                         1358    81        143    
       lcd1602.o                      614     0         1      
       clock.o                        440     0         4      
       uart.o                         256     0         0      
    +--+------------------------------+-------+---------+---------+
       Total:                         4778    405       164    
                                                               
    ./ticlang/
       startup_mspm0g3507_ticlang.o   12      192       0      
    +--+------------------------------+-------+---------+---------+
       Total:                         12      192       0      
                                                               
    /home/sofa/ti/ccstheia151/ccs/tools/compiler/ti-cgt-armllvm_4.0.0.LTS/lib/armv6m-ti-none-eabi/c/libc.a
       _printfi.c.obj                 4510    34        0      
       memory.c.obj                   456     0         5      
       aeabi_ctype.S.obj              0       257       0      
       s_scalbn.c.obj                 216     0         0      
       copy_decompress_lzss.c.obj     124     0         0      
       s_frexp.c.obj                  92      0         0      
       sprintf.c.obj                  90      0         0      
       _ltoa.c.obj                    88      0         0      
       atoi.c.obj                     64      0         0      
       autoinit.c.obj                 60      0         0      
       boot_cortex_m.c.obj            40      0         0      
       memccpy.c.obj                  34      0         0      
       copy_zero_init.c.obj           22      0         0      
       copy_decompress_none.c.obj     18      0         0      
       memcpy16.S.obj                 18      0         0      
       wcslen.c.obj                   16      0         0      
       memset16.S.obj                 14      0         0      
       aeabi_portable.c.obj           8       0         4      
       _lock.c.obj                    2       0         8      
       exit.c.obj                     4       0         0      
       pre_init.c.obj                 4       0         0      
    +--+------------------------------+-------+---------+---------+
       Total:                         5880    291       17     
                                                               
    /home/sofa/ti/ccstheia151/ccs/tools/compiler/ti-cgt-armllvm_4.0.0.LTS/lib/armv6m-ti-none-eabi/libclang_rt.builtins.a
       adddf3.S.obj                   418     0         0      
       divdf3.S.obj                   268     0         0      
       muldf3.S.obj                   228     0         0      
       comparedf2.c.obj               220     0         0      
       udivmoddi4.S.obj               162     0         0      
       aeabi_dcmp.S.obj               98      0         0      
       aeabi_idivmod.S.obj            86      0         0      
       fixdfsi.S.obj                  74      0         0      
       fixunsdfsi.S.obj               66      0         0      
       aeabi_uidivmod.S.obj           64      0         0      
       muldsi3.S.obj                  58      0         0      
       floatsidf.S.obj                44      0         0      
       floatunsidf.S.obj              36      0         0      
       muldi3.S.obj                   36      0         0      
       ashldi3.S.obj                  30      0         0      
       aeabi_uldivmod.S.obj           20      0         0      
       aeabi_memset.S.obj             14      0         0      
       aeabi_memcpy.S.obj             8       0         0      
       aeabi_div0.c.obj               4       0         0      
    +--+------------------------------+-------+---------+---------+
       Total:                         1934    0         0      
                                                               
       Heap:                          0       0         2048   
       Stack:                         0       0         512    
       Linker Generated:              0       204       0      
    +--+------------------------------+-------+---------+---------+
       Grand Total:                   12604   1092      2741   


LINKER GENERATED COPY TABLES

__TI_cinit_table @ 0000359c records: 2, size/record: 8, table size: 16
	.data: load addr=000034e0, load size=000000a8 bytes, run addr=20200800, run size=000000b1 bytes, compression=lzss
	.bss: load addr=00003594, load size=00000008 bytes, run addr=202008b4, run size=00000004 bytes, compression=zero_init


LINKER GENERATED HANDLER TABLE

__TI_handler_table @ 00003588 records: 3, size/record: 4, table size: 12
	index: 0, handler: __TI_decompress_lzss
	index: 1, handler: __TI_decompress_none
	index: 2, handler: __TI_zero_init


FAR CALL TRAMPOLINES

callee name               trampoline name
   callee addr  tramp addr   call addr  call info
--------------  -----------  ---------  ----------------
__aeabi_dsub              $Tramp$TT$L$PI$$__aeabi_dsub
   00001025     000031cc     000031c8   libc.a : _printfi.c.obj (.text.OUTLINED_FUNCTION_0)

[1 trampolines]
[1 trampoline calls]


GLOBAL SYMBOLS: SORTED ALPHABETICALLY BY Name 

address   name                          
-------   ----                          
00003201  ADC0_IRQHandler               
00003201  ADC1_IRQHandler               
00003201  AES_IRQHandler                
00003210  C$$EXIT                       
00003201  CANFD0_IRQHandler             
00003201  DAC0_IRQHandler               
00003201  DMA_IRQHandler                
00003201  Default_Handler               
20200800  EMPLOYEE_NAMES                
00003201  GROUP0_IRQHandler             
00001ff5  GROUP1_IRQHandler             
00003205  HardFault_Handler             
00003201  I2C0_IRQHandler               
00003201  I2C1_IRQHandler               
00001f39  I2C_init                      
00002299  I2C_send1                     
00003201  NMI_Handler                   
00003201  PendSV_Handler                
00003201  RTC_IRQHandler                
00003209  Reset_Handler                 
00003201  SPI0_IRQHandler               
00003201  SPI1_IRQHandler               
00003201  SVC_Handler                   
00003201  SysTick_Handler               
00003201  TIMA0_IRQHandler              
00003201  TIMA1_IRQHandler              
00003201  TIMG0_IRQHandler              
00003201  TIMG12_IRQHandler             
00003201  TIMG6_IRQHandler              
00003201  TIMG7_IRQHandler              
00003201  TIMG8_IRQHandler              
0000312d  TI_memcpy_small               
0000319b  TI_memset_small               
00003201  UART0_IRQHandler              
00003201  UART1_IRQHandler              
00003201  UART2_IRQHandler              
00003201  UART3_IRQHandler              
00001b41  UART_init                     
00002e8d  UART_out_char                 
20200870  VALIDCODES                    
20208000  __STACK_END                   
00000200  __STACK_SIZE                  
00000800  __SYSMEM_SIZE                 
00000000  __TI_ATRegion0_region_sz      
00000000  __TI_ATRegion0_src_addr       
00000000  __TI_ATRegion0_trg_addr       
00000000  __TI_ATRegion1_region_sz      
00000000  __TI_ATRegion1_src_addr       
00000000  __TI_ATRegion1_trg_addr       
00000000  __TI_ATRegion2_region_sz      
00000000  __TI_ATRegion2_src_addr       
00000000  __TI_ATRegion2_trg_addr       
0000359c  __TI_CINIT_Base               
000035ac  __TI_CINIT_Limit              
000035ac  __TI_CINIT_Warm               
00003588  __TI_Handler_Table_Base       
00003594  __TI_Handler_Table_Limit      
00002cd5  __TI_auto_init_nobinit_nopinit
00002545  __TI_decompress_lzss          
0000313f  __TI_decompress_none          
000028f9  __TI_ltoa                     
ffffffff  __TI_pprof_out_hndl           
000000c1  __TI_printfi                  
ffffffff  __TI_prof_data_size           
ffffffff  __TI_prof_data_start          
00000000  __TI_static_base__            
000030ed  __TI_zero_init_nomemset       
0000102f  __adddf3                      
00003220  __aeabi_ctype_table_          
00003220  __aeabi_ctype_table_C         
00002b49  __aeabi_d2iz                  
00002b95  __aeabi_d2uiz                 
0000102f  __aeabi_dadd                  
000027dd  __aeabi_dcmpeq                
00002819  __aeabi_dcmpge                
0000282d  __aeabi_dcmpgt                
00002805  __aeabi_dcmple                
000027f1  __aeabi_dcmplt                
00001691  __aeabi_ddiv                  
000018a9  __aeabi_dmul                  
00001025  __aeabi_dsub                  
2020089c  __aeabi_errno                 
000031f1  __aeabi_errno_addr            
00002ee5  __aeabi_i2d                   
000029a9  __aeabi_idiv                  
000011b7  __aeabi_idiv0                 
000029a9  __aeabi_idivmod               
00002297  __aeabi_ldiv0                 
00003031  __aeabi_llsl                  
00002f85  __aeabi_lmul                  
000031f9  __aeabi_memcpy                
000031f9  __aeabi_memcpy4               
000031f9  __aeabi_memcpy8               
00003171  __aeabi_memset                
00003171  __aeabi_memset4               
00003171  __aeabi_memset8               
00002f61  __aeabi_ui2d                  
00002bd9  __aeabi_uidiv                 
00002bd9  __aeabi_uidivmod              
00003105  __aeabi_uldivmod              
00003031  __ashldi3                     
ffffffff  __binit__                     
000026a9  __cmpdf2                      
00001691  __divdf3                      
000026a9  __eqdf2                       
00002b49  __fixdfsi                     
00002b95  __fixunsdfsi                  
00002ee5  __floatsidf                   
00002f61  __floatunsidf                 
000025c1  __gedf2                       
000025c1  __gtdf2                       
000026a9  __ledf2                       
000026a9  __ltdf2                       
UNDEFED   __mpu_init                    
000018a9  __muldf3                      
00002f85  __muldi3                      
00002d11  __muldsi3                     
000026a9  __nedf2                       
20207e00  __stack                       
20200000  __start___llvm_prf_bits       
20200000  __start___llvm_prf_cnts       
20200000  __stop___llvm_prf_bits        
20200000  __stop___llvm_prf_cnts        
00001025  __subdf3                      
000021f5  __udivmoddi4                  
00002f39  _c_int00_noargs               
202008a0  _lock                         
00002777  _nop                          
20200000  _sys_memory                   
UNDEFED   _system_post_cinit            
0000320d  _system_pre_init              
202008a4  _unlock                       
00003211  abort                         
00002a01  admin                         
0000157d  aligned_alloc                 
00002c19  atoi                          
ffffffff  binit                         
000024c9  checkIfValid                  
00003151  clock_delay                   
000011b9  clock_init_40mhz              
00002df5  config_up_interrupt           
000033c0  dip_switch_config_data        
00002afd  dipsw_init                    
00003384  enable_controls               
0000289d  frexp                         
0000289d  frexpl                        
202008a8  g_bus_clock_freq              
202008ad  g_pb1_pressed                 
202008ae  g_pb2_pressed                 
202008af  g_up_pressed                  
000031a9  get_bus_clock_freq            
00002c59  hex_to_ascii                  
00003089  hex_to_lcd                    
00003450  iic_config_data               
00000000  interruptVectors              
2020088c  keycodes                      
00001c15  keypad_init                   
0000232d  keypad_input                  
000023bd  keypad_scan                   
000033f0  kp_col_config_data            
00003420  kp_row_config_data            
00002d4d  launchpad_gpio_init           
00001db5  lcd1602_init                  
00001e79  lcd1602_write                 
0000317f  lcd_clear                     
00002fef  lcd_set_ddram_addr            
00003011  lcd_set_display_on            
000030bb  lcd_write_char                
00002fa9  lcd_write_string              
00001a69  ldexp                         
00001a69  ldexpl                        
00003324  led_config_data               
0000214d  led_init                      
00001ce5  leds_off                      
00000e8d  main                          
000031b5  malloc                        
0000157d  memalign                      
00002fcd  memccpy                       
00002e29  msec_delay                    
00002c97  msp_printf                    
00002dbd  padPress                      
000030d5  pushButton_init               
000020a1  read_keyrow_data              
00001a69  scalbn                        
00001a69  scalbnl                       
0000179d  seg7_init                     
00002635  seg7_off                      
00002d85  sprintf                       
00002a55  string_to_uint16              
0000304f  wait_no_key_pressed           
00003161  wcslen                        
0000198d  write_keycol_data             


GLOBAL SYMBOLS: SORTED BY Symbol Address 

address   name                          
-------   ----                          
00000000  __TI_ATRegion0_region_sz      
00000000  __TI_ATRegion0_src_addr       
00000000  __TI_ATRegion0_trg_addr       
00000000  __TI_ATRegion1_region_sz      
00000000  __TI_ATRegion1_src_addr       
00000000  __TI_ATRegion1_trg_addr       
00000000  __TI_ATRegion2_region_sz      
00000000  __TI_ATRegion2_src_addr       
00000000  __TI_ATRegion2_trg_addr       
00000000  __TI_static_base__            
00000000  interruptVectors              
000000c1  __TI_printfi                  
00000200  __STACK_SIZE                  
00000800  __SYSMEM_SIZE                 
00000e8d  main                          
00001025  __aeabi_dsub                  
00001025  __subdf3                      
0000102f  __adddf3                      
0000102f  __aeabi_dadd                  
000011b7  __aeabi_idiv0                 
000011b9  clock_init_40mhz              
0000157d  aligned_alloc                 
0000157d  memalign                      
00001691  __aeabi_ddiv                  
00001691  __divdf3                      
0000179d  seg7_init                     
000018a9  __aeabi_dmul                  
000018a9  __muldf3                      
0000198d  write_keycol_data             
00001a69  ldexp                         
00001a69  ldexpl                        
00001a69  scalbn                        
00001a69  scalbnl                       
00001b41  UART_init                     
00001c15  keypad_init                   
00001ce5  leds_off                      
00001db5  lcd1602_init                  
00001e79  lcd1602_write                 
00001f39  I2C_init                      
00001ff5  GROUP1_IRQHandler             
000020a1  read_keyrow_data              
0000214d  led_init                      
000021f5  __udivmoddi4                  
00002297  __aeabi_ldiv0                 
00002299  I2C_send1                     
0000232d  keypad_input                  
000023bd  keypad_scan                   
000024c9  checkIfValid                  
00002545  __TI_decompress_lzss          
000025c1  __gedf2                       
000025c1  __gtdf2                       
00002635  seg7_off                      
000026a9  __cmpdf2                      
000026a9  __eqdf2                       
000026a9  __ledf2                       
000026a9  __ltdf2                       
000026a9  __nedf2                       
00002777  _nop                          
000027dd  __aeabi_dcmpeq                
000027f1  __aeabi_dcmplt                
00002805  __aeabi_dcmple                
00002819  __aeabi_dcmpge                
0000282d  __aeabi_dcmpgt                
0000289d  frexp                         
0000289d  frexpl                        
000028f9  __TI_ltoa                     
000029a9  __aeabi_idiv                  
000029a9  __aeabi_idivmod               
00002a01  admin                         
00002a55  string_to_uint16              
00002afd  dipsw_init                    
00002b49  __aeabi_d2iz                  
00002b49  __fixdfsi                     
00002b95  __aeabi_d2uiz                 
00002b95  __fixunsdfsi                  
00002bd9  __aeabi_uidiv                 
00002bd9  __aeabi_uidivmod              
00002c19  atoi                          
00002c59  hex_to_ascii                  
00002c97  msp_printf                    
00002cd5  __TI_auto_init_nobinit_nopinit
00002d11  __muldsi3                     
00002d4d  launchpad_gpio_init           
00002d85  sprintf                       
00002dbd  padPress                      
00002df5  config_up_interrupt           
00002e29  msec_delay                    
00002e8d  UART_out_char                 
00002ee5  __aeabi_i2d                   
00002ee5  __floatsidf                   
00002f39  _c_int00_noargs               
00002f61  __aeabi_ui2d                  
00002f61  __floatunsidf                 
00002f85  __aeabi_lmul                  
00002f85  __muldi3                      
00002fa9  lcd_write_string              
00002fcd  memccpy                       
00002fef  lcd_set_ddram_addr            
00003011  lcd_set_display_on            
00003031  __aeabi_llsl                  
00003031  __ashldi3                     
0000304f  wait_no_key_pressed           
00003089  hex_to_lcd                    
000030bb  lcd_write_char                
000030d5  pushButton_init               
000030ed  __TI_zero_init_nomemset       
00003105  __aeabi_uldivmod              
0000312d  TI_memcpy_small               
0000313f  __TI_decompress_none          
00003151  clock_delay                   
00003161  wcslen                        
00003171  __aeabi_memset                
00003171  __aeabi_memset4               
00003171  __aeabi_memset8               
0000317f  lcd_clear                     
0000319b  TI_memset_small               
000031a9  get_bus_clock_freq            
000031b5  malloc                        
000031f1  __aeabi_errno_addr            
000031f9  __aeabi_memcpy                
000031f9  __aeabi_memcpy4               
000031f9  __aeabi_memcpy8               
00003201  ADC0_IRQHandler               
00003201  ADC1_IRQHandler               
00003201  AES_IRQHandler                
00003201  CANFD0_IRQHandler             
00003201  DAC0_IRQHandler               
00003201  DMA_IRQHandler                
00003201  Default_Handler               
00003201  GROUP0_IRQHandler             
00003201  I2C0_IRQHandler               
00003201  I2C1_IRQHandler               
00003201  NMI_Handler                   
00003201  PendSV_Handler                
00003201  RTC_IRQHandler                
00003201  SPI0_IRQHandler               
00003201  SPI1_IRQHandler               
00003201  SVC_Handler                   
00003201  SysTick_Handler               
00003201  TIMA0_IRQHandler              
00003201  TIMA1_IRQHandler              
00003201  TIMG0_IRQHandler              
00003201  TIMG12_IRQHandler             
00003201  TIMG6_IRQHandler              
00003201  TIMG7_IRQHandler              
00003201  TIMG8_IRQHandler              
00003201  UART0_IRQHandler              
00003201  UART1_IRQHandler              
00003201  UART2_IRQHandler              
00003201  UART3_IRQHandler              
00003205  HardFault_Handler             
00003209  Reset_Handler                 
0000320d  _system_pre_init              
00003210  C$$EXIT                       
00003211  abort                         
00003220  __aeabi_ctype_table_          
00003220  __aeabi_ctype_table_C         
00003324  led_config_data               
00003384  enable_controls               
000033c0  dip_switch_config_data        
000033f0  kp_col_config_data            
00003420  kp_row_config_data            
00003450  iic_config_data               
00003588  __TI_Handler_Table_Base       
00003594  __TI_Handler_Table_Limit      
0000359c  __TI_CINIT_Base               
000035ac  __TI_CINIT_Limit              
000035ac  __TI_CINIT_Warm               
20200000  __start___llvm_prf_bits       
20200000  __start___llvm_prf_cnts       
20200000  __stop___llvm_prf_bits        
20200000  __stop___llvm_prf_cnts        
20200000  _sys_memory                   
20200800  EMPLOYEE_NAMES                
20200870  VALIDCODES                    
2020088c  keycodes                      
2020089c  __aeabi_errno                 
202008a0  _lock                         
202008a4  _unlock                       
202008a8  g_bus_clock_freq              
202008ad  g_pb1_pressed                 
202008ae  g_pb2_pressed                 
202008af  g_up_pressed                  
20207e00  __stack                       
20208000  __STACK_END                   
ffffffff  __TI_pprof_out_hndl           
ffffffff  __TI_prof_data_size           
ffffffff  __TI_prof_data_start          
ffffffff  __binit__                     
ffffffff  binit                         
UNDEFED   __mpu_init                    
UNDEFED   _system_post_cinit            

[192 symbols]
